ARM GAS  C:\Users\Jesus\AppData\Local\Temp\ccSwd6W6.s 			page 1


   1              		.syntax unified
   2              		.cpu cortex-m0
   3              		.fpu softvfp
   4              		.eabi_attribute 20, 1
   5              		.eabi_attribute 21, 1
   6              		.eabi_attribute 23, 3
   7              		.eabi_attribute 24, 1
   8              		.eabi_attribute 25, 1
   9              		.eabi_attribute 26, 1
  10              		.eabi_attribute 30, 1
  11              		.eabi_attribute 34, 0
  12              		.eabi_attribute 18, 4
  13              		.thumb
  14              		.syntax unified
  15              		.file	"cyfitter_cfg.c"
  16              		.text
  17              	.Ltext0:
  18              		.cfi_sections	.debug_frame
  19              		.section	.text.cfg_write_bytes32,"ax",%progbits
  20              		.align	2
  21              		.code	16
  22              		.thumb_func
  23              		.type	cfg_write_bytes32, %function
  24              	cfg_write_bytes32:
  25              	.LFB3:
  26              		.file 1 "Generated_Source\\PSoC4\\cyfitter_cfg.c"
   1:Generated_Source\PSoC4/cyfitter_cfg.c **** 
   2:Generated_Source\PSoC4/cyfitter_cfg.c **** /*******************************************************************************
   3:Generated_Source\PSoC4/cyfitter_cfg.c **** * File Name: cyfitter_cfg.c
   4:Generated_Source\PSoC4/cyfitter_cfg.c **** * 
   5:Generated_Source\PSoC4/cyfitter_cfg.c **** * PSoC Creator  4.3
   6:Generated_Source\PSoC4/cyfitter_cfg.c **** *
   7:Generated_Source\PSoC4/cyfitter_cfg.c **** * Description:
   8:Generated_Source\PSoC4/cyfitter_cfg.c **** * This file contains device initialization code.
   9:Generated_Source\PSoC4/cyfitter_cfg.c **** * Except for the user defined sections in CyClockStartupError(), this file should not be modified.
  10:Generated_Source\PSoC4/cyfitter_cfg.c **** * This file is automatically generated by PSoC Creator.
  11:Generated_Source\PSoC4/cyfitter_cfg.c **** *
  12:Generated_Source\PSoC4/cyfitter_cfg.c **** ********************************************************************************
  13:Generated_Source\PSoC4/cyfitter_cfg.c **** * Copyright (c) 2007-2019 Cypress Semiconductor.  All rights reserved.
  14:Generated_Source\PSoC4/cyfitter_cfg.c **** * You may use this file only in accordance with the license, terms, conditions, 
  15:Generated_Source\PSoC4/cyfitter_cfg.c **** * disclaimers, and limitations in the end user license agreement accompanying 
  16:Generated_Source\PSoC4/cyfitter_cfg.c **** * the software package with which this file was provided.
  17:Generated_Source\PSoC4/cyfitter_cfg.c **** ********************************************************************************/
  18:Generated_Source\PSoC4/cyfitter_cfg.c **** 
  19:Generated_Source\PSoC4/cyfitter_cfg.c **** #include <string.h>
  20:Generated_Source\PSoC4/cyfitter_cfg.c **** #include "cytypes.h"
  21:Generated_Source\PSoC4/cyfitter_cfg.c **** #include "cydevice_trm.h"
  22:Generated_Source\PSoC4/cyfitter_cfg.c **** #include "cyfitter.h"
  23:Generated_Source\PSoC4/cyfitter_cfg.c **** #include "CyLib.h"
  24:Generated_Source\PSoC4/cyfitter_cfg.c **** #include "CyLFClk.h"
  25:Generated_Source\PSoC4/cyfitter_cfg.c **** #include "cyfitter_cfg.h"
  26:Generated_Source\PSoC4/cyfitter_cfg.c **** #include "cyapicallbacks.h"
  27:Generated_Source\PSoC4/cyfitter_cfg.c **** 
  28:Generated_Source\PSoC4/cyfitter_cfg.c **** 
  29:Generated_Source\PSoC4/cyfitter_cfg.c **** #if defined(__GNUC__) || defined(__ARMCC_VERSION)
  30:Generated_Source\PSoC4/cyfitter_cfg.c ****     #define CYPACKED 
  31:Generated_Source\PSoC4/cyfitter_cfg.c ****     #define CYPACKED_ATTR __attribute__ ((packed))
ARM GAS  C:\Users\Jesus\AppData\Local\Temp\ccSwd6W6.s 			page 2


  32:Generated_Source\PSoC4/cyfitter_cfg.c ****     #define CYALIGNED __attribute__ ((aligned))
  33:Generated_Source\PSoC4/cyfitter_cfg.c ****     #define CY_CFG_UNUSED __attribute__ ((unused))
  34:Generated_Source\PSoC4/cyfitter_cfg.c ****     #ifndef CY_CFG_SECTION
  35:Generated_Source\PSoC4/cyfitter_cfg.c ****         #define CY_CFG_SECTION __attribute__ ((section(".psocinit")))
  36:Generated_Source\PSoC4/cyfitter_cfg.c ****     #endif
  37:Generated_Source\PSoC4/cyfitter_cfg.c ****     
  38:Generated_Source\PSoC4/cyfitter_cfg.c ****     #if defined(__ARMCC_VERSION)
  39:Generated_Source\PSoC4/cyfitter_cfg.c ****         #define CY_CFG_MEMORY_BARRIER() __memory_changed()
  40:Generated_Source\PSoC4/cyfitter_cfg.c ****     #else
  41:Generated_Source\PSoC4/cyfitter_cfg.c ****         #define CY_CFG_MEMORY_BARRIER() __sync_synchronize()
  42:Generated_Source\PSoC4/cyfitter_cfg.c ****     #endif
  43:Generated_Source\PSoC4/cyfitter_cfg.c ****     
  44:Generated_Source\PSoC4/cyfitter_cfg.c **** #elif defined(__ICCARM__)
  45:Generated_Source\PSoC4/cyfitter_cfg.c ****     #include <intrinsics.h>
  46:Generated_Source\PSoC4/cyfitter_cfg.c **** 
  47:Generated_Source\PSoC4/cyfitter_cfg.c ****     #define CYPACKED __packed
  48:Generated_Source\PSoC4/cyfitter_cfg.c ****     #define CYPACKED_ATTR 
  49:Generated_Source\PSoC4/cyfitter_cfg.c ****     #define CYALIGNED _Pragma("data_alignment=4")
  50:Generated_Source\PSoC4/cyfitter_cfg.c ****     #define CY_CFG_UNUSED _Pragma("diag_suppress=Pe177")
  51:Generated_Source\PSoC4/cyfitter_cfg.c ****     #define CY_CFG_SECTION _Pragma("location=\".psocinit\"")
  52:Generated_Source\PSoC4/cyfitter_cfg.c ****     
  53:Generated_Source\PSoC4/cyfitter_cfg.c ****     #define CY_CFG_MEMORY_BARRIER() __DMB()
  54:Generated_Source\PSoC4/cyfitter_cfg.c ****     
  55:Generated_Source\PSoC4/cyfitter_cfg.c **** #else
  56:Generated_Source\PSoC4/cyfitter_cfg.c ****     #error Unsupported toolchain
  57:Generated_Source\PSoC4/cyfitter_cfg.c **** #endif
  58:Generated_Source\PSoC4/cyfitter_cfg.c **** 
  59:Generated_Source\PSoC4/cyfitter_cfg.c **** #ifndef CYCODE
  60:Generated_Source\PSoC4/cyfitter_cfg.c ****     #define CYCODE
  61:Generated_Source\PSoC4/cyfitter_cfg.c **** #endif
  62:Generated_Source\PSoC4/cyfitter_cfg.c **** #ifndef CYDATA
  63:Generated_Source\PSoC4/cyfitter_cfg.c ****     #define CYDATA
  64:Generated_Source\PSoC4/cyfitter_cfg.c **** #endif
  65:Generated_Source\PSoC4/cyfitter_cfg.c **** #ifndef CYFAR
  66:Generated_Source\PSoC4/cyfitter_cfg.c ****     #define CYFAR
  67:Generated_Source\PSoC4/cyfitter_cfg.c **** #endif
  68:Generated_Source\PSoC4/cyfitter_cfg.c **** #ifndef CYXDATA
  69:Generated_Source\PSoC4/cyfitter_cfg.c ****     #define CYXDATA
  70:Generated_Source\PSoC4/cyfitter_cfg.c **** #endif
  71:Generated_Source\PSoC4/cyfitter_cfg.c **** 
  72:Generated_Source\PSoC4/cyfitter_cfg.c **** 
  73:Generated_Source\PSoC4/cyfitter_cfg.c **** CY_CFG_UNUSED
  74:Generated_Source\PSoC4/cyfitter_cfg.c **** static void CYMEMZERO(void *s, size_t n);
  75:Generated_Source\PSoC4/cyfitter_cfg.c **** CY_CFG_UNUSED
  76:Generated_Source\PSoC4/cyfitter_cfg.c **** static void CYMEMZERO(void *s, size_t n)
  77:Generated_Source\PSoC4/cyfitter_cfg.c **** {
  78:Generated_Source\PSoC4/cyfitter_cfg.c **** 	(void)memset(s, 0, n);
  79:Generated_Source\PSoC4/cyfitter_cfg.c **** }
  80:Generated_Source\PSoC4/cyfitter_cfg.c **** CY_CFG_UNUSED
  81:Generated_Source\PSoC4/cyfitter_cfg.c **** static void CYCONFIGCPY(void *dest, const void *src, size_t n);
  82:Generated_Source\PSoC4/cyfitter_cfg.c **** CY_CFG_UNUSED
  83:Generated_Source\PSoC4/cyfitter_cfg.c **** static void CYCONFIGCPY(void *dest, const void *src, size_t n)
  84:Generated_Source\PSoC4/cyfitter_cfg.c **** {
  85:Generated_Source\PSoC4/cyfitter_cfg.c **** 	(void)memcpy(dest, src, n);
  86:Generated_Source\PSoC4/cyfitter_cfg.c **** }
  87:Generated_Source\PSoC4/cyfitter_cfg.c **** CY_CFG_UNUSED
  88:Generated_Source\PSoC4/cyfitter_cfg.c **** static void CYCONFIGCPYCODE(void *dest, const void *src, size_t n);
ARM GAS  C:\Users\Jesus\AppData\Local\Temp\ccSwd6W6.s 			page 3


  89:Generated_Source\PSoC4/cyfitter_cfg.c **** CY_CFG_UNUSED
  90:Generated_Source\PSoC4/cyfitter_cfg.c **** static void CYCONFIGCPYCODE(void *dest, const void *src, size_t n)
  91:Generated_Source\PSoC4/cyfitter_cfg.c **** {
  92:Generated_Source\PSoC4/cyfitter_cfg.c **** 	(void)memcpy(dest, src, n);
  93:Generated_Source\PSoC4/cyfitter_cfg.c **** }
  94:Generated_Source\PSoC4/cyfitter_cfg.c **** 
  95:Generated_Source\PSoC4/cyfitter_cfg.c **** 
  96:Generated_Source\PSoC4/cyfitter_cfg.c **** 
  97:Generated_Source\PSoC4/cyfitter_cfg.c **** 
  98:Generated_Source\PSoC4/cyfitter_cfg.c **** /* Clock startup error codes                                                   */
  99:Generated_Source\PSoC4/cyfitter_cfg.c **** #define CYCLOCKSTART_NO_ERROR    0u
 100:Generated_Source\PSoC4/cyfitter_cfg.c **** #define CYCLOCKSTART_XTAL_ERROR  1u
 101:Generated_Source\PSoC4/cyfitter_cfg.c **** #define CYCLOCKSTART_32KHZ_ERROR 2u
 102:Generated_Source\PSoC4/cyfitter_cfg.c **** #define CYCLOCKSTART_PLL_ERROR   3u
 103:Generated_Source\PSoC4/cyfitter_cfg.c **** #define CYCLOCKSTART_FLL_ERROR   4u
 104:Generated_Source\PSoC4/cyfitter_cfg.c **** #define CYCLOCKSTART_WCO_ERROR   5u
 105:Generated_Source\PSoC4/cyfitter_cfg.c **** 
 106:Generated_Source\PSoC4/cyfitter_cfg.c **** 
 107:Generated_Source\PSoC4/cyfitter_cfg.c **** #ifdef CY_NEED_CYCLOCKSTARTUPERROR
 108:Generated_Source\PSoC4/cyfitter_cfg.c **** /*******************************************************************************
 109:Generated_Source\PSoC4/cyfitter_cfg.c **** * Function Name: CyClockStartupError
 110:Generated_Source\PSoC4/cyfitter_cfg.c **** ********************************************************************************
 111:Generated_Source\PSoC4/cyfitter_cfg.c **** * Summary:
 112:Generated_Source\PSoC4/cyfitter_cfg.c **** *  If an error is encountered during clock configuration (crystal startup error,
 113:Generated_Source\PSoC4/cyfitter_cfg.c **** *  PLL lock error, etc.), the system will end up here.  Unless reimplemented by
 114:Generated_Source\PSoC4/cyfitter_cfg.c **** *  the customer, this function will stop in an infinite loop.
 115:Generated_Source\PSoC4/cyfitter_cfg.c **** *
 116:Generated_Source\PSoC4/cyfitter_cfg.c **** * Parameters:
 117:Generated_Source\PSoC4/cyfitter_cfg.c **** *   void
 118:Generated_Source\PSoC4/cyfitter_cfg.c **** *
 119:Generated_Source\PSoC4/cyfitter_cfg.c **** * Return:
 120:Generated_Source\PSoC4/cyfitter_cfg.c **** *   void
 121:Generated_Source\PSoC4/cyfitter_cfg.c **** *
 122:Generated_Source\PSoC4/cyfitter_cfg.c **** *******************************************************************************/
 123:Generated_Source\PSoC4/cyfitter_cfg.c **** CY_CFG_UNUSED
 124:Generated_Source\PSoC4/cyfitter_cfg.c **** static void CyClockStartupError(uint8 errorCode);
 125:Generated_Source\PSoC4/cyfitter_cfg.c **** CY_CFG_UNUSED
 126:Generated_Source\PSoC4/cyfitter_cfg.c **** static void CyClockStartupError(uint8 errorCode)
 127:Generated_Source\PSoC4/cyfitter_cfg.c **** {
 128:Generated_Source\PSoC4/cyfitter_cfg.c ****     /* To remove the compiler warning if errorCode not used.                */
 129:Generated_Source\PSoC4/cyfitter_cfg.c ****     errorCode = errorCode;
 130:Generated_Source\PSoC4/cyfitter_cfg.c **** 
 131:Generated_Source\PSoC4/cyfitter_cfg.c ****     /* If we have a clock startup error (bad MHz crystal, PLL lock, etc.),  */
 132:Generated_Source\PSoC4/cyfitter_cfg.c ****     /* we will end up here to allow the customer to implement something to  */
 133:Generated_Source\PSoC4/cyfitter_cfg.c ****     /* deal with the clock condition.                                       */
 134:Generated_Source\PSoC4/cyfitter_cfg.c **** 
 135:Generated_Source\PSoC4/cyfitter_cfg.c **** #ifdef CY_CFG_CLOCK_STARTUP_ERROR_CALLBACK
 136:Generated_Source\PSoC4/cyfitter_cfg.c ****     CY_CFG_Clock_Startup_ErrorCallback();
 137:Generated_Source\PSoC4/cyfitter_cfg.c **** #else
 138:Generated_Source\PSoC4/cyfitter_cfg.c ****     /*  If not using CY_CFG_CLOCK_STARTUP_ERROR_CALLBACK, place your clock startup code here. */
 139:Generated_Source\PSoC4/cyfitter_cfg.c ****     /* `#START CyClockStartupError` */
 140:Generated_Source\PSoC4/cyfitter_cfg.c **** 
 141:Generated_Source\PSoC4/cyfitter_cfg.c **** 
 142:Generated_Source\PSoC4/cyfitter_cfg.c **** 
 143:Generated_Source\PSoC4/cyfitter_cfg.c ****     /* `#END` */
 144:Generated_Source\PSoC4/cyfitter_cfg.c **** 
 145:Generated_Source\PSoC4/cyfitter_cfg.c ****     while(1) {}
ARM GAS  C:\Users\Jesus\AppData\Local\Temp\ccSwd6W6.s 			page 4


 146:Generated_Source\PSoC4/cyfitter_cfg.c **** #endif /* CY_CFG_CLOCK_STARTUP_ERROR_CALLBACK */
 147:Generated_Source\PSoC4/cyfitter_cfg.c **** }
 148:Generated_Source\PSoC4/cyfitter_cfg.c **** #endif
 149:Generated_Source\PSoC4/cyfitter_cfg.c **** 
 150:Generated_Source\PSoC4/cyfitter_cfg.c **** #define CY_CFG_BASE_ADDR_COUNT 2u
 151:Generated_Source\PSoC4/cyfitter_cfg.c **** CYPACKED typedef struct
 152:Generated_Source\PSoC4/cyfitter_cfg.c **** {
 153:Generated_Source\PSoC4/cyfitter_cfg.c **** 	uint8 offset;
 154:Generated_Source\PSoC4/cyfitter_cfg.c **** 	uint8 value;
 155:Generated_Source\PSoC4/cyfitter_cfg.c **** } CYPACKED_ATTR cy_cfg_addrvalue_t;
 156:Generated_Source\PSoC4/cyfitter_cfg.c **** 
 157:Generated_Source\PSoC4/cyfitter_cfg.c **** 
 158:Generated_Source\PSoC4/cyfitter_cfg.c **** 
 159:Generated_Source\PSoC4/cyfitter_cfg.c **** /*******************************************************************************
 160:Generated_Source\PSoC4/cyfitter_cfg.c **** * Function Name: cfg_write_bytes32
 161:Generated_Source\PSoC4/cyfitter_cfg.c **** ********************************************************************************
 162:Generated_Source\PSoC4/cyfitter_cfg.c **** * Summary:
 163:Generated_Source\PSoC4/cyfitter_cfg.c **** *  This function is used for setting up the chip configuration areas that
 164:Generated_Source\PSoC4/cyfitter_cfg.c **** *  contain relatively sparse data.
 165:Generated_Source\PSoC4/cyfitter_cfg.c **** *
 166:Generated_Source\PSoC4/cyfitter_cfg.c **** * Parameters:
 167:Generated_Source\PSoC4/cyfitter_cfg.c **** *   void
 168:Generated_Source\PSoC4/cyfitter_cfg.c **** *
 169:Generated_Source\PSoC4/cyfitter_cfg.c **** * Return:
 170:Generated_Source\PSoC4/cyfitter_cfg.c **** *   void
 171:Generated_Source\PSoC4/cyfitter_cfg.c **** *
 172:Generated_Source\PSoC4/cyfitter_cfg.c **** *******************************************************************************/
 173:Generated_Source\PSoC4/cyfitter_cfg.c **** static void cfg_write_bytes32(const uint32 addr_table[], const cy_cfg_addrvalue_t data_table[]);
 174:Generated_Source\PSoC4/cyfitter_cfg.c **** static void cfg_write_bytes32(const uint32 addr_table[], const cy_cfg_addrvalue_t data_table[])
 175:Generated_Source\PSoC4/cyfitter_cfg.c **** {
  27              		.loc 1 175 0
  28              		.cfi_startproc
  29              		@ args = 0, pretend = 0, frame = 0
  30              		@ frame_needed = 0, uses_anonymous_args = 0
  31              	.LVL0:
  32 0000 F0B5     		push	{r4, r5, r6, r7, lr}
  33              		.cfi_def_cfa_offset 20
  34              		.cfi_offset 4, -20
  35              		.cfi_offset 5, -16
  36              		.cfi_offset 6, -12
  37              		.cfi_offset 7, -8
  38              		.cfi_offset 14, -4
  39              	.LVL1:
 176:Generated_Source\PSoC4/cyfitter_cfg.c **** 	/* For 32-bit little-endian architectures */
 177:Generated_Source\PSoC4/cyfitter_cfg.c **** 	uint32 i, j = 0u;
  40              		.loc 1 177 0
  41 0002 0025     		movs	r5, #0
 178:Generated_Source\PSoC4/cyfitter_cfg.c **** 	for (i = 0u; i < CY_CFG_BASE_ADDR_COUNT; i++)
  42              		.loc 1 178 0
  43 0004 0027     		movs	r7, #0
  44 0006 11E0     		b	.L2
  45              	.LVL2:
  46              	.L5:
  47              	.LBB2:
 179:Generated_Source\PSoC4/cyfitter_cfg.c **** 	{
 180:Generated_Source\PSoC4/cyfitter_cfg.c **** 		uint32 baseAddr = addr_table[i];
  48              		.loc 1 180 0
ARM GAS  C:\Users\Jesus\AppData\Local\Temp\ccSwd6W6.s 			page 5


  49 0008 BB00     		lsls	r3, r7, #2
  50 000a C658     		ldr	r6, [r0, r3]
  51              	.LVL3:
 181:Generated_Source\PSoC4/cyfitter_cfg.c **** 		uint8 count = (uint8)baseAddr;
  52              		.loc 1 181 0
  53 000c F3B2     		uxtb	r3, r6
  54              	.LVL4:
 182:Generated_Source\PSoC4/cyfitter_cfg.c **** 		baseAddr &= 0xFFFFFF00u;
  55              		.loc 1 182 0
  56 000e FF22     		movs	r2, #255
  57 0010 9643     		bics	r6, r2
  58              	.LVL5:
 183:Generated_Source\PSoC4/cyfitter_cfg.c **** 		while (count != 0u)
  59              		.loc 1 183 0
  60 0012 08E0     		b	.L3
  61              	.L4:
 184:Generated_Source\PSoC4/cyfitter_cfg.c **** 		{
 185:Generated_Source\PSoC4/cyfitter_cfg.c **** 			CY_SET_REG8((void *)(baseAddr + data_table[j].offset), data_table[j].value);
  62              		.loc 1 185 0
  63 0014 6A00     		lsls	r2, r5, #1
  64 0016 8A18     		adds	r2, r1, r2
  65 0018 1478     		ldrb	r4, [r2]
  66 001a A419     		adds	r4, r4, r6
  67 001c 5278     		ldrb	r2, [r2, #1]
  68 001e 2270     		strb	r2, [r4]
 186:Generated_Source\PSoC4/cyfitter_cfg.c **** 			j++;
  69              		.loc 1 186 0
  70 0020 0135     		adds	r5, r5, #1
  71              	.LVL6:
 187:Generated_Source\PSoC4/cyfitter_cfg.c **** 			count--;
  72              		.loc 1 187 0
  73 0022 013B     		subs	r3, r3, #1
  74              	.LVL7:
  75 0024 DBB2     		uxtb	r3, r3
  76              	.LVL8:
  77              	.L3:
 183:Generated_Source\PSoC4/cyfitter_cfg.c **** 		{
  78              		.loc 1 183 0
  79 0026 002B     		cmp	r3, #0
  80 0028 F4D1     		bne	.L4
  81              	.LBE2:
 178:Generated_Source\PSoC4/cyfitter_cfg.c **** 	{
  82              		.loc 1 178 0 discriminator 2
  83 002a 0137     		adds	r7, r7, #1
  84              	.LVL9:
  85              	.L2:
 178:Generated_Source\PSoC4/cyfitter_cfg.c **** 	{
  86              		.loc 1 178 0 is_stmt 0 discriminator 1
  87 002c 012F     		cmp	r7, #1
  88 002e EBD9     		bls	.L5
 188:Generated_Source\PSoC4/cyfitter_cfg.c **** 		}
 189:Generated_Source\PSoC4/cyfitter_cfg.c **** 	}
 190:Generated_Source\PSoC4/cyfitter_cfg.c **** }
  89              		.loc 1 190 0 is_stmt 1
  90              		@ sp needed
  91              	.LVL10:
  92              	.LVL11:
ARM GAS  C:\Users\Jesus\AppData\Local\Temp\ccSwd6W6.s 			page 6


  93 0030 F0BD     		pop	{r4, r5, r6, r7, pc}
  94              		.cfi_endproc
  95              	.LFE3:
  96              		.size	cfg_write_bytes32, .-cfg_write_bytes32
  97 0032 C046     		.section	.text.CYMEMZERO,"ax",%progbits
  98              		.align	2
  99              		.code	16
 100              		.thumb_func
 101              		.type	CYMEMZERO, %function
 102              	CYMEMZERO:
 103              	.LFB0:
  77:Generated_Source\PSoC4/cyfitter_cfg.c **** 	(void)memset(s, 0, n);
 104              		.loc 1 77 0
 105              		.cfi_startproc
 106              		@ args = 0, pretend = 0, frame = 0
 107              		@ frame_needed = 0, uses_anonymous_args = 0
 108              	.LVL12:
 109 0000 10B5     		push	{r4, lr}
 110              		.cfi_def_cfa_offset 8
 111              		.cfi_offset 4, -8
 112              		.cfi_offset 14, -4
 113 0002 0A00     		movs	r2, r1
  78:Generated_Source\PSoC4/cyfitter_cfg.c **** }
 114              		.loc 1 78 0
 115 0004 0021     		movs	r1, #0
 116              	.LVL13:
 117 0006 FFF7FEFF 		bl	memset
 118              	.LVL14:
  79:Generated_Source\PSoC4/cyfitter_cfg.c **** CY_CFG_UNUSED
 119              		.loc 1 79 0
 120              		@ sp needed
 121 000a 10BD     		pop	{r4, pc}
 122              		.cfi_endproc
 123              	.LFE0:
 124              		.size	CYMEMZERO, .-CYMEMZERO
 125              		.section	.psocinit,"ax",%progbits
 126              		.align	2
 127              		.code	16
 128              		.thumb_func
 129              		.type	ClockSetup, %function
 130              	ClockSetup:
 131              	.LFB4:
 191:Generated_Source\PSoC4/cyfitter_cfg.c **** 
 192:Generated_Source\PSoC4/cyfitter_cfg.c **** 
 193:Generated_Source\PSoC4/cyfitter_cfg.c **** /*******************************************************************************
 194:Generated_Source\PSoC4/cyfitter_cfg.c **** * Function Name: ClockSetup
 195:Generated_Source\PSoC4/cyfitter_cfg.c **** ********************************************************************************
 196:Generated_Source\PSoC4/cyfitter_cfg.c **** *
 197:Generated_Source\PSoC4/cyfitter_cfg.c **** * Summary:
 198:Generated_Source\PSoC4/cyfitter_cfg.c **** *   Performs the initialization of all of the clocks in the device based on the
 199:Generated_Source\PSoC4/cyfitter_cfg.c **** *   settings in the Clock tab of the DWR.  This includes enabling the requested
 200:Generated_Source\PSoC4/cyfitter_cfg.c **** *   clocks and setting the necessary dividers to produce the desired frequency. 
 201:Generated_Source\PSoC4/cyfitter_cfg.c **** *
 202:Generated_Source\PSoC4/cyfitter_cfg.c **** * Parameters:
 203:Generated_Source\PSoC4/cyfitter_cfg.c **** *   void
 204:Generated_Source\PSoC4/cyfitter_cfg.c **** *
 205:Generated_Source\PSoC4/cyfitter_cfg.c **** * Return:
ARM GAS  C:\Users\Jesus\AppData\Local\Temp\ccSwd6W6.s 			page 7


 206:Generated_Source\PSoC4/cyfitter_cfg.c **** *   void
 207:Generated_Source\PSoC4/cyfitter_cfg.c **** *
 208:Generated_Source\PSoC4/cyfitter_cfg.c **** *******************************************************************************/
 209:Generated_Source\PSoC4/cyfitter_cfg.c **** static void ClockSetup(void);
 210:Generated_Source\PSoC4/cyfitter_cfg.c **** CY_CFG_SECTION
 211:Generated_Source\PSoC4/cyfitter_cfg.c **** static void ClockSetup(void)
 212:Generated_Source\PSoC4/cyfitter_cfg.c **** {
 132              		.loc 1 212 0
 133              		.cfi_startproc
 134              		@ args = 0, pretend = 0, frame = 0
 135              		@ frame_needed = 0, uses_anonymous_args = 0
 136 0000 70B5     		push	{r4, r5, r6, lr}
 137              		.cfi_def_cfa_offset 16
 138              		.cfi_offset 4, -16
 139              		.cfi_offset 5, -12
 140              		.cfi_offset 6, -8
 141              		.cfi_offset 14, -4
 213:Generated_Source\PSoC4/cyfitter_cfg.c **** 	/* Enable HALF_EN before trimming for the flash accelerator. */
 214:Generated_Source\PSoC4/cyfitter_cfg.c **** 	CY_SET_REG32((void CYXDATA *)(CYREG_CLK_SELECT), (CY_GET_REG32((void *)CYREG_CLK_SELECT) | 0x00040
 142              		.loc 1 214 0
 143 0002 104C     		ldr	r4, .L8
 144 0004 2368     		ldr	r3, [r4]
 145 0006 8025     		movs	r5, #128
 146 0008 ED02     		lsls	r5, r5, #11
 147 000a 2B43     		orrs	r3, r5
 148 000c 2360     		str	r3, [r4]
 215:Generated_Source\PSoC4/cyfitter_cfg.c **** 
 216:Generated_Source\PSoC4/cyfitter_cfg.c **** 	/* Setup and trim IMO based on desired frequency. */
 217:Generated_Source\PSoC4/cyfitter_cfg.c **** 	CySysClkWriteImoFreq(48u);
 149              		.loc 1 217 0
 150 000e 3020     		movs	r0, #48
 151 0010 FFF7FEFF 		bl	CySysClkWriteImoFreq
 152              	.LVL15:
 218:Generated_Source\PSoC4/cyfitter_cfg.c **** 	/* CYDEV_CLK_ILO_CONFIG Starting address: CYDEV_CLK_ILO_CONFIG */
 219:Generated_Source\PSoC4/cyfitter_cfg.c **** 	CY_SET_REG32((void *)(CYREG_CLK_ILO_CONFIG), 0x80000006u);
 153              		.loc 1 219 0
 154 0014 0C4A     		ldr	r2, .L8+4
 155 0016 0D4B     		ldr	r3, .L8+8
 156 0018 1A60     		str	r2, [r3]
 220:Generated_Source\PSoC4/cyfitter_cfg.c **** 
 221:Generated_Source\PSoC4/cyfitter_cfg.c **** 
 222:Generated_Source\PSoC4/cyfitter_cfg.c **** 	/* CYDEV_CLK_SELECT00 Starting address: CYDEV_CLK_SELECT00 */
 223:Generated_Source\PSoC4/cyfitter_cfg.c **** 	CY_SET_REG32((void *)(CYREG_CLK_SELECT03), 0x00000010u);
 157              		.loc 1 223 0
 158 001a 1022     		movs	r2, #16
 159 001c 0C4B     		ldr	r3, .L8+12
 160 001e 1A60     		str	r2, [r3]
 224:Generated_Source\PSoC4/cyfitter_cfg.c **** 
 225:Generated_Source\PSoC4/cyfitter_cfg.c **** 	/* CYDEV_CLK_IMO_CONFIG Starting address: CYDEV_CLK_IMO_CONFIG */
 226:Generated_Source\PSoC4/cyfitter_cfg.c **** 	CY_SET_REG32((void *)(CYREG_CLK_IMO_CONFIG), 0x80000000u);
 161              		.loc 1 226 0
 162 0020 8023     		movs	r3, #128
 163 0022 1B06     		lsls	r3, r3, #24
 164 0024 0B4A     		ldr	r2, .L8+16
 165 0026 1360     		str	r3, [r2]
 227:Generated_Source\PSoC4/cyfitter_cfg.c **** 
 228:Generated_Source\PSoC4/cyfitter_cfg.c **** 	/* CYDEV_CLK_SELECT Starting address: CYDEV_CLK_SELECT */
ARM GAS  C:\Users\Jesus\AppData\Local\Temp\ccSwd6W6.s 			page 8


 229:Generated_Source\PSoC4/cyfitter_cfg.c **** 	CY_SET_REG32((void *)(CYREG_CLK_SELECT), 0x00040000u);
 166              		.loc 1 229 0
 167 0028 2560     		str	r5, [r4]
 230:Generated_Source\PSoC4/cyfitter_cfg.c **** 
 231:Generated_Source\PSoC4/cyfitter_cfg.c **** 	/* CYDEV_CLK_DIVIDER_A00 Starting address: CYDEV_CLK_DIVIDER_A00 */
 232:Generated_Source\PSoC4/cyfitter_cfg.c **** 	CY_SET_REG32((void *)(CYREG_CLK_DIVIDER_A00), 0x80000000u);
 168              		.loc 1 232 0
 169 002a 0B4A     		ldr	r2, .L8+20
 170 002c 1360     		str	r3, [r2]
 233:Generated_Source\PSoC4/cyfitter_cfg.c **** 
 234:Generated_Source\PSoC4/cyfitter_cfg.c **** 	(void)CyIntSetVector(9u, &CySysWdtIsr);
 171              		.loc 1 234 0
 172 002e 0B49     		ldr	r1, .L8+24
 173 0030 0920     		movs	r0, #9
 174 0032 FFF7FEFF 		bl	CyIntSetVector
 175              	.LVL16:
 235:Generated_Source\PSoC4/cyfitter_cfg.c **** 	CyIntEnable(9u);
 176              		.loc 1 235 0
 177 0036 0920     		movs	r0, #9
 178 0038 FFF7FEFF 		bl	CyIntEnable
 179              	.LVL17:
 236:Generated_Source\PSoC4/cyfitter_cfg.c **** 	CY_SET_REG32((void *)(CYREG_WDT_CONFIG), 0x00000000u);
 180              		.loc 1 236 0
 181 003c 0022     		movs	r2, #0
 182 003e 084B     		ldr	r3, .L8+28
 183 0040 1A60     		str	r2, [r3]
 237:Generated_Source\PSoC4/cyfitter_cfg.c **** }
 184              		.loc 1 237 0
 185              		@ sp needed
 186 0042 70BD     		pop	{r4, r5, r6, pc}
 187              	.L9:
 188              		.align	2
 189              	.L8:
 190 0044 00010B40 		.word	1074462976
 191 0048 06000080 		.word	-2147483642
 192 004c 04010B40 		.word	1074462980
 193 0050 0C020240 		.word	1073873420
 194 0054 08010B40 		.word	1074462984
 195 0058 00000240 		.word	1073872896
 196 005c 00000000 		.word	CySysWdtIsr
 197 0060 0C020B40 		.word	1074463244
 198              		.cfi_endproc
 199              	.LFE4:
 200              		.size	ClockSetup, .-ClockSetup
 201              		.align	2
 202              		.global	cyfitter_cfg
 203              		.code	16
 204              		.thumb_func
 205              		.type	cyfitter_cfg, %function
 206              	cyfitter_cfg:
 207              	.LFB6:
 238:Generated_Source\PSoC4/cyfitter_cfg.c **** 
 239:Generated_Source\PSoC4/cyfitter_cfg.c **** 
 240:Generated_Source\PSoC4/cyfitter_cfg.c **** /* Analog API Functions */
 241:Generated_Source\PSoC4/cyfitter_cfg.c **** 
 242:Generated_Source\PSoC4/cyfitter_cfg.c **** 
 243:Generated_Source\PSoC4/cyfitter_cfg.c **** /*******************************************************************************
ARM GAS  C:\Users\Jesus\AppData\Local\Temp\ccSwd6W6.s 			page 9


 244:Generated_Source\PSoC4/cyfitter_cfg.c **** * Function Name: AnalogSetDefault
 245:Generated_Source\PSoC4/cyfitter_cfg.c **** ********************************************************************************
 246:Generated_Source\PSoC4/cyfitter_cfg.c **** *
 247:Generated_Source\PSoC4/cyfitter_cfg.c **** * Summary:
 248:Generated_Source\PSoC4/cyfitter_cfg.c **** *  Sets up the analog portions of the chip to default values based on chip
 249:Generated_Source\PSoC4/cyfitter_cfg.c **** *  configuration options from the project.
 250:Generated_Source\PSoC4/cyfitter_cfg.c **** *
 251:Generated_Source\PSoC4/cyfitter_cfg.c **** * Parameters:
 252:Generated_Source\PSoC4/cyfitter_cfg.c **** *  void
 253:Generated_Source\PSoC4/cyfitter_cfg.c **** *
 254:Generated_Source\PSoC4/cyfitter_cfg.c **** * Return:
 255:Generated_Source\PSoC4/cyfitter_cfg.c **** *  void
 256:Generated_Source\PSoC4/cyfitter_cfg.c **** *
 257:Generated_Source\PSoC4/cyfitter_cfg.c **** *******************************************************************************/
 258:Generated_Source\PSoC4/cyfitter_cfg.c **** static void AnalogSetDefault(void);
 259:Generated_Source\PSoC4/cyfitter_cfg.c **** static void AnalogSetDefault(void)
 260:Generated_Source\PSoC4/cyfitter_cfg.c **** {
 261:Generated_Source\PSoC4/cyfitter_cfg.c **** }
 262:Generated_Source\PSoC4/cyfitter_cfg.c **** 
 263:Generated_Source\PSoC4/cyfitter_cfg.c **** 
 264:Generated_Source\PSoC4/cyfitter_cfg.c **** 
 265:Generated_Source\PSoC4/cyfitter_cfg.c **** 
 266:Generated_Source\PSoC4/cyfitter_cfg.c **** /*******************************************************************************
 267:Generated_Source\PSoC4/cyfitter_cfg.c **** * Function Name: cyfitter_cfg
 268:Generated_Source\PSoC4/cyfitter_cfg.c **** ********************************************************************************
 269:Generated_Source\PSoC4/cyfitter_cfg.c **** * Summary:
 270:Generated_Source\PSoC4/cyfitter_cfg.c **** *  This function is called by the start-up code for the selected device. It
 271:Generated_Source\PSoC4/cyfitter_cfg.c **** *  performs all of the necessary device configuration based on the design
 272:Generated_Source\PSoC4/cyfitter_cfg.c **** *  settings.  This includes settings from the Design Wide Resources (DWR) such
 273:Generated_Source\PSoC4/cyfitter_cfg.c **** *  as Clocks and Pins as well as any component configuration that is necessary.
 274:Generated_Source\PSoC4/cyfitter_cfg.c **** *
 275:Generated_Source\PSoC4/cyfitter_cfg.c **** * Parameters:
 276:Generated_Source\PSoC4/cyfitter_cfg.c **** *   void
 277:Generated_Source\PSoC4/cyfitter_cfg.c **** *
 278:Generated_Source\PSoC4/cyfitter_cfg.c **** * Return:
 279:Generated_Source\PSoC4/cyfitter_cfg.c **** *   void
 280:Generated_Source\PSoC4/cyfitter_cfg.c **** *
 281:Generated_Source\PSoC4/cyfitter_cfg.c **** *******************************************************************************/
 282:Generated_Source\PSoC4/cyfitter_cfg.c **** CY_CFG_SECTION
 283:Generated_Source\PSoC4/cyfitter_cfg.c **** void cyfitter_cfg(void)
 284:Generated_Source\PSoC4/cyfitter_cfg.c **** {
 208              		.loc 1 284 0
 209              		.cfi_startproc
 210              		@ args = 0, pretend = 0, frame = 0
 211              		@ frame_needed = 0, uses_anonymous_args = 0
 212 0064 10B5     		push	{r4, lr}
 213              		.cfi_def_cfa_offset 8
 214              		.cfi_offset 4, -8
 215              		.cfi_offset 14, -4
 285:Generated_Source\PSoC4/cyfitter_cfg.c **** 	/* Disable interrupts by default. Let user enable if/when they want. */
 286:Generated_Source\PSoC4/cyfitter_cfg.c **** 	CyGlobalIntDisable;
 216              		.loc 1 286 0
 217              		.syntax divided
 218              	@ 286 "Generated_Source\PSoC4\cyfitter_cfg.c" 1
 219 0066 72B6     		CPSID   i
 220              	@ 0 "" 2
 287:Generated_Source\PSoC4/cyfitter_cfg.c **** 
ARM GAS  C:\Users\Jesus\AppData\Local\Temp\ccSwd6W6.s 			page 10


 288:Generated_Source\PSoC4/cyfitter_cfg.c **** 	/* Enable the clock in the interrupt controller for the routed interrupts */
 289:Generated_Source\PSoC4/cyfitter_cfg.c **** 	CY_SET_REG8((void *)CYREG_UDB_UDBIF_INT_CLK_CTL, 0x01u);
 221              		.loc 1 289 0
 222              		.thumb
 223              		.syntax unified
 224 0068 0122     		movs	r2, #1
 225 006a 274B     		ldr	r3, .L13
 226 006c 1A70     		strb	r2, [r3]
 227              	.LVL18:
 228              	.LBB3:
 290:Generated_Source\PSoC4/cyfitter_cfg.c **** 	{
 291:Generated_Source\PSoC4/cyfitter_cfg.c **** 		static const uint32 CYCODE cy_cfg_addr_table[] = {
 292:Generated_Source\PSoC4/cyfitter_cfg.c **** 			0x400F4004u, /* Base address: 0x400F4000 Count: 4 */
 293:Generated_Source\PSoC4/cyfitter_cfg.c **** 			0x400F4105u, /* Base address: 0x400F4100 Count: 5 */
 294:Generated_Source\PSoC4/cyfitter_cfg.c **** 		};
 295:Generated_Source\PSoC4/cyfitter_cfg.c **** 
 296:Generated_Source\PSoC4/cyfitter_cfg.c **** 		static const cy_cfg_addrvalue_t CYCODE cy_cfg_data_table[] = {
 297:Generated_Source\PSoC4/cyfitter_cfg.c **** 			{0x6Fu, 0x08u},
 298:Generated_Source\PSoC4/cyfitter_cfg.c **** 			{0x73u, 0x08u},
 299:Generated_Source\PSoC4/cyfitter_cfg.c **** 			{0xDAu, 0x80u},
 300:Generated_Source\PSoC4/cyfitter_cfg.c **** 			{0xDCu, 0x20u},
 301:Generated_Source\PSoC4/cyfitter_cfg.c **** 			{0x03u, 0x08u},
 302:Generated_Source\PSoC4/cyfitter_cfg.c **** 			{0x07u, 0x08u},
 303:Generated_Source\PSoC4/cyfitter_cfg.c **** 			{0x9Fu, 0x08u},
 304:Generated_Source\PSoC4/cyfitter_cfg.c **** 			{0xA7u, 0x08u},
 305:Generated_Source\PSoC4/cyfitter_cfg.c **** 			{0xC0u, 0xC0u},
 306:Generated_Source\PSoC4/cyfitter_cfg.c **** 		};
 307:Generated_Source\PSoC4/cyfitter_cfg.c **** 
 308:Generated_Source\PSoC4/cyfitter_cfg.c **** 
 309:Generated_Source\PSoC4/cyfitter_cfg.c **** 
 310:Generated_Source\PSoC4/cyfitter_cfg.c **** 		CYPACKED typedef struct {
 311:Generated_Source\PSoC4/cyfitter_cfg.c **** 			void CYFAR *address;
 312:Generated_Source\PSoC4/cyfitter_cfg.c **** 			uint16 size;
 313:Generated_Source\PSoC4/cyfitter_cfg.c **** 		} CYPACKED_ATTR cfg_memset_t;
 314:Generated_Source\PSoC4/cyfitter_cfg.c **** 
 315:Generated_Source\PSoC4/cyfitter_cfg.c **** 		static const cfg_memset_t CYCODE cfg_memset_list[] = {
 316:Generated_Source\PSoC4/cyfitter_cfg.c **** 			/* address, size */
 317:Generated_Source\PSoC4/cyfitter_cfg.c **** 			{(void CYFAR *)(CYDEV_UDB_P0_U0_BASE), 1024u},
 318:Generated_Source\PSoC4/cyfitter_cfg.c **** 			{(void CYFAR *)(CYDEV_UDB_DSI0_BASE), 1024u},
 319:Generated_Source\PSoC4/cyfitter_cfg.c **** 		};
 320:Generated_Source\PSoC4/cyfitter_cfg.c **** 
 321:Generated_Source\PSoC4/cyfitter_cfg.c **** 		uint8 CYDATA i;
 322:Generated_Source\PSoC4/cyfitter_cfg.c **** 
 323:Generated_Source\PSoC4/cyfitter_cfg.c **** 		/* Zero out critical memory blocks before beginning configuration */
 324:Generated_Source\PSoC4/cyfitter_cfg.c **** 		for (i = 0u; i < (sizeof(cfg_memset_list)/sizeof(cfg_memset_list[0])); i++)
 229              		.loc 1 324 0
 230 006e 0024     		movs	r4, #0
 231 0070 0FE0     		b	.L11
 232              	.LVL19:
 233              	.L12:
 234              	.LBB4:
 325:Generated_Source\PSoC4/cyfitter_cfg.c **** 		{
 326:Generated_Source\PSoC4/cyfitter_cfg.c **** 			const cfg_memset_t CYCODE * CYDATA ms = &cfg_memset_list[i];
 327:Generated_Source\PSoC4/cyfitter_cfg.c **** 			CYMEMZERO(ms->address, (size_t)(uint32)(ms->size));
 235              		.loc 1 327 0 discriminator 3
 236 0072 2648     		ldr	r0, .L13+4
 237 0074 6200     		lsls	r2, r4, #1
ARM GAS  C:\Users\Jesus\AppData\Local\Temp\ccSwd6W6.s 			page 11


 238 0076 1319     		adds	r3, r2, r4
 239 0078 5900     		lsls	r1, r3, #1
 240 007a 0B00     		movs	r3, r1
 241 007c 4118     		adds	r1, r0, r1
 242 007e 8988     		ldrh	r1, [r1, #4]
 243 0080 1A5A     		ldrh	r2, [r3, r0]
 244 0082 C318     		adds	r3, r0, r3
 245 0084 5888     		ldrh	r0, [r3, #2]
 246 0086 0004     		lsls	r0, r0, #16
 247 0088 1043     		orrs	r0, r2
 248 008a FFF7FEFF 		bl	CYMEMZERO
 249              	.LVL20:
 250              	.LBE4:
 324:Generated_Source\PSoC4/cyfitter_cfg.c **** 		{
 251              		.loc 1 324 0 discriminator 3
 252 008e 0134     		adds	r4, r4, #1
 253              	.LVL21:
 254 0090 E4B2     		uxtb	r4, r4
 255              	.LVL22:
 256              	.L11:
 324:Generated_Source\PSoC4/cyfitter_cfg.c **** 		{
 257              		.loc 1 324 0 is_stmt 0 discriminator 1
 258 0092 012C     		cmp	r4, #1
 259 0094 EDD9     		bls	.L12
 328:Generated_Source\PSoC4/cyfitter_cfg.c **** 		}
 329:Generated_Source\PSoC4/cyfitter_cfg.c **** 
 330:Generated_Source\PSoC4/cyfitter_cfg.c **** 		cfg_write_bytes32(cy_cfg_addr_table, cy_cfg_data_table);
 260              		.loc 1 330 0 is_stmt 1
 261 0096 1D48     		ldr	r0, .L13+4
 262 0098 0100     		movs	r1, r0
 263 009a 0C31     		adds	r1, r1, #12
 264 009c 2030     		adds	r0, r0, #32
 265 009e FFF7FEFF 		bl	cfg_write_bytes32
 266              	.LVL23:
 331:Generated_Source\PSoC4/cyfitter_cfg.c **** 
 332:Generated_Source\PSoC4/cyfitter_cfg.c **** 		/* HSIOM Starting address: CYDEV_HSIOM_BASE */
 333:Generated_Source\PSoC4/cyfitter_cfg.c **** 		CY_SET_REG32((void *)(CYDEV_HSIOM_BASE), 0x0F0F0000u);
 267              		.loc 1 333 0
 268 00a2 1B4A     		ldr	r2, .L13+8
 269 00a4 1B4B     		ldr	r3, .L13+12
 270 00a6 1A60     		str	r2, [r3]
 334:Generated_Source\PSoC4/cyfitter_cfg.c **** 		CY_SET_REG32((void *)(CYREG_HSIOM_PORT_SEL3), 0x0000EE00u);
 271              		.loc 1 334 0
 272 00a8 EE22     		movs	r2, #238
 273 00aa 1202     		lsls	r2, r2, #8
 274 00ac 1A4B     		ldr	r3, .L13+16
 275 00ae 1A60     		str	r2, [r3]
 335:Generated_Source\PSoC4/cyfitter_cfg.c **** 
 336:Generated_Source\PSoC4/cyfitter_cfg.c **** 		/* UDB_PA_0 Starting address: CYDEV_UDB_PA0_BASE */
 337:Generated_Source\PSoC4/cyfitter_cfg.c **** 		CY_SET_REG32((void *)(CYDEV_UDB_PA0_BASE), 0x00990000u);
 276              		.loc 1 337 0
 277 00b0 9923     		movs	r3, #153
 278 00b2 1B04     		lsls	r3, r3, #16
 279 00b4 194A     		ldr	r2, .L13+20
 280 00b6 1360     		str	r3, [r2]
 338:Generated_Source\PSoC4/cyfitter_cfg.c **** 
 339:Generated_Source\PSoC4/cyfitter_cfg.c **** 		/* UDB_PA_1 Starting address: CYDEV_UDB_PA1_BASE */
ARM GAS  C:\Users\Jesus\AppData\Local\Temp\ccSwd6W6.s 			page 12


 340:Generated_Source\PSoC4/cyfitter_cfg.c **** 		CY_SET_REG32((void *)(CYDEV_UDB_PA1_BASE), 0x00990000u);
 281              		.loc 1 340 0
 282 00b8 194A     		ldr	r2, .L13+24
 283 00ba 1360     		str	r3, [r2]
 341:Generated_Source\PSoC4/cyfitter_cfg.c **** 
 342:Generated_Source\PSoC4/cyfitter_cfg.c **** 		/* UDB_PA_2 Starting address: CYDEV_UDB_PA2_BASE */
 343:Generated_Source\PSoC4/cyfitter_cfg.c **** 		CY_SET_REG32((void *)(CYDEV_UDB_PA2_BASE), 0x00990000u);
 284              		.loc 1 343 0
 285 00bc 194A     		ldr	r2, .L13+28
 286 00be 1360     		str	r3, [r2]
 344:Generated_Source\PSoC4/cyfitter_cfg.c **** 
 345:Generated_Source\PSoC4/cyfitter_cfg.c **** 		/* UDB_PA_3 Starting address: CYDEV_UDB_PA3_BASE */
 346:Generated_Source\PSoC4/cyfitter_cfg.c **** 		CY_SET_REG32((void *)(CYDEV_UDB_PA3_BASE), 0x00990000u);
 287              		.loc 1 346 0
 288 00c0 194A     		ldr	r2, .L13+32
 289 00c2 1360     		str	r3, [r2]
 347:Generated_Source\PSoC4/cyfitter_cfg.c **** 
 348:Generated_Source\PSoC4/cyfitter_cfg.c **** 		/* INT_SELECT Starting address: CYDEV_CPUSS_INTR_SELECT */
 349:Generated_Source\PSoC4/cyfitter_cfg.c **** 		CY_SET_REG32((void *)(CYREG_CPUSS_INTR_SELECT), 0x00000005u);
 290              		.loc 1 349 0
 291 00c4 0522     		movs	r2, #5
 292 00c6 194B     		ldr	r3, .L13+36
 293 00c8 1A60     		str	r2, [r3]
 350:Generated_Source\PSoC4/cyfitter_cfg.c **** 
 351:Generated_Source\PSoC4/cyfitter_cfg.c **** 		/* INT_CONFIG Starting address: CYDEV_UDB_INT_CFG */
 352:Generated_Source\PSoC4/cyfitter_cfg.c **** 		CY_SET_REG32((void *)(CYREG_UDB_INT_CFG), 0x00000006u);
 294              		.loc 1 352 0
 295 00ca 0132     		adds	r2, r2, #1
 296 00cc 184B     		ldr	r3, .L13+40
 297 00ce 1A60     		str	r2, [r3]
 353:Generated_Source\PSoC4/cyfitter_cfg.c **** 
 354:Generated_Source\PSoC4/cyfitter_cfg.c **** 		/* Enable digital routing */
 355:Generated_Source\PSoC4/cyfitter_cfg.c **** 		CY_SET_XTND_REG8((void *)CYREG_UDB_UDBIF_BANK_CTL, (uint8)(CY_GET_XTND_REG8((void *)CYREG_UDB_UDB
 298              		.loc 1 355 0
 299 00d0 184A     		ldr	r2, .L13+44
 300 00d2 1178     		ldrb	r1, [r2]
 301 00d4 0623     		movs	r3, #6
 302 00d6 0B43     		orrs	r3, r1
 303 00d8 DBB2     		uxtb	r3, r3
 304 00da 1370     		strb	r3, [r2]
 305              	.LBE3:
 356:Generated_Source\PSoC4/cyfitter_cfg.c **** 	}
 357:Generated_Source\PSoC4/cyfitter_cfg.c **** 
 358:Generated_Source\PSoC4/cyfitter_cfg.c **** 	/* Perform second pass device configuration. These items must be configured in specific order afte
 359:Generated_Source\PSoC4/cyfitter_cfg.c **** 	/* IOPINS0_0 Starting address: CYDEV_PRT0_BASE */
 360:Generated_Source\PSoC4/cyfitter_cfg.c **** 	CY_SET_REG32((void *)(CYDEV_PRT0_BASE), 0x00000050u);
 306              		.loc 1 360 0
 307 00dc 5023     		movs	r3, #80
 308 00de 164A     		ldr	r2, .L13+48
 309 00e0 1360     		str	r3, [r2]
 361:Generated_Source\PSoC4/cyfitter_cfg.c **** 	CY_SET_REG32((void *)(CYREG_PRT0_PC), 0x00186000u);
 310              		.loc 1 361 0
 311 00e2 C321     		movs	r1, #195
 312 00e4 4903     		lsls	r1, r1, #13
 313 00e6 154A     		ldr	r2, .L13+52
 314 00e8 1160     		str	r1, [r2]
 362:Generated_Source\PSoC4/cyfitter_cfg.c **** 	CY_SET_REG32((void *)(CYREG_PRT0_PC2), 0x00000050u);
ARM GAS  C:\Users\Jesus\AppData\Local\Temp\ccSwd6W6.s 			page 13


 315              		.loc 1 362 0
 316 00ea 154A     		ldr	r2, .L13+56
 317 00ec 1360     		str	r3, [r2]
 363:Generated_Source\PSoC4/cyfitter_cfg.c **** 
 364:Generated_Source\PSoC4/cyfitter_cfg.c **** 	/* IOPINS0_1 Starting address: CYDEV_PRT1_BASE */
 365:Generated_Source\PSoC4/cyfitter_cfg.c **** 	CY_SET_REG32((void *)(CYREG_PRT1_PC), 0x00009240u);
 318              		.loc 1 365 0
 319 00ee 154A     		ldr	r2, .L13+60
 320 00f0 154B     		ldr	r3, .L13+64
 321 00f2 1A60     		str	r2, [r3]
 366:Generated_Source\PSoC4/cyfitter_cfg.c **** 
 367:Generated_Source\PSoC4/cyfitter_cfg.c **** 	/* IOPINS0_2 Starting address: CYDEV_PRT2_BASE */
 368:Generated_Source\PSoC4/cyfitter_cfg.c **** 	CY_SET_REG32((void *)(CYREG_PRT2_PC), 0x00249249u);
 322              		.loc 1 368 0
 323 00f4 154A     		ldr	r2, .L13+68
 324 00f6 164B     		ldr	r3, .L13+72
 325 00f8 1A60     		str	r2, [r3]
 369:Generated_Source\PSoC4/cyfitter_cfg.c **** 
 370:Generated_Source\PSoC4/cyfitter_cfg.c **** 	/* IOPINS0_3 Starting address: CYDEV_PRT3_BASE */
 371:Generated_Source\PSoC4/cyfitter_cfg.c **** 	CY_SET_REG32((void *)(CYREG_PRT3_PC), 0x00D80D80u);
 326              		.loc 1 371 0
 327 00fa 164A     		ldr	r2, .L13+76
 328 00fc 164B     		ldr	r3, .L13+80
 329 00fe 1A60     		str	r2, [r3]
 372:Generated_Source\PSoC4/cyfitter_cfg.c **** 
 373:Generated_Source\PSoC4/cyfitter_cfg.c **** 
 374:Generated_Source\PSoC4/cyfitter_cfg.c **** 	/* Setup clocks based on selections from Clock DWR */
 375:Generated_Source\PSoC4/cyfitter_cfg.c **** 	ClockSetup();
 330              		.loc 1 375 0
 331 0100 FFF77EFF 		bl	ClockSetup
 332              	.LVL24:
 376:Generated_Source\PSoC4/cyfitter_cfg.c **** 
 377:Generated_Source\PSoC4/cyfitter_cfg.c **** 	/* Perform basic analog initialization to defaults */
 378:Generated_Source\PSoC4/cyfitter_cfg.c **** 	AnalogSetDefault();
 379:Generated_Source\PSoC4/cyfitter_cfg.c **** 
 380:Generated_Source\PSoC4/cyfitter_cfg.c **** }
 333              		.loc 1 380 0
 334              		@ sp needed
 335              	.LVL25:
 336 0104 10BD     		pop	{r4, pc}
 337              	.L14:
 338 0106 C046     		.align	2
 339              	.L13:
 340 0108 1C700F40 		.word	1074753564
 341 010c 00000000 		.word	.LANCHOR0
 342 0110 00000F0F 		.word	252641280
 343 0114 00000140 		.word	1073807360
 344 0118 0C000140 		.word	1073807372
 345 011c 00500F40 		.word	1074745344
 346 0120 10500F40 		.word	1074745360
 347 0124 20500F40 		.word	1074745376
 348 0128 30500F40 		.word	1074745392
 349 012c 20000040 		.word	1073741856
 350 0130 00800F40 		.word	1074757632
 351 0134 00700F40 		.word	1074753536
 352 0138 00000440 		.word	1074003968
 353 013c 08000440 		.word	1074003976
ARM GAS  C:\Users\Jesus\AppData\Local\Temp\ccSwd6W6.s 			page 14


 354 0140 18000440 		.word	1074003992
 355 0144 40920000 		.word	37440
 356 0148 08010440 		.word	1074004232
 357 014c 49922400 		.word	2396745
 358 0150 08020440 		.word	1074004488
 359 0154 800DD800 		.word	14159232
 360 0158 08030440 		.word	1074004744
 361              		.cfi_endproc
 362              	.LFE6:
 363              		.size	cyfitter_cfg, .-cyfitter_cfg
 364              		.section	.rodata
 365              		.align	2
 366              		.set	.LANCHOR0,. + 0
 367              		.type	cfg_memset_list.4870, %object
 368              		.size	cfg_memset_list.4870, 12
 369              	cfg_memset_list.4870:
 370 0000 00300F40 		.word	1074737152
 371 0004 0004     		.short	1024
 372 0006 00400F40 		.4byte	1074741248
 373 000a 0004     		.short	1024
 374              		.type	cy_cfg_data_table.4865, %object
 375              		.size	cy_cfg_data_table.4865, 18
 376              	cy_cfg_data_table.4865:
 377 000c 6F       		.byte	111
 378 000d 08       		.byte	8
 379 000e 73       		.byte	115
 380 000f 08       		.byte	8
 381 0010 DA       		.byte	-38
 382 0011 80       		.byte	-128
 383 0012 DC       		.byte	-36
 384 0013 20       		.byte	32
 385 0014 03       		.byte	3
 386 0015 08       		.byte	8
 387 0016 07       		.byte	7
 388 0017 08       		.byte	8
 389 0018 9F       		.byte	-97
 390 0019 08       		.byte	8
 391 001a A7       		.byte	-89
 392 001b 08       		.byte	8
 393 001c C0       		.byte	-64
 394 001d C0       		.byte	-64
 395 001e 0000     		.space	2
 396              		.type	cy_cfg_addr_table.4864, %object
 397              		.size	cy_cfg_addr_table.4864, 8
 398              	cy_cfg_addr_table.4864:
 399 0020 04400F40 		.word	1074741252
 400 0024 05410F40 		.word	1074741509
 401              		.text
 402              	.Letext0:
 403              		.file 2 "c:\\program files\\cypress\\psoc creator\\4.3\\psoc creator\\import\\gnu\\arm\\5.4.1\\lib
 404              		.file 3 "Generated_Source\\PSoC4\\cytypes.h"
 405              		.file 4 "Generated_Source\\PSoC4\\CyLib.h"
 406              		.section	.debug_info,"",%progbits
 407              	.Ldebug_info0:
 408 0000 9D030000 		.4byte	0x39d
 409 0004 0400     		.2byte	0x4
 410 0006 00000000 		.4byte	.Ldebug_abbrev0
ARM GAS  C:\Users\Jesus\AppData\Local\Temp\ccSwd6W6.s 			page 15


 411 000a 04       		.byte	0x4
 412 000b 01       		.uleb128 0x1
 413 000c 30010000 		.4byte	.LASF39
 414 0010 0C       		.byte	0xc
 415 0011 B5020000 		.4byte	.LASF40
 416 0015 1D020000 		.4byte	.LASF41
 417 0019 00000000 		.4byte	.Ldebug_ranges0+0
 418 001d 00000000 		.4byte	0
 419 0021 00000000 		.4byte	.Ldebug_line0
 420 0025 02       		.uleb128 0x2
 421 0026 04       		.byte	0x4
 422 0027 05       		.byte	0x5
 423 0028 696E7400 		.ascii	"int\000"
 424 002c 03       		.uleb128 0x3
 425 002d 06000000 		.4byte	.LASF12
 426 0031 02       		.byte	0x2
 427 0032 D8       		.byte	0xd8
 428 0033 37000000 		.4byte	0x37
 429 0037 04       		.uleb128 0x4
 430 0038 04       		.byte	0x4
 431 0039 07       		.byte	0x7
 432 003a F7000000 		.4byte	.LASF0
 433 003e 04       		.uleb128 0x4
 434 003f 08       		.byte	0x8
 435 0040 05       		.byte	0x5
 436 0041 F0010000 		.4byte	.LASF1
 437 0045 04       		.uleb128 0x4
 438 0046 08       		.byte	0x8
 439 0047 04       		.byte	0x4
 440 0048 9D020000 		.4byte	.LASF2
 441 004c 04       		.uleb128 0x4
 442 004d 01       		.byte	0x1
 443 004e 06       		.byte	0x6
 444 004f A9020000 		.4byte	.LASF3
 445 0053 04       		.uleb128 0x4
 446 0054 01       		.byte	0x1
 447 0055 08       		.byte	0x8
 448 0056 99000000 		.4byte	.LASF4
 449 005a 04       		.uleb128 0x4
 450 005b 02       		.byte	0x2
 451 005c 05       		.byte	0x5
 452 005d 75020000 		.4byte	.LASF5
 453 0061 04       		.uleb128 0x4
 454 0062 02       		.byte	0x2
 455 0063 07       		.byte	0x7
 456 0064 DD010000 		.4byte	.LASF6
 457 0068 04       		.uleb128 0x4
 458 0069 04       		.byte	0x4
 459 006a 05       		.byte	0x5
 460 006b 94020000 		.4byte	.LASF7
 461 006f 04       		.uleb128 0x4
 462 0070 04       		.byte	0x4
 463 0071 07       		.byte	0x7
 464 0072 77000000 		.4byte	.LASF8
 465 0076 04       		.uleb128 0x4
 466 0077 08       		.byte	0x8
 467 0078 07       		.byte	0x7
ARM GAS  C:\Users\Jesus\AppData\Local\Temp\ccSwd6W6.s 			page 16


 468 0079 19010000 		.4byte	.LASF9
 469 007d 04       		.uleb128 0x4
 470 007e 04       		.byte	0x4
 471 007f 07       		.byte	0x7
 472 0080 D4010000 		.4byte	.LASF10
 473 0084 05       		.uleb128 0x5
 474 0085 04       		.byte	0x4
 475 0086 04       		.uleb128 0x4
 476 0087 01       		.byte	0x1
 477 0088 08       		.byte	0x8
 478 0089 FE010000 		.4byte	.LASF11
 479 008d 06       		.uleb128 0x6
 480 008e 89000000 		.4byte	.LASF13
 481 0092 03       		.byte	0x3
 482 0093 F701     		.2byte	0x1f7
 483 0095 53000000 		.4byte	0x53
 484 0099 06       		.uleb128 0x6
 485 009a DE000000 		.4byte	.LASF14
 486 009e 03       		.byte	0x3
 487 009f F801     		.2byte	0x1f8
 488 00a1 61000000 		.4byte	0x61
 489 00a5 06       		.uleb128 0x6
 490 00a6 F0000000 		.4byte	.LASF15
 491 00aa 03       		.byte	0x3
 492 00ab F901     		.2byte	0x1f9
 493 00ad 6F000000 		.4byte	0x6f
 494 00b1 04       		.uleb128 0x4
 495 00b2 04       		.byte	0x4
 496 00b3 04       		.byte	0x4
 497 00b4 57000000 		.4byte	.LASF16
 498 00b8 04       		.uleb128 0x4
 499 00b9 08       		.byte	0x8
 500 00ba 04       		.byte	0x4
 501 00bb AE000000 		.4byte	.LASF17
 502 00bf 06       		.uleb128 0x6
 503 00c0 72000000 		.4byte	.LASF18
 504 00c4 03       		.byte	0x3
 505 00c5 A102     		.2byte	0x2a1
 506 00c7 CB000000 		.4byte	0xcb
 507 00cb 07       		.uleb128 0x7
 508 00cc 8D000000 		.4byte	0x8d
 509 00d0 06       		.uleb128 0x6
 510 00d1 00000000 		.4byte	.LASF19
 511 00d5 03       		.byte	0x3
 512 00d6 A302     		.2byte	0x2a3
 513 00d8 DC000000 		.4byte	0xdc
 514 00dc 07       		.uleb128 0x7
 515 00dd A5000000 		.4byte	0xa5
 516 00e1 08       		.uleb128 0x8
 517 00e2 02       		.byte	0x2
 518 00e3 01       		.byte	0x1
 519 00e4 97       		.byte	0x97
 520 00e5 02010000 		.4byte	0x102
 521 00e9 09       		.uleb128 0x9
 522 00ea 16020000 		.4byte	.LASF20
 523 00ee 01       		.byte	0x1
 524 00ef 99       		.byte	0x99
ARM GAS  C:\Users\Jesus\AppData\Local\Temp\ccSwd6W6.s 			page 17


 525 00f0 8D000000 		.4byte	0x8d
 526 00f4 00       		.byte	0
 527 00f5 09       		.uleb128 0x9
 528 00f6 1C000000 		.4byte	.LASF21
 529 00fa 01       		.byte	0x1
 530 00fb 9A       		.byte	0x9a
 531 00fc 8D000000 		.4byte	0x8d
 532 0100 01       		.byte	0x1
 533 0101 00       		.byte	0
 534 0102 03       		.uleb128 0x3
 535 0103 03020000 		.4byte	.LASF22
 536 0107 01       		.byte	0x1
 537 0108 9B       		.byte	0x9b
 538 0109 E1000000 		.4byte	0xe1
 539 010d 0A       		.uleb128 0xa
 540 010e B5000000 		.4byte	.LASF27
 541 0112 01       		.byte	0x1
 542 0113 AE       		.byte	0xae
 543 0114 00000000 		.4byte	.LFB3
 544 0118 32000000 		.4byte	.LFE3-.LFB3
 545 011c 01       		.uleb128 0x1
 546 011d 9C       		.byte	0x9c
 547 011e 7F010000 		.4byte	0x17f
 548 0122 0B       		.uleb128 0xb
 549 0123 D3000000 		.4byte	.LASF23
 550 0127 01       		.byte	0x1
 551 0128 AE       		.byte	0xae
 552 0129 7F010000 		.4byte	0x17f
 553 012d 01       		.uleb128 0x1
 554 012e 50       		.byte	0x50
 555 012f 0B       		.uleb128 0xb
 556 0130 E5000000 		.4byte	.LASF24
 557 0134 01       		.byte	0x1
 558 0135 AE       		.byte	0xae
 559 0136 8A010000 		.4byte	0x18a
 560 013a 01       		.uleb128 0x1
 561 013b 51       		.byte	0x51
 562 013c 0C       		.uleb128 0xc
 563 013d 6900     		.ascii	"i\000"
 564 013f 01       		.byte	0x1
 565 0140 B1       		.byte	0xb1
 566 0141 A5000000 		.4byte	0xa5
 567 0145 00000000 		.4byte	.LLST0
 568 0149 0C       		.uleb128 0xc
 569 014a 6A00     		.ascii	"j\000"
 570 014c 01       		.byte	0x1
 571 014d B1       		.byte	0xb1
 572 014e A5000000 		.4byte	0xa5
 573 0152 1F000000 		.4byte	.LLST1
 574 0156 0D       		.uleb128 0xd
 575 0157 08000000 		.4byte	.LBB2
 576 015b 22000000 		.4byte	.LBE2-.LBB2
 577 015f 0E       		.uleb128 0xe
 578 0160 CB010000 		.4byte	.LASF25
 579 0164 01       		.byte	0x1
 580 0165 B4       		.byte	0xb4
 581 0166 A5000000 		.4byte	0xa5
ARM GAS  C:\Users\Jesus\AppData\Local\Temp\ccSwd6W6.s 			page 18


 582 016a 3E000000 		.4byte	.LLST2
 583 016e 0E       		.uleb128 0xe
 584 016f 22000000 		.4byte	.LASF26
 585 0173 01       		.byte	0x1
 586 0174 B5       		.byte	0xb5
 587 0175 8D000000 		.4byte	0x8d
 588 0179 51000000 		.4byte	.LLST3
 589 017d 00       		.byte	0
 590 017e 00       		.byte	0
 591 017f 0F       		.uleb128 0xf
 592 0180 04       		.byte	0x4
 593 0181 85010000 		.4byte	0x185
 594 0185 10       		.uleb128 0x10
 595 0186 A5000000 		.4byte	0xa5
 596 018a 0F       		.uleb128 0xf
 597 018b 04       		.byte	0x4
 598 018c 90010000 		.4byte	0x190
 599 0190 10       		.uleb128 0x10
 600 0191 02010000 		.4byte	0x102
 601 0195 0A       		.uleb128 0xa
 602 0196 8F000000 		.4byte	.LASF28
 603 019a 01       		.byte	0x1
 604 019b 4C       		.byte	0x4c
 605 019c 00000000 		.4byte	.LFB0
 606 01a0 0C000000 		.4byte	.LFE0-.LFB0
 607 01a4 01       		.uleb128 0x1
 608 01a5 9C       		.byte	0x9c
 609 01a6 E2010000 		.4byte	0x1e2
 610 01aa 11       		.uleb128 0x11
 611 01ab 7300     		.ascii	"s\000"
 612 01ad 01       		.byte	0x1
 613 01ae 4C       		.byte	0x4c
 614 01af 84000000 		.4byte	0x84
 615 01b3 6F000000 		.4byte	.LLST4
 616 01b7 11       		.uleb128 0x11
 617 01b8 6E00     		.ascii	"n\000"
 618 01ba 01       		.byte	0x1
 619 01bb 4C       		.byte	0x4c
 620 01bc 2C000000 		.4byte	0x2c
 621 01c0 90000000 		.4byte	.LLST5
 622 01c4 12       		.uleb128 0x12
 623 01c5 0A000000 		.4byte	.LVL14
 624 01c9 76030000 		.4byte	0x376
 625 01cd 13       		.uleb128 0x13
 626 01ce 01       		.uleb128 0x1
 627 01cf 50       		.byte	0x50
 628 01d0 03       		.uleb128 0x3
 629 01d1 F3       		.byte	0xf3
 630 01d2 01       		.uleb128 0x1
 631 01d3 50       		.byte	0x50
 632 01d4 13       		.uleb128 0x13
 633 01d5 01       		.uleb128 0x1
 634 01d6 51       		.byte	0x51
 635 01d7 01       		.uleb128 0x1
 636 01d8 30       		.byte	0x30
 637 01d9 13       		.uleb128 0x13
 638 01da 01       		.uleb128 0x1
ARM GAS  C:\Users\Jesus\AppData\Local\Temp\ccSwd6W6.s 			page 19


 639 01db 52       		.byte	0x52
 640 01dc 03       		.uleb128 0x3
 641 01dd F3       		.byte	0xf3
 642 01de 01       		.uleb128 0x1
 643 01df 51       		.byte	0x51
 644 01e0 00       		.byte	0
 645 01e1 00       		.byte	0
 646 01e2 0A       		.uleb128 0xa
 647 01e3 28000000 		.4byte	.LASF29
 648 01e7 01       		.byte	0x1
 649 01e8 D3       		.byte	0xd3
 650 01e9 00000000 		.4byte	.LFB4
 651 01ed 64000000 		.4byte	.LFE4-.LFB4
 652 01f1 01       		.uleb128 0x1
 653 01f2 9C       		.byte	0x9c
 654 01f3 2E020000 		.4byte	0x22e
 655 01f7 14       		.uleb128 0x14
 656 01f8 14000000 		.4byte	.LVL15
 657 01fc 7F030000 		.4byte	0x37f
 658 0200 0B020000 		.4byte	0x20b
 659 0204 13       		.uleb128 0x13
 660 0205 01       		.uleb128 0x1
 661 0206 50       		.byte	0x50
 662 0207 02       		.uleb128 0x2
 663 0208 08       		.byte	0x8
 664 0209 30       		.byte	0x30
 665 020a 00       		.byte	0
 666 020b 14       		.uleb128 0x14
 667 020c 36000000 		.4byte	.LVL16
 668 0210 8A030000 		.4byte	0x38a
 669 0214 1E020000 		.4byte	0x21e
 670 0218 13       		.uleb128 0x13
 671 0219 01       		.uleb128 0x1
 672 021a 50       		.byte	0x50
 673 021b 01       		.uleb128 0x1
 674 021c 39       		.byte	0x39
 675 021d 00       		.byte	0
 676 021e 12       		.uleb128 0x12
 677 021f 3C000000 		.4byte	.LVL17
 678 0223 95030000 		.4byte	0x395
 679 0227 13       		.uleb128 0x13
 680 0228 01       		.uleb128 0x1
 681 0229 50       		.byte	0x50
 682 022a 01       		.uleb128 0x1
 683 022b 39       		.byte	0x39
 684 022c 00       		.byte	0
 685 022d 00       		.byte	0
 686 022e 15       		.uleb128 0x15
 687 022f 04010000 		.4byte	.LASF42
 688 0233 01       		.byte	0x1
 689 0234 1B01     		.2byte	0x11b
 690 0236 64000000 		.4byte	.LFB6
 691 023a F8000000 		.4byte	.LFE6-.LFB6
 692 023e 01       		.uleb128 0x1
 693 023f 9C       		.byte	0x9c
 694 0240 4C030000 		.4byte	0x34c
 695 0244 16       		.uleb128 0x16
ARM GAS  C:\Users\Jesus\AppData\Local\Temp\ccSwd6W6.s 			page 20


 696 0245 6E000000 		.4byte	.LBB3
 697 0249 6E000000 		.4byte	.LBE3-.LBB3
 698 024d 42030000 		.4byte	0x342
 699 0251 17       		.uleb128 0x17
 700 0252 33000000 		.4byte	.LASF30
 701 0256 01       		.byte	0x1
 702 0257 2301     		.2byte	0x123
 703 0259 5C030000 		.4byte	0x35c
 704 025d 05       		.uleb128 0x5
 705 025e 03       		.byte	0x3
 706 025f 20000000 		.4byte	cy_cfg_addr_table.4864
 707 0263 17       		.uleb128 0x17
 708 0264 45000000 		.4byte	.LASF31
 709 0268 01       		.byte	0x1
 710 0269 2801     		.2byte	0x128
 711 026b 71030000 		.4byte	0x371
 712 026f 05       		.uleb128 0x5
 713 0270 03       		.byte	0x3
 714 0271 0C000000 		.4byte	cy_cfg_data_table.4865
 715 0275 18       		.uleb128 0x18
 716 0276 06       		.byte	0x6
 717 0277 01       		.byte	0x1
 718 0278 3601     		.2byte	0x136
 719 027a 99020000 		.4byte	0x299
 720 027e 19       		.uleb128 0x19
 721 027f 11010000 		.4byte	.LASF32
 722 0283 01       		.byte	0x1
 723 0284 3701     		.2byte	0x137
 724 0286 84000000 		.4byte	0x84
 725 028a 00       		.byte	0
 726 028b 19       		.uleb128 0x19
 727 028c 6D000000 		.4byte	.LASF33
 728 0290 01       		.byte	0x1
 729 0291 3801     		.2byte	0x138
 730 0293 99000000 		.4byte	0x99
 731 0297 04       		.byte	0x4
 732 0298 00       		.byte	0
 733 0299 06       		.uleb128 0x6
 734 029a BE010000 		.4byte	.LASF34
 735 029e 01       		.byte	0x1
 736 029f 3901     		.2byte	0x139
 737 02a1 75020000 		.4byte	0x275
 738 02a5 1A       		.uleb128 0x1a
 739 02a6 B5020000 		.4byte	0x2b5
 740 02aa B5020000 		.4byte	0x2b5
 741 02ae 1B       		.uleb128 0x1b
 742 02af 7D000000 		.4byte	0x7d
 743 02b3 01       		.byte	0x1
 744 02b4 00       		.byte	0
 745 02b5 10       		.uleb128 0x10
 746 02b6 99020000 		.4byte	0x299
 747 02ba 17       		.uleb128 0x17
 748 02bb 5D000000 		.4byte	.LASF35
 749 02bf 01       		.byte	0x1
 750 02c0 3B01     		.2byte	0x13b
 751 02c2 CC020000 		.4byte	0x2cc
 752 02c6 05       		.uleb128 0x5
ARM GAS  C:\Users\Jesus\AppData\Local\Temp\ccSwd6W6.s 			page 21


 753 02c7 03       		.byte	0x3
 754 02c8 00000000 		.4byte	cfg_memset_list.4870
 755 02cc 10       		.uleb128 0x10
 756 02cd A5020000 		.4byte	0x2a5
 757 02d1 1C       		.uleb128 0x1c
 758 02d2 6900     		.ascii	"i\000"
 759 02d4 01       		.byte	0x1
 760 02d5 4101     		.2byte	0x141
 761 02d7 8D000000 		.4byte	0x8d
 762 02db BC000000 		.4byte	.LLST6
 763 02df 16       		.uleb128 0x16
 764 02e0 72000000 		.4byte	.LBB4
 765 02e4 1C000000 		.4byte	.LBE4-.LBB4
 766 02e8 25030000 		.4byte	0x325
 767 02ec 1C       		.uleb128 0x1c
 768 02ed 6D7300   		.ascii	"ms\000"
 769 02f0 01       		.byte	0x1
 770 02f1 4601     		.2byte	0x146
 771 02f3 FB020000 		.4byte	0x2fb
 772 02f7 E6000000 		.4byte	.LLST7
 773 02fb 0F       		.uleb128 0xf
 774 02fc 04       		.byte	0x4
 775 02fd B5020000 		.4byte	0x2b5
 776 0301 12       		.uleb128 0x12
 777 0302 8E000000 		.4byte	.LVL20
 778 0306 95010000 		.4byte	0x195
 779 030a 13       		.uleb128 0x13
 780 030b 01       		.uleb128 0x1
 781 030c 51       		.byte	0x51
 782 030d 15       		.uleb128 0x15
 783 030e 74       		.byte	0x74
 784 030f 00       		.sleb128 0
 785 0310 31       		.byte	0x31
 786 0311 24       		.byte	0x24
 787 0312 74       		.byte	0x74
 788 0313 00       		.sleb128 0
 789 0314 22       		.byte	0x22
 790 0315 31       		.byte	0x31
 791 0316 24       		.byte	0x24
 792 0317 03       		.byte	0x3
 793 0318 04000000 		.4byte	.LANCHOR0+4
 794 031c 22       		.byte	0x22
 795 031d 94       		.byte	0x94
 796 031e 02       		.byte	0x2
 797 031f 0A       		.byte	0xa
 798 0320 FFFF     		.2byte	0xffff
 799 0322 1A       		.byte	0x1a
 800 0323 00       		.byte	0
 801 0324 00       		.byte	0
 802 0325 12       		.uleb128 0x12
 803 0326 A2000000 		.4byte	.LVL23
 804 032a 0D010000 		.4byte	0x10d
 805 032e 13       		.uleb128 0x13
 806 032f 01       		.uleb128 0x1
 807 0330 50       		.byte	0x50
 808 0331 05       		.uleb128 0x5
 809 0332 03       		.byte	0x3
ARM GAS  C:\Users\Jesus\AppData\Local\Temp\ccSwd6W6.s 			page 22


 810 0333 20000000 		.4byte	.LANCHOR0+32
 811 0337 13       		.uleb128 0x13
 812 0338 01       		.uleb128 0x1
 813 0339 51       		.byte	0x51
 814 033a 05       		.uleb128 0x5
 815 033b 03       		.byte	0x3
 816 033c 0C000000 		.4byte	.LANCHOR0+12
 817 0340 00       		.byte	0
 818 0341 00       		.byte	0
 819 0342 1D       		.uleb128 0x1d
 820 0343 04010000 		.4byte	.LVL24
 821 0347 E2010000 		.4byte	0x1e2
 822 034b 00       		.byte	0
 823 034c 1A       		.uleb128 0x1a
 824 034d 85010000 		.4byte	0x185
 825 0351 5C030000 		.4byte	0x35c
 826 0355 1B       		.uleb128 0x1b
 827 0356 7D000000 		.4byte	0x7d
 828 035a 01       		.byte	0x1
 829 035b 00       		.byte	0
 830 035c 10       		.uleb128 0x10
 831 035d 4C030000 		.4byte	0x34c
 832 0361 1A       		.uleb128 0x1a
 833 0362 90010000 		.4byte	0x190
 834 0366 71030000 		.4byte	0x371
 835 036a 1B       		.uleb128 0x1b
 836 036b 7D000000 		.4byte	0x7d
 837 036f 08       		.byte	0x8
 838 0370 00       		.byte	0
 839 0371 10       		.uleb128 0x10
 840 0372 61030000 		.4byte	0x361
 841 0376 1E       		.uleb128 0x1e
 842 0377 A7000000 		.4byte	.LASF43
 843 037b A7000000 		.4byte	.LASF43
 844 037f 1F       		.uleb128 0x1f
 845 0380 7F020000 		.4byte	.LASF36
 846 0384 7F020000 		.4byte	.LASF36
 847 0388 04       		.byte	0x4
 848 0389 6C       		.byte	0x6c
 849 038a 1F       		.uleb128 0x1f
 850 038b 0D000000 		.4byte	.LASF37
 851 038f 0D000000 		.4byte	.LASF37
 852 0393 04       		.byte	0x4
 853 0394 D0       		.byte	0xd0
 854 0395 1F       		.uleb128 0x1f
 855 0396 C7000000 		.4byte	.LASF38
 856 039a C7000000 		.4byte	.LASF38
 857 039e 04       		.byte	0x4
 858 039f D6       		.byte	0xd6
 859 03a0 00       		.byte	0
 860              		.section	.debug_abbrev,"",%progbits
 861              	.Ldebug_abbrev0:
 862 0000 01       		.uleb128 0x1
 863 0001 11       		.uleb128 0x11
 864 0002 01       		.byte	0x1
 865 0003 25       		.uleb128 0x25
 866 0004 0E       		.uleb128 0xe
ARM GAS  C:\Users\Jesus\AppData\Local\Temp\ccSwd6W6.s 			page 23


 867 0005 13       		.uleb128 0x13
 868 0006 0B       		.uleb128 0xb
 869 0007 03       		.uleb128 0x3
 870 0008 0E       		.uleb128 0xe
 871 0009 1B       		.uleb128 0x1b
 872 000a 0E       		.uleb128 0xe
 873 000b 55       		.uleb128 0x55
 874 000c 17       		.uleb128 0x17
 875 000d 11       		.uleb128 0x11
 876 000e 01       		.uleb128 0x1
 877 000f 10       		.uleb128 0x10
 878 0010 17       		.uleb128 0x17
 879 0011 00       		.byte	0
 880 0012 00       		.byte	0
 881 0013 02       		.uleb128 0x2
 882 0014 24       		.uleb128 0x24
 883 0015 00       		.byte	0
 884 0016 0B       		.uleb128 0xb
 885 0017 0B       		.uleb128 0xb
 886 0018 3E       		.uleb128 0x3e
 887 0019 0B       		.uleb128 0xb
 888 001a 03       		.uleb128 0x3
 889 001b 08       		.uleb128 0x8
 890 001c 00       		.byte	0
 891 001d 00       		.byte	0
 892 001e 03       		.uleb128 0x3
 893 001f 16       		.uleb128 0x16
 894 0020 00       		.byte	0
 895 0021 03       		.uleb128 0x3
 896 0022 0E       		.uleb128 0xe
 897 0023 3A       		.uleb128 0x3a
 898 0024 0B       		.uleb128 0xb
 899 0025 3B       		.uleb128 0x3b
 900 0026 0B       		.uleb128 0xb
 901 0027 49       		.uleb128 0x49
 902 0028 13       		.uleb128 0x13
 903 0029 00       		.byte	0
 904 002a 00       		.byte	0
 905 002b 04       		.uleb128 0x4
 906 002c 24       		.uleb128 0x24
 907 002d 00       		.byte	0
 908 002e 0B       		.uleb128 0xb
 909 002f 0B       		.uleb128 0xb
 910 0030 3E       		.uleb128 0x3e
 911 0031 0B       		.uleb128 0xb
 912 0032 03       		.uleb128 0x3
 913 0033 0E       		.uleb128 0xe
 914 0034 00       		.byte	0
 915 0035 00       		.byte	0
 916 0036 05       		.uleb128 0x5
 917 0037 0F       		.uleb128 0xf
 918 0038 00       		.byte	0
 919 0039 0B       		.uleb128 0xb
 920 003a 0B       		.uleb128 0xb
 921 003b 00       		.byte	0
 922 003c 00       		.byte	0
 923 003d 06       		.uleb128 0x6
ARM GAS  C:\Users\Jesus\AppData\Local\Temp\ccSwd6W6.s 			page 24


 924 003e 16       		.uleb128 0x16
 925 003f 00       		.byte	0
 926 0040 03       		.uleb128 0x3
 927 0041 0E       		.uleb128 0xe
 928 0042 3A       		.uleb128 0x3a
 929 0043 0B       		.uleb128 0xb
 930 0044 3B       		.uleb128 0x3b
 931 0045 05       		.uleb128 0x5
 932 0046 49       		.uleb128 0x49
 933 0047 13       		.uleb128 0x13
 934 0048 00       		.byte	0
 935 0049 00       		.byte	0
 936 004a 07       		.uleb128 0x7
 937 004b 35       		.uleb128 0x35
 938 004c 00       		.byte	0
 939 004d 49       		.uleb128 0x49
 940 004e 13       		.uleb128 0x13
 941 004f 00       		.byte	0
 942 0050 00       		.byte	0
 943 0051 08       		.uleb128 0x8
 944 0052 13       		.uleb128 0x13
 945 0053 01       		.byte	0x1
 946 0054 0B       		.uleb128 0xb
 947 0055 0B       		.uleb128 0xb
 948 0056 3A       		.uleb128 0x3a
 949 0057 0B       		.uleb128 0xb
 950 0058 3B       		.uleb128 0x3b
 951 0059 0B       		.uleb128 0xb
 952 005a 01       		.uleb128 0x1
 953 005b 13       		.uleb128 0x13
 954 005c 00       		.byte	0
 955 005d 00       		.byte	0
 956 005e 09       		.uleb128 0x9
 957 005f 0D       		.uleb128 0xd
 958 0060 00       		.byte	0
 959 0061 03       		.uleb128 0x3
 960 0062 0E       		.uleb128 0xe
 961 0063 3A       		.uleb128 0x3a
 962 0064 0B       		.uleb128 0xb
 963 0065 3B       		.uleb128 0x3b
 964 0066 0B       		.uleb128 0xb
 965 0067 49       		.uleb128 0x49
 966 0068 13       		.uleb128 0x13
 967 0069 38       		.uleb128 0x38
 968 006a 0B       		.uleb128 0xb
 969 006b 00       		.byte	0
 970 006c 00       		.byte	0
 971 006d 0A       		.uleb128 0xa
 972 006e 2E       		.uleb128 0x2e
 973 006f 01       		.byte	0x1
 974 0070 03       		.uleb128 0x3
 975 0071 0E       		.uleb128 0xe
 976 0072 3A       		.uleb128 0x3a
 977 0073 0B       		.uleb128 0xb
 978 0074 3B       		.uleb128 0x3b
 979 0075 0B       		.uleb128 0xb
 980 0076 27       		.uleb128 0x27
ARM GAS  C:\Users\Jesus\AppData\Local\Temp\ccSwd6W6.s 			page 25


 981 0077 19       		.uleb128 0x19
 982 0078 11       		.uleb128 0x11
 983 0079 01       		.uleb128 0x1
 984 007a 12       		.uleb128 0x12
 985 007b 06       		.uleb128 0x6
 986 007c 40       		.uleb128 0x40
 987 007d 18       		.uleb128 0x18
 988 007e 9742     		.uleb128 0x2117
 989 0080 19       		.uleb128 0x19
 990 0081 01       		.uleb128 0x1
 991 0082 13       		.uleb128 0x13
 992 0083 00       		.byte	0
 993 0084 00       		.byte	0
 994 0085 0B       		.uleb128 0xb
 995 0086 05       		.uleb128 0x5
 996 0087 00       		.byte	0
 997 0088 03       		.uleb128 0x3
 998 0089 0E       		.uleb128 0xe
 999 008a 3A       		.uleb128 0x3a
 1000 008b 0B       		.uleb128 0xb
 1001 008c 3B       		.uleb128 0x3b
 1002 008d 0B       		.uleb128 0xb
 1003 008e 49       		.uleb128 0x49
 1004 008f 13       		.uleb128 0x13
 1005 0090 02       		.uleb128 0x2
 1006 0091 18       		.uleb128 0x18
 1007 0092 00       		.byte	0
 1008 0093 00       		.byte	0
 1009 0094 0C       		.uleb128 0xc
 1010 0095 34       		.uleb128 0x34
 1011 0096 00       		.byte	0
 1012 0097 03       		.uleb128 0x3
 1013 0098 08       		.uleb128 0x8
 1014 0099 3A       		.uleb128 0x3a
 1015 009a 0B       		.uleb128 0xb
 1016 009b 3B       		.uleb128 0x3b
 1017 009c 0B       		.uleb128 0xb
 1018 009d 49       		.uleb128 0x49
 1019 009e 13       		.uleb128 0x13
 1020 009f 02       		.uleb128 0x2
 1021 00a0 17       		.uleb128 0x17
 1022 00a1 00       		.byte	0
 1023 00a2 00       		.byte	0
 1024 00a3 0D       		.uleb128 0xd
 1025 00a4 0B       		.uleb128 0xb
 1026 00a5 01       		.byte	0x1
 1027 00a6 11       		.uleb128 0x11
 1028 00a7 01       		.uleb128 0x1
 1029 00a8 12       		.uleb128 0x12
 1030 00a9 06       		.uleb128 0x6
 1031 00aa 00       		.byte	0
 1032 00ab 00       		.byte	0
 1033 00ac 0E       		.uleb128 0xe
 1034 00ad 34       		.uleb128 0x34
 1035 00ae 00       		.byte	0
 1036 00af 03       		.uleb128 0x3
 1037 00b0 0E       		.uleb128 0xe
ARM GAS  C:\Users\Jesus\AppData\Local\Temp\ccSwd6W6.s 			page 26


 1038 00b1 3A       		.uleb128 0x3a
 1039 00b2 0B       		.uleb128 0xb
 1040 00b3 3B       		.uleb128 0x3b
 1041 00b4 0B       		.uleb128 0xb
 1042 00b5 49       		.uleb128 0x49
 1043 00b6 13       		.uleb128 0x13
 1044 00b7 02       		.uleb128 0x2
 1045 00b8 17       		.uleb128 0x17
 1046 00b9 00       		.byte	0
 1047 00ba 00       		.byte	0
 1048 00bb 0F       		.uleb128 0xf
 1049 00bc 0F       		.uleb128 0xf
 1050 00bd 00       		.byte	0
 1051 00be 0B       		.uleb128 0xb
 1052 00bf 0B       		.uleb128 0xb
 1053 00c0 49       		.uleb128 0x49
 1054 00c1 13       		.uleb128 0x13
 1055 00c2 00       		.byte	0
 1056 00c3 00       		.byte	0
 1057 00c4 10       		.uleb128 0x10
 1058 00c5 26       		.uleb128 0x26
 1059 00c6 00       		.byte	0
 1060 00c7 49       		.uleb128 0x49
 1061 00c8 13       		.uleb128 0x13
 1062 00c9 00       		.byte	0
 1063 00ca 00       		.byte	0
 1064 00cb 11       		.uleb128 0x11
 1065 00cc 05       		.uleb128 0x5
 1066 00cd 00       		.byte	0
 1067 00ce 03       		.uleb128 0x3
 1068 00cf 08       		.uleb128 0x8
 1069 00d0 3A       		.uleb128 0x3a
 1070 00d1 0B       		.uleb128 0xb
 1071 00d2 3B       		.uleb128 0x3b
 1072 00d3 0B       		.uleb128 0xb
 1073 00d4 49       		.uleb128 0x49
 1074 00d5 13       		.uleb128 0x13
 1075 00d6 02       		.uleb128 0x2
 1076 00d7 17       		.uleb128 0x17
 1077 00d8 00       		.byte	0
 1078 00d9 00       		.byte	0
 1079 00da 12       		.uleb128 0x12
 1080 00db 898201   		.uleb128 0x4109
 1081 00de 01       		.byte	0x1
 1082 00df 11       		.uleb128 0x11
 1083 00e0 01       		.uleb128 0x1
 1084 00e1 31       		.uleb128 0x31
 1085 00e2 13       		.uleb128 0x13
 1086 00e3 00       		.byte	0
 1087 00e4 00       		.byte	0
 1088 00e5 13       		.uleb128 0x13
 1089 00e6 8A8201   		.uleb128 0x410a
 1090 00e9 00       		.byte	0
 1091 00ea 02       		.uleb128 0x2
 1092 00eb 18       		.uleb128 0x18
 1093 00ec 9142     		.uleb128 0x2111
 1094 00ee 18       		.uleb128 0x18
ARM GAS  C:\Users\Jesus\AppData\Local\Temp\ccSwd6W6.s 			page 27


 1095 00ef 00       		.byte	0
 1096 00f0 00       		.byte	0
 1097 00f1 14       		.uleb128 0x14
 1098 00f2 898201   		.uleb128 0x4109
 1099 00f5 01       		.byte	0x1
 1100 00f6 11       		.uleb128 0x11
 1101 00f7 01       		.uleb128 0x1
 1102 00f8 31       		.uleb128 0x31
 1103 00f9 13       		.uleb128 0x13
 1104 00fa 01       		.uleb128 0x1
 1105 00fb 13       		.uleb128 0x13
 1106 00fc 00       		.byte	0
 1107 00fd 00       		.byte	0
 1108 00fe 15       		.uleb128 0x15
 1109 00ff 2E       		.uleb128 0x2e
 1110 0100 01       		.byte	0x1
 1111 0101 3F       		.uleb128 0x3f
 1112 0102 19       		.uleb128 0x19
 1113 0103 03       		.uleb128 0x3
 1114 0104 0E       		.uleb128 0xe
 1115 0105 3A       		.uleb128 0x3a
 1116 0106 0B       		.uleb128 0xb
 1117 0107 3B       		.uleb128 0x3b
 1118 0108 05       		.uleb128 0x5
 1119 0109 27       		.uleb128 0x27
 1120 010a 19       		.uleb128 0x19
 1121 010b 11       		.uleb128 0x11
 1122 010c 01       		.uleb128 0x1
 1123 010d 12       		.uleb128 0x12
 1124 010e 06       		.uleb128 0x6
 1125 010f 40       		.uleb128 0x40
 1126 0110 18       		.uleb128 0x18
 1127 0111 9742     		.uleb128 0x2117
 1128 0113 19       		.uleb128 0x19
 1129 0114 01       		.uleb128 0x1
 1130 0115 13       		.uleb128 0x13
 1131 0116 00       		.byte	0
 1132 0117 00       		.byte	0
 1133 0118 16       		.uleb128 0x16
 1134 0119 0B       		.uleb128 0xb
 1135 011a 01       		.byte	0x1
 1136 011b 11       		.uleb128 0x11
 1137 011c 01       		.uleb128 0x1
 1138 011d 12       		.uleb128 0x12
 1139 011e 06       		.uleb128 0x6
 1140 011f 01       		.uleb128 0x1
 1141 0120 13       		.uleb128 0x13
 1142 0121 00       		.byte	0
 1143 0122 00       		.byte	0
 1144 0123 17       		.uleb128 0x17
 1145 0124 34       		.uleb128 0x34
 1146 0125 00       		.byte	0
 1147 0126 03       		.uleb128 0x3
 1148 0127 0E       		.uleb128 0xe
 1149 0128 3A       		.uleb128 0x3a
 1150 0129 0B       		.uleb128 0xb
 1151 012a 3B       		.uleb128 0x3b
ARM GAS  C:\Users\Jesus\AppData\Local\Temp\ccSwd6W6.s 			page 28


 1152 012b 05       		.uleb128 0x5
 1153 012c 49       		.uleb128 0x49
 1154 012d 13       		.uleb128 0x13
 1155 012e 02       		.uleb128 0x2
 1156 012f 18       		.uleb128 0x18
 1157 0130 00       		.byte	0
 1158 0131 00       		.byte	0
 1159 0132 18       		.uleb128 0x18
 1160 0133 13       		.uleb128 0x13
 1161 0134 01       		.byte	0x1
 1162 0135 0B       		.uleb128 0xb
 1163 0136 0B       		.uleb128 0xb
 1164 0137 3A       		.uleb128 0x3a
 1165 0138 0B       		.uleb128 0xb
 1166 0139 3B       		.uleb128 0x3b
 1167 013a 05       		.uleb128 0x5
 1168 013b 01       		.uleb128 0x1
 1169 013c 13       		.uleb128 0x13
 1170 013d 00       		.byte	0
 1171 013e 00       		.byte	0
 1172 013f 19       		.uleb128 0x19
 1173 0140 0D       		.uleb128 0xd
 1174 0141 00       		.byte	0
 1175 0142 03       		.uleb128 0x3
 1176 0143 0E       		.uleb128 0xe
 1177 0144 3A       		.uleb128 0x3a
 1178 0145 0B       		.uleb128 0xb
 1179 0146 3B       		.uleb128 0x3b
 1180 0147 05       		.uleb128 0x5
 1181 0148 49       		.uleb128 0x49
 1182 0149 13       		.uleb128 0x13
 1183 014a 38       		.uleb128 0x38
 1184 014b 0B       		.uleb128 0xb
 1185 014c 00       		.byte	0
 1186 014d 00       		.byte	0
 1187 014e 1A       		.uleb128 0x1a
 1188 014f 01       		.uleb128 0x1
 1189 0150 01       		.byte	0x1
 1190 0151 49       		.uleb128 0x49
 1191 0152 13       		.uleb128 0x13
 1192 0153 01       		.uleb128 0x1
 1193 0154 13       		.uleb128 0x13
 1194 0155 00       		.byte	0
 1195 0156 00       		.byte	0
 1196 0157 1B       		.uleb128 0x1b
 1197 0158 21       		.uleb128 0x21
 1198 0159 00       		.byte	0
 1199 015a 49       		.uleb128 0x49
 1200 015b 13       		.uleb128 0x13
 1201 015c 2F       		.uleb128 0x2f
 1202 015d 0B       		.uleb128 0xb
 1203 015e 00       		.byte	0
 1204 015f 00       		.byte	0
 1205 0160 1C       		.uleb128 0x1c
 1206 0161 34       		.uleb128 0x34
 1207 0162 00       		.byte	0
 1208 0163 03       		.uleb128 0x3
ARM GAS  C:\Users\Jesus\AppData\Local\Temp\ccSwd6W6.s 			page 29


 1209 0164 08       		.uleb128 0x8
 1210 0165 3A       		.uleb128 0x3a
 1211 0166 0B       		.uleb128 0xb
 1212 0167 3B       		.uleb128 0x3b
 1213 0168 05       		.uleb128 0x5
 1214 0169 49       		.uleb128 0x49
 1215 016a 13       		.uleb128 0x13
 1216 016b 02       		.uleb128 0x2
 1217 016c 17       		.uleb128 0x17
 1218 016d 00       		.byte	0
 1219 016e 00       		.byte	0
 1220 016f 1D       		.uleb128 0x1d
 1221 0170 898201   		.uleb128 0x4109
 1222 0173 00       		.byte	0
 1223 0174 11       		.uleb128 0x11
 1224 0175 01       		.uleb128 0x1
 1225 0176 31       		.uleb128 0x31
 1226 0177 13       		.uleb128 0x13
 1227 0178 00       		.byte	0
 1228 0179 00       		.byte	0
 1229 017a 1E       		.uleb128 0x1e
 1230 017b 2E       		.uleb128 0x2e
 1231 017c 00       		.byte	0
 1232 017d 3F       		.uleb128 0x3f
 1233 017e 19       		.uleb128 0x19
 1234 017f 3C       		.uleb128 0x3c
 1235 0180 19       		.uleb128 0x19
 1236 0181 6E       		.uleb128 0x6e
 1237 0182 0E       		.uleb128 0xe
 1238 0183 03       		.uleb128 0x3
 1239 0184 0E       		.uleb128 0xe
 1240 0185 00       		.byte	0
 1241 0186 00       		.byte	0
 1242 0187 1F       		.uleb128 0x1f
 1243 0188 2E       		.uleb128 0x2e
 1244 0189 00       		.byte	0
 1245 018a 3F       		.uleb128 0x3f
 1246 018b 19       		.uleb128 0x19
 1247 018c 3C       		.uleb128 0x3c
 1248 018d 19       		.uleb128 0x19
 1249 018e 6E       		.uleb128 0x6e
 1250 018f 0E       		.uleb128 0xe
 1251 0190 03       		.uleb128 0x3
 1252 0191 0E       		.uleb128 0xe
 1253 0192 3A       		.uleb128 0x3a
 1254 0193 0B       		.uleb128 0xb
 1255 0194 3B       		.uleb128 0x3b
 1256 0195 0B       		.uleb128 0xb
 1257 0196 00       		.byte	0
 1258 0197 00       		.byte	0
 1259 0198 00       		.byte	0
 1260              		.section	.debug_loc,"",%progbits
 1261              	.Ldebug_loc0:
 1262              	.LLST0:
 1263 0000 02000000 		.4byte	.LVL1
 1264 0004 08000000 		.4byte	.LVL2
 1265 0008 0200     		.2byte	0x2
ARM GAS  C:\Users\Jesus\AppData\Local\Temp\ccSwd6W6.s 			page 30


 1266 000a 30       		.byte	0x30
 1267 000b 9F       		.byte	0x9f
 1268 000c 08000000 		.4byte	.LVL2
 1269 0010 30000000 		.4byte	.LVL11
 1270 0014 0100     		.2byte	0x1
 1271 0016 57       		.byte	0x57
 1272 0017 00000000 		.4byte	0
 1273 001b 00000000 		.4byte	0
 1274              	.LLST1:
 1275 001f 02000000 		.4byte	.LVL1
 1276 0023 08000000 		.4byte	.LVL2
 1277 0027 0200     		.2byte	0x2
 1278 0029 30       		.byte	0x30
 1279 002a 9F       		.byte	0x9f
 1280 002b 08000000 		.4byte	.LVL2
 1281 002f 30000000 		.4byte	.LVL10
 1282 0033 0100     		.2byte	0x1
 1283 0035 55       		.byte	0x55
 1284 0036 00000000 		.4byte	0
 1285 003a 00000000 		.4byte	0
 1286              	.LLST2:
 1287 003e 0C000000 		.4byte	.LVL3
 1288 0042 2C000000 		.4byte	.LVL9
 1289 0046 0100     		.2byte	0x1
 1290 0048 56       		.byte	0x56
 1291 0049 00000000 		.4byte	0
 1292 004d 00000000 		.4byte	0
 1293              	.LLST3:
 1294 0051 0E000000 		.4byte	.LVL4
 1295 0055 24000000 		.4byte	.LVL7
 1296 0059 0100     		.2byte	0x1
 1297 005b 53       		.byte	0x53
 1298 005c 26000000 		.4byte	.LVL8
 1299 0060 2C000000 		.4byte	.LVL9
 1300 0064 0100     		.2byte	0x1
 1301 0066 53       		.byte	0x53
 1302 0067 00000000 		.4byte	0
 1303 006b 00000000 		.4byte	0
 1304              	.LLST4:
 1305 006f 00000000 		.4byte	.LVL12
 1306 0073 09000000 		.4byte	.LVL14-1
 1307 0077 0100     		.2byte	0x1
 1308 0079 50       		.byte	0x50
 1309 007a 09000000 		.4byte	.LVL14-1
 1310 007e 0C000000 		.4byte	.LFE0
 1311 0082 0400     		.2byte	0x4
 1312 0084 F3       		.byte	0xf3
 1313 0085 01       		.uleb128 0x1
 1314 0086 50       		.byte	0x50
 1315 0087 9F       		.byte	0x9f
 1316 0088 00000000 		.4byte	0
 1317 008c 00000000 		.4byte	0
 1318              	.LLST5:
 1319 0090 00000000 		.4byte	.LVL12
 1320 0094 06000000 		.4byte	.LVL13
 1321 0098 0100     		.2byte	0x1
 1322 009a 51       		.byte	0x51
ARM GAS  C:\Users\Jesus\AppData\Local\Temp\ccSwd6W6.s 			page 31


 1323 009b 06000000 		.4byte	.LVL13
 1324 009f 09000000 		.4byte	.LVL14-1
 1325 00a3 0100     		.2byte	0x1
 1326 00a5 52       		.byte	0x52
 1327 00a6 09000000 		.4byte	.LVL14-1
 1328 00aa 0C000000 		.4byte	.LFE0
 1329 00ae 0400     		.2byte	0x4
 1330 00b0 F3       		.byte	0xf3
 1331 00b1 01       		.uleb128 0x1
 1332 00b2 51       		.byte	0x51
 1333 00b3 9F       		.byte	0x9f
 1334 00b4 00000000 		.4byte	0
 1335 00b8 00000000 		.4byte	0
 1336              	.LLST6:
 1337 00bc 6E000000 		.4byte	.LVL18
 1338 00c0 72000000 		.4byte	.LVL19
 1339 00c4 0200     		.2byte	0x2
 1340 00c6 30       		.byte	0x30
 1341 00c7 9F       		.byte	0x9f
 1342 00c8 72000000 		.4byte	.LVL19
 1343 00cc 90000000 		.4byte	.LVL21
 1344 00d0 0100     		.2byte	0x1
 1345 00d2 54       		.byte	0x54
 1346 00d3 92000000 		.4byte	.LVL22
 1347 00d7 04010000 		.4byte	.LVL25
 1348 00db 0100     		.2byte	0x1
 1349 00dd 54       		.byte	0x54
 1350 00de 00000000 		.4byte	0
 1351 00e2 00000000 		.4byte	0
 1352              	.LLST7:
 1353 00e6 72000000 		.4byte	.LVL19
 1354 00ea 90000000 		.4byte	.LVL21
 1355 00ee 0B00     		.2byte	0xb
 1356 00f0 74       		.byte	0x74
 1357 00f1 00       		.sleb128 0
 1358 00f2 36       		.byte	0x36
 1359 00f3 1E       		.byte	0x1e
 1360 00f4 03       		.byte	0x3
 1361 00f5 00000000 		.4byte	cfg_memset_list.4870
 1362 00f9 22       		.byte	0x22
 1363 00fa 9F       		.byte	0x9f
 1364 00fb 90000000 		.4byte	.LVL21
 1365 00ff 92000000 		.4byte	.LVL22
 1366 0103 0B00     		.2byte	0xb
 1367 0105 74       		.byte	0x74
 1368 0106 7F       		.sleb128 -1
 1369 0107 36       		.byte	0x36
 1370 0108 1E       		.byte	0x1e
 1371 0109 03       		.byte	0x3
 1372 010a 00000000 		.4byte	cfg_memset_list.4870
 1373 010e 22       		.byte	0x22
 1374 010f 9F       		.byte	0x9f
 1375 0110 00000000 		.4byte	0
 1376 0114 00000000 		.4byte	0
 1377              		.section	.debug_aranges,"",%progbits
 1378 0000 34000000 		.4byte	0x34
 1379 0004 0200     		.2byte	0x2
ARM GAS  C:\Users\Jesus\AppData\Local\Temp\ccSwd6W6.s 			page 32


 1380 0006 00000000 		.4byte	.Ldebug_info0
 1381 000a 04       		.byte	0x4
 1382 000b 00       		.byte	0
 1383 000c 0000     		.2byte	0
 1384 000e 0000     		.2byte	0
 1385 0010 00000000 		.4byte	.LFB3
 1386 0014 32000000 		.4byte	.LFE3-.LFB3
 1387 0018 00000000 		.4byte	.LFB0
 1388 001c 0C000000 		.4byte	.LFE0-.LFB0
 1389 0020 00000000 		.4byte	.LFB4
 1390 0024 64000000 		.4byte	.LFE4-.LFB4
 1391 0028 64000000 		.4byte	.LFB6
 1392 002c F8000000 		.4byte	.LFE6-.LFB6
 1393 0030 00000000 		.4byte	0
 1394 0034 00000000 		.4byte	0
 1395              		.section	.debug_ranges,"",%progbits
 1396              	.Ldebug_ranges0:
 1397 0000 00000000 		.4byte	.LFB3
 1398 0004 32000000 		.4byte	.LFE3
 1399 0008 00000000 		.4byte	.LFB0
 1400 000c 0C000000 		.4byte	.LFE0
 1401 0010 00000000 		.4byte	.LFB4
 1402 0014 64000000 		.4byte	.LFE4
 1403 0018 64000000 		.4byte	.LFB6
 1404 001c 5C010000 		.4byte	.LFE6
 1405 0020 00000000 		.4byte	0
 1406 0024 00000000 		.4byte	0
 1407              		.section	.debug_line,"",%progbits
 1408              	.Ldebug_line0:
 1409 0000 58010000 		.section	.debug_str,"MS",%progbits,1
 1409      0200D000 
 1409      00000201 
 1409      FB0E0D00 
 1409      01010101 
 1410              	.LASF19:
 1411 0000 72656733 		.ascii	"reg32\000"
 1411      3200
 1412              	.LASF12:
 1413 0006 73697A65 		.ascii	"size_t\000"
 1413      5F7400
 1414              	.LASF37:
 1415 000d 4379496E 		.ascii	"CyIntSetVector\000"
 1415      74536574 
 1415      56656374 
 1415      6F7200
 1416              	.LASF21:
 1417 001c 76616C75 		.ascii	"value\000"
 1417      6500
 1418              	.LASF26:
 1419 0022 636F756E 		.ascii	"count\000"
 1419      7400
 1420              	.LASF29:
 1421 0028 436C6F63 		.ascii	"ClockSetup\000"
 1421      6B536574 
 1421      757000
 1422              	.LASF30:
 1423 0033 63795F63 		.ascii	"cy_cfg_addr_table\000"
ARM GAS  C:\Users\Jesus\AppData\Local\Temp\ccSwd6W6.s 			page 33


 1423      66675F61 
 1423      6464725F 
 1423      7461626C 
 1423      6500
 1424              	.LASF31:
 1425 0045 63795F63 		.ascii	"cy_cfg_data_table\000"
 1425      66675F64 
 1425      6174615F 
 1425      7461626C 
 1425      6500
 1426              	.LASF16:
 1427 0057 666C6F61 		.ascii	"float\000"
 1427      7400
 1428              	.LASF35:
 1429 005d 6366675F 		.ascii	"cfg_memset_list\000"
 1429      6D656D73 
 1429      65745F6C 
 1429      69737400 
 1430              	.LASF33:
 1431 006d 73697A65 		.ascii	"size\000"
 1431      00
 1432              	.LASF18:
 1433 0072 72656738 		.ascii	"reg8\000"
 1433      00
 1434              	.LASF8:
 1435 0077 6C6F6E67 		.ascii	"long unsigned int\000"
 1435      20756E73 
 1435      69676E65 
 1435      6420696E 
 1435      7400
 1436              	.LASF13:
 1437 0089 75696E74 		.ascii	"uint8\000"
 1437      3800
 1438              	.LASF28:
 1439 008f 43594D45 		.ascii	"CYMEMZERO\000"
 1439      4D5A4552 
 1439      4F00
 1440              	.LASF4:
 1441 0099 756E7369 		.ascii	"unsigned char\000"
 1441      676E6564 
 1441      20636861 
 1441      7200
 1442              	.LASF43:
 1443 00a7 6D656D73 		.ascii	"memset\000"
 1443      657400
 1444              	.LASF17:
 1445 00ae 646F7562 		.ascii	"double\000"
 1445      6C6500
 1446              	.LASF27:
 1447 00b5 6366675F 		.ascii	"cfg_write_bytes32\000"
 1447      77726974 
 1447      655F6279 
 1447      74657333 
 1447      3200
 1448              	.LASF38:
 1449 00c7 4379496E 		.ascii	"CyIntEnable\000"
 1449      74456E61 
ARM GAS  C:\Users\Jesus\AppData\Local\Temp\ccSwd6W6.s 			page 34


 1449      626C6500 
 1450              	.LASF23:
 1451 00d3 61646472 		.ascii	"addr_table\000"
 1451      5F746162 
 1451      6C6500
 1452              	.LASF14:
 1453 00de 75696E74 		.ascii	"uint16\000"
 1453      313600
 1454              	.LASF24:
 1455 00e5 64617461 		.ascii	"data_table\000"
 1455      5F746162 
 1455      6C6500
 1456              	.LASF15:
 1457 00f0 75696E74 		.ascii	"uint32\000"
 1457      333200
 1458              	.LASF0:
 1459 00f7 756E7369 		.ascii	"unsigned int\000"
 1459      676E6564 
 1459      20696E74 
 1459      00
 1460              	.LASF42:
 1461 0104 63796669 		.ascii	"cyfitter_cfg\000"
 1461      74746572 
 1461      5F636667 
 1461      00
 1462              	.LASF32:
 1463 0111 61646472 		.ascii	"address\000"
 1463      65737300 
 1464              	.LASF9:
 1465 0119 6C6F6E67 		.ascii	"long long unsigned int\000"
 1465      206C6F6E 
 1465      6720756E 
 1465      7369676E 
 1465      65642069 
 1466              	.LASF39:
 1467 0130 474E5520 		.ascii	"GNU C11 5.4.1 20160609 (release) [ARM/embedded-5-br"
 1467      43313120 
 1467      352E342E 
 1467      31203230 
 1467      31363036 
 1468 0163 616E6368 		.ascii	"anch revision 237715] -mcpu=cortex-m0 -mthumb -g -O"
 1468      20726576 
 1468      6973696F 
 1468      6E203233 
 1468      37373135 
 1469 0196 67202D66 		.ascii	"g -ffunction-sections -ffat-lto-objects\000"
 1469      66756E63 
 1469      74696F6E 
 1469      2D736563 
 1469      74696F6E 
 1470              	.LASF34:
 1471 01be 6366675F 		.ascii	"cfg_memset_t\000"
 1471      6D656D73 
 1471      65745F74 
 1471      00
 1472              	.LASF25:
 1473 01cb 62617365 		.ascii	"baseAddr\000"
ARM GAS  C:\Users\Jesus\AppData\Local\Temp\ccSwd6W6.s 			page 35


 1473      41646472 
 1473      00
 1474              	.LASF10:
 1475 01d4 73697A65 		.ascii	"sizetype\000"
 1475      74797065 
 1475      00
 1476              	.LASF6:
 1477 01dd 73686F72 		.ascii	"short unsigned int\000"
 1477      7420756E 
 1477      7369676E 
 1477      65642069 
 1477      6E7400
 1478              	.LASF1:
 1479 01f0 6C6F6E67 		.ascii	"long long int\000"
 1479      206C6F6E 
 1479      6720696E 
 1479      7400
 1480              	.LASF11:
 1481 01fe 63686172 		.ascii	"char\000"
 1481      00
 1482              	.LASF22:
 1483 0203 63795F63 		.ascii	"cy_cfg_addrvalue_t\000"
 1483      66675F61 
 1483      64647276 
 1483      616C7565 
 1483      5F7400
 1484              	.LASF20:
 1485 0216 6F666673 		.ascii	"offset\000"
 1485      657400
 1486              	.LASF41:
 1487 021d 433A5C48 		.ascii	"C:\\HackingChips\\Peugeot3008Display\\Firmware\\Peu"
 1487      61636B69 
 1487      6E674368 
 1487      6970735C 
 1487      50657567 
 1488 024c 67656F74 		.ascii	"geotDisplay4245\\PeugeotDisplay4245.cydsn\000"
 1488      44697370 
 1488      6C617934 
 1488      3234355C 
 1488      50657567 
 1489              	.LASF5:
 1490 0275 73686F72 		.ascii	"short int\000"
 1490      7420696E 
 1490      7400
 1491              	.LASF36:
 1492 027f 43795379 		.ascii	"CySysClkWriteImoFreq\000"
 1492      73436C6B 
 1492      57726974 
 1492      65496D6F 
 1492      46726571 
 1493              	.LASF7:
 1494 0294 6C6F6E67 		.ascii	"long int\000"
 1494      20696E74 
 1494      00
 1495              	.LASF2:
 1496 029d 6C6F6E67 		.ascii	"long double\000"
 1496      20646F75 
ARM GAS  C:\Users\Jesus\AppData\Local\Temp\ccSwd6W6.s 			page 36


 1496      626C6500 
 1497              	.LASF3:
 1498 02a9 7369676E 		.ascii	"signed char\000"
 1498      65642063 
 1498      68617200 
 1499              	.LASF40:
 1500 02b5 47656E65 		.ascii	"Generated_Source\\PSoC4\\cyfitter_cfg.c\000"
 1500      72617465 
 1500      645F536F 
 1500      75726365 
 1500      5C50536F 
 1501              		.ident	"GCC: (GNU Tools for ARM Embedded Processors) 5.4.1 20160609 (release) [ARM/embedded-5-bran
