Archive member included to satisfy reference by file (symbol)

.\CortexM0\ARM_GCC_541\Debug\PeugeotDisplay4245.a(A0.o)
                              .\CortexM0\ARM_GCC_541\Debug\main.o (A0_Read)
.\CortexM0\ARM_GCC_541\Debug\PeugeotDisplay4245.a(E.o)
                              .\CortexM0\ARM_GCC_541\Debug\main.o (E_Read)
.\CortexM0\ARM_GCC_541\Debug\PeugeotDisplay4245.a(CyLib.o)
                              .\CortexM0\ARM_GCC_541\Debug\cyfitter_cfg.o (CyIntEnable)
.\CortexM0\ARM_GCC_541\Debug\PeugeotDisplay4245.a(CyLFClk.o)
                              .\CortexM0\ARM_GCC_541\Debug\cyfitter_cfg.o (CySysWdtIsr)
.\CortexM0\ARM_GCC_541\Debug\PeugeotDisplay4245.a(IData_Port.o)
                              .\CortexM0\ARM_GCC_541\Debug\main.o (IData_Port_Read)
.\CortexM0\ARM_GCC_541\Debug\PeugeotDisplay4245.a(ISR_Reset.o)
                              .\CortexM0\ARM_GCC_541\Debug\main.o (ISR_Reset_StartEx)
.\CortexM0\ARM_GCC_541\Debug\PeugeotDisplay4245.a(ISR_Capture.o)
                              .\CortexM0\ARM_GCC_541\Debug\main.o (ISR_Capture_StartEx)
.\CortexM0\ARM_GCC_541\Debug\PeugeotDisplay4245.a(SPILCD.o)
                              .\CortexM0\ARM_GCC_541\Debug\main.o (SPILCD_Start)
.\CortexM0\ARM_GCC_541\Debug\PeugeotDisplay4245.a(SPILCD_SPI_UART.o)
                              .\CortexM0\ARM_GCC_541\Debug\UC1608.o (SPILCD_SpiUartWriteTxData)
.\CortexM0\ARM_GCC_541\Debug\PeugeotDisplay4245.a(SPILCD_SPI.o)
                              .\CortexM0\ARM_GCC_541\Debug\PeugeotDisplay4245.a(SPILCD.o) (SPILCD_SpiPostEnable)
.\CortexM0\ARM_GCC_541\Debug\PeugeotDisplay4245.a(SPILCD_sclk_m.o)
                              .\CortexM0\ARM_GCC_541\Debug\PeugeotDisplay4245.a(SPILCD_SPI.o) (SPILCD_sclk_m_Write)
.\CortexM0\ARM_GCC_541\Debug\PeugeotDisplay4245.a(LCD_CD.o)
                              .\CortexM0\ARM_GCC_541\Debug\UC1608.o (LCD_CD_Write)
.\CortexM0\ARM_GCC_541\Debug\PeugeotDisplay4245.a(LCD_RESET.o)
                              .\CortexM0\ARM_GCC_541\Debug\UC1608.o (LCD_RESET_Write)
.\CortexM0\ARM_GCC_541\Debug\PeugeotDisplay4245.a(CyBootAsmGnu.o)
                              .\CortexM0\ARM_GCC_541\Debug\PeugeotDisplay4245.a(CyLib.o) (CyDelayCycles)
c:/program files/cypress/psoc creator/4.3/psoc creator/import/gnu/arm/5.4.1/bin/../lib/gcc/arm-none-eabi/5.4.1/armv6-m\libgcc.a(_udivsi3.o)
                              .\CortexM0\ARM_GCC_541\Debug\PeugeotDisplay4245.a(CyLib.o) (__aeabi_uidiv)
c:/program files/cypress/psoc creator/4.3/psoc creator/import/gnu/arm/5.4.1/bin/../lib/gcc/arm-none-eabi/5.4.1/armv6-m\libgcc.a(_dvmd_tls.o)
                              c:/program files/cypress/psoc creator/4.3/psoc creator/import/gnu/arm/5.4.1/bin/../lib/gcc/arm-none-eabi/5.4.1/armv6-m\libgcc.a(_udivsi3.o) (__aeabi_idiv0)
c:/program files/cypress/psoc creator/4.3/psoc creator/import/gnu/arm/5.4.1/bin/../lib/gcc/arm-none-eabi/5.4.1/../../../../arm-none-eabi/lib/armv6-m\libg_nano.a(lib_a-errno.o)
                              .\CortexM0\ARM_GCC_541\Debug\Cm0Start.o (__errno)
c:/program files/cypress/psoc creator/4.3/psoc creator/import/gnu/arm/5.4.1/bin/../lib/gcc/arm-none-eabi/5.4.1/../../../../arm-none-eabi/lib/armv6-m\libg_nano.a(lib_a-exit.o)
                              c:/program files/cypress/psoc creator/4.3/psoc creator/import/gnu/arm/5.4.1/bin/../lib/gcc/arm-none-eabi/5.4.1/../../../../arm-none-eabi/lib/armv6-m/crt0.o (exit)
c:/program files/cypress/psoc creator/4.3/psoc creator/import/gnu/arm/5.4.1/bin/../lib/gcc/arm-none-eabi/5.4.1/../../../../arm-none-eabi/lib/armv6-m\libg_nano.a(lib_a-impure.o)
                              c:/program files/cypress/psoc creator/4.3/psoc creator/import/gnu/arm/5.4.1/bin/../lib/gcc/arm-none-eabi/5.4.1/../../../../arm-none-eabi/lib/armv6-m\libg_nano.a(lib_a-exit.o) (_global_impure_ptr)
c:/program files/cypress/psoc creator/4.3/psoc creator/import/gnu/arm/5.4.1/bin/../lib/gcc/arm-none-eabi/5.4.1/../../../../arm-none-eabi/lib/armv6-m\libg_nano.a(lib_a-init.o)
                              c:/program files/cypress/psoc creator/4.3/psoc creator/import/gnu/arm/5.4.1/bin/../lib/gcc/arm-none-eabi/5.4.1/../../../../arm-none-eabi/lib/armv6-m/crt0.o (__libc_init_array)
c:/program files/cypress/psoc creator/4.3/psoc creator/import/gnu/arm/5.4.1/bin/../lib/gcc/arm-none-eabi/5.4.1/../../../../arm-none-eabi/lib/armv6-m\libg_nano.a(lib_a-memset.o)
                              c:/program files/cypress/psoc creator/4.3/psoc creator/import/gnu/arm/5.4.1/bin/../lib/gcc/arm-none-eabi/5.4.1/../../../../arm-none-eabi/lib/armv6-m/crt0.o (memset)

Allocating common symbols
Common symbol       size              file

BUS_STATE           0x1               .\CortexM0\ARM_GCC_541\Debug\main.o
data_buffer         0x7d0             .\CortexM0\ARM_GCC_541\Debug\main.o

Discarded input sections

 .text          0x00000000        0x0 c:/program files/cypress/psoc creator/4.3/psoc creator/import/gnu/arm/5.4.1/bin/../lib/gcc/arm-none-eabi/5.4.1/armv6-m/crti.o
 .data          0x00000000        0x0 c:/program files/cypress/psoc creator/4.3/psoc creator/import/gnu/arm/5.4.1/bin/../lib/gcc/arm-none-eabi/5.4.1/armv6-m/crti.o
 .bss           0x00000000        0x0 c:/program files/cypress/psoc creator/4.3/psoc creator/import/gnu/arm/5.4.1/bin/../lib/gcc/arm-none-eabi/5.4.1/armv6-m/crti.o
 .data          0x00000000        0x4 c:/program files/cypress/psoc creator/4.3/psoc creator/import/gnu/arm/5.4.1/bin/../lib/gcc/arm-none-eabi/5.4.1/armv6-m/crtbegin.o
 .text          0x00000000       0x78 c:/program files/cypress/psoc creator/4.3/psoc creator/import/gnu/arm/5.4.1/bin/../lib/gcc/arm-none-eabi/5.4.1/../../../../arm-none-eabi/lib/armv6-m/crt0.o
 .data          0x00000000        0x0 c:/program files/cypress/psoc creator/4.3/psoc creator/import/gnu/arm/5.4.1/bin/../lib/gcc/arm-none-eabi/5.4.1/../../../../arm-none-eabi/lib/armv6-m/crt0.o
 .bss           0x00000000        0x0 c:/program files/cypress/psoc creator/4.3/psoc creator/import/gnu/arm/5.4.1/bin/../lib/gcc/arm-none-eabi/5.4.1/../../../../arm-none-eabi/lib/armv6-m/crt0.o
 .ARM.extab     0x00000000        0x0 c:/program files/cypress/psoc creator/4.3/psoc creator/import/gnu/arm/5.4.1/bin/../lib/gcc/arm-none-eabi/5.4.1/../../../../arm-none-eabi/lib/armv6-m/crt0.o
 .ARM.exidx     0x00000000        0x8 c:/program files/cypress/psoc creator/4.3/psoc creator/import/gnu/arm/5.4.1/bin/../lib/gcc/arm-none-eabi/5.4.1/../../../../arm-none-eabi/lib/armv6-m/crt0.o
 .text          0x00000000        0x0 .\CortexM0\ARM_GCC_541\Debug\main.o
 .data          0x00000000        0x1 .\CortexM0\ARM_GCC_541\Debug\main.o
 .text          0x00000000        0x0 .\CortexM0\ARM_GCC_541\Debug\UC1608.o
 .bss           0x00000000        0x0 .\CortexM0\ARM_GCC_541\Debug\UC1608.o
 .text.LCD_SetContrast
                0x00000000       0x14 .\CortexM0\ARM_GCC_541\Debug\UC1608.o
 .text          0x00000000        0x0 .\CortexM0\ARM_GCC_541\Debug\cyfitter_cfg.o
 .data          0x00000000        0x0 .\CortexM0\ARM_GCC_541\Debug\cyfitter_cfg.o
 .bss           0x00000000        0x0 .\CortexM0\ARM_GCC_541\Debug\cyfitter_cfg.o
 .text          0x00000000        0x0 .\CortexM0\ARM_GCC_541\Debug\cymetadata.o
 .data          0x00000000        0x0 .\CortexM0\ARM_GCC_541\Debug\cymetadata.o
 .bss           0x00000000        0x0 .\CortexM0\ARM_GCC_541\Debug\cymetadata.o
 .text          0x00000000        0x0 .\CortexM0\ARM_GCC_541\Debug\Cm0Start.o
 .data          0x00000000        0x4 .\CortexM0\ARM_GCC_541\Debug\Cm0Start.o
 .bss           0x00000000        0x0 .\CortexM0\ARM_GCC_541\Debug\Cm0Start.o
 .text._exit    0x00000000        0xc .\CortexM0\ARM_GCC_541\Debug\Cm0Start.o
 .text._sbrk    0x00000000       0x30 .\CortexM0\ARM_GCC_541\Debug\Cm0Start.o
 .text          0x00000000        0x0 .\CortexM0\ARM_GCC_541\Debug\PeugeotDisplay4245.a(A0.o)
 .data          0x00000000        0x0 .\CortexM0\ARM_GCC_541\Debug\PeugeotDisplay4245.a(A0.o)
 .bss           0x00000000        0x0 .\CortexM0\ARM_GCC_541\Debug\PeugeotDisplay4245.a(A0.o)
 .text.A0_SetDriveMode
                0x00000000       0x18 .\CortexM0\ARM_GCC_541\Debug\PeugeotDisplay4245.a(A0.o)
 .text.A0_Write
                0x00000000       0x18 .\CortexM0\ARM_GCC_541\Debug\PeugeotDisplay4245.a(A0.o)
 .text.A0_ReadDataReg
                0x00000000       0x10 .\CortexM0\ARM_GCC_541\Debug\PeugeotDisplay4245.a(A0.o)
 .text.A0_SetInterruptMode
                0x00000000       0x14 .\CortexM0\ARM_GCC_541\Debug\PeugeotDisplay4245.a(A0.o)
 .text.A0_ClearInterrupt
                0x00000000       0x14 .\CortexM0\ARM_GCC_541\Debug\PeugeotDisplay4245.a(A0.o)
 .text          0x00000000        0x0 .\CortexM0\ARM_GCC_541\Debug\PeugeotDisplay4245.a(E.o)
 .data          0x00000000        0x0 .\CortexM0\ARM_GCC_541\Debug\PeugeotDisplay4245.a(E.o)
 .bss           0x00000000        0x0 .\CortexM0\ARM_GCC_541\Debug\PeugeotDisplay4245.a(E.o)
 .text.E_SetDriveMode
                0x00000000       0x18 .\CortexM0\ARM_GCC_541\Debug\PeugeotDisplay4245.a(E.o)
 .text.E_Write  0x00000000       0x18 .\CortexM0\ARM_GCC_541\Debug\PeugeotDisplay4245.a(E.o)
 .text.E_ReadDataReg
                0x00000000       0x10 .\CortexM0\ARM_GCC_541\Debug\PeugeotDisplay4245.a(E.o)
 .text.E_SetInterruptMode
                0x00000000       0x14 .\CortexM0\ARM_GCC_541\Debug\PeugeotDisplay4245.a(E.o)
 .text.E_ClearInterrupt
                0x00000000       0x14 .\CortexM0\ARM_GCC_541\Debug\PeugeotDisplay4245.a(E.o)
 .text          0x00000000        0x0 .\CortexM0\ARM_GCC_541\Debug\PeugeotDisplay4245.a(CyLib.o)
 .bss           0x00000000       0x18 .\CortexM0\ARM_GCC_541\Debug\PeugeotDisplay4245.a(CyLib.o)
 .text.CySysClkImoStart
                0x00000000       0x14 .\CortexM0\ARM_GCC_541\Debug\PeugeotDisplay4245.a(CyLib.o)
 .text.CySysClkImoStop
                0x00000000       0x10 .\CortexM0\ARM_GCC_541\Debug\PeugeotDisplay4245.a(CyLib.o)
 .text.CySysClkWriteHfclkDirect
                0x00000000       0x20 .\CortexM0\ARM_GCC_541\Debug\PeugeotDisplay4245.a(CyLib.o)
 .text.CySysEnablePumpClock
                0x00000000       0x38 .\CortexM0\ARM_GCC_541\Debug\PeugeotDisplay4245.a(CyLib.o)
 .text.CySysClkGetSysclkSource
                0x00000000       0x1c .\CortexM0\ARM_GCC_541\Debug\PeugeotDisplay4245.a(CyLib.o)
 .text.CySysClkWriteSysclkDiv
                0x00000000       0x30 .\CortexM0\ARM_GCC_541\Debug\PeugeotDisplay4245.a(CyLib.o)
 .text.CySysLvdDisable
                0x00000000       0x20 .\CortexM0\ARM_GCC_541\Debug\PeugeotDisplay4245.a(CyLib.o)
 .text.CySysLvdGetInterruptSource
                0x00000000       0x10 .\CortexM0\ARM_GCC_541\Debug\PeugeotDisplay4245.a(CyLib.o)
 .text.CySysLvdClearInterrupt
                0x00000000        0xc .\CortexM0\ARM_GCC_541\Debug\PeugeotDisplay4245.a(CyLib.o)
 .text.CySysGetResetReason
                0x00000000       0x14 .\CortexM0\ARM_GCC_541\Debug\PeugeotDisplay4245.a(CyLib.o)
 .text.CyDisableInts
                0x00000000       0x10 .\CortexM0\ARM_GCC_541\Debug\PeugeotDisplay4245.a(CyLib.o)
 .text.CyEnableInts
                0x00000000        0xc .\CortexM0\ARM_GCC_541\Debug\PeugeotDisplay4245.a(CyLib.o)
 .text.CyIntGetState
                0x00000000       0x18 .\CortexM0\ARM_GCC_541\Debug\PeugeotDisplay4245.a(CyLib.o)
 .text.CyIntDisable
                0x00000000       0x14 .\CortexM0\ARM_GCC_541\Debug\PeugeotDisplay4245.a(CyLib.o)
 .text.CyIntSetPending
                0x00000000       0x14 .\CortexM0\ARM_GCC_541\Debug\PeugeotDisplay4245.a(CyLib.o)
 .text.CyIntClearPending
                0x00000000       0x14 .\CortexM0\ARM_GCC_541\Debug\PeugeotDisplay4245.a(CyLib.o)
 .text.CyIntSetSysVector
                0x00000000       0x20 .\CortexM0\ARM_GCC_541\Debug\PeugeotDisplay4245.a(CyLib.o)
 .text.CyIntGetSysVector
                0x00000000       0x1c .\CortexM0\ARM_GCC_541\Debug\PeugeotDisplay4245.a(CyLib.o)
 .text.CyIntGetVector
                0x00000000       0x20 .\CortexM0\ARM_GCC_541\Debug\PeugeotDisplay4245.a(CyLib.o)
 .text.CyIntSetPriority
                0x00000000       0x4c .\CortexM0\ARM_GCC_541\Debug\PeugeotDisplay4245.a(CyLib.o)
 .text.CyIntGetPriority
                0x00000000       0x2c .\CortexM0\ARM_GCC_541\Debug\PeugeotDisplay4245.a(CyLib.o)
 .text.CySoftwareReset
                0x00000000       0x18 .\CortexM0\ARM_GCC_541\Debug\PeugeotDisplay4245.a(CyLib.o)
 .text.CySysLvdEnable
                0x00000000       0x44 .\CortexM0\ARM_GCC_541\Debug\PeugeotDisplay4245.a(CyLib.o)
 .text.CyDelayFreq
                0x00000000       0x4c .\CortexM0\ARM_GCC_541\Debug\PeugeotDisplay4245.a(CyLib.o)
 .text.CySysTickStop
                0x00000000       0x10 .\CortexM0\ARM_GCC_541\Debug\PeugeotDisplay4245.a(CyLib.o)
 .text.CySysTickEnableInterrupt
                0x00000000       0x10 .\CortexM0\ARM_GCC_541\Debug\PeugeotDisplay4245.a(CyLib.o)
 .text.CySysTickEnable
                0x00000000       0x18 .\CortexM0\ARM_GCC_541\Debug\PeugeotDisplay4245.a(CyLib.o)
 .text.CySysTickDisableInterrupt
                0x00000000       0x10 .\CortexM0\ARM_GCC_541\Debug\PeugeotDisplay4245.a(CyLib.o)
 .text.CySysTickSetReload
                0x00000000       0x10 .\CortexM0\ARM_GCC_541\Debug\PeugeotDisplay4245.a(CyLib.o)
 .text.CySysTickGetReload
                0x00000000       0x10 .\CortexM0\ARM_GCC_541\Debug\PeugeotDisplay4245.a(CyLib.o)
 .text.CySysTickGetValue
                0x00000000       0x10 .\CortexM0\ARM_GCC_541\Debug\PeugeotDisplay4245.a(CyLib.o)
 .text.CySysTickGetCountFlag
                0x00000000       0x10 .\CortexM0\ARM_GCC_541\Debug\PeugeotDisplay4245.a(CyLib.o)
 .text.CySysTickServiceCallbacks
                0x00000000       0x28 .\CortexM0\ARM_GCC_541\Debug\PeugeotDisplay4245.a(CyLib.o)
 .text.CySysTickClear
                0x00000000        0xc .\CortexM0\ARM_GCC_541\Debug\PeugeotDisplay4245.a(CyLib.o)
 .text.CySysTickInit
                0x00000000       0x40 .\CortexM0\ARM_GCC_541\Debug\PeugeotDisplay4245.a(CyLib.o)
 .text.CySysTickStart
                0x00000000       0x20 .\CortexM0\ARM_GCC_541\Debug\PeugeotDisplay4245.a(CyLib.o)
 .text.CySysTickSetCallback
                0x00000000       0x10 .\CortexM0\ARM_GCC_541\Debug\PeugeotDisplay4245.a(CyLib.o)
 .text.CySysTickGetCallback
                0x00000000        0xc .\CortexM0\ARM_GCC_541\Debug\PeugeotDisplay4245.a(CyLib.o)
 .text.CyGetUniqueId
                0x00000000       0x70 .\CortexM0\ARM_GCC_541\Debug\PeugeotDisplay4245.a(CyLib.o)
 .text          0x00000000        0x0 .\CortexM0\ARM_GCC_541\Debug\PeugeotDisplay4245.a(CyLFClk.o)
 .text.CySysClkIloEnabled
                0x00000000       0x14 .\CortexM0\ARM_GCC_541\Debug\PeugeotDisplay4245.a(CyLFClk.o)
 .text.CySysClkIloStart
                0x00000000       0x14 .\CortexM0\ARM_GCC_541\Debug\PeugeotDisplay4245.a(CyLFClk.o)
 .text.CySysClkIloStartMeasurement
                0x00000000       0x34 .\CortexM0\ARM_GCC_541\Debug\PeugeotDisplay4245.a(CyLFClk.o)
 .text.CySysClkIloStopMeasurement
                0x00000000       0x14 .\CortexM0\ARM_GCC_541\Debug\PeugeotDisplay4245.a(CyLFClk.o)
 .text.CySysClkIloCompensate
                0x00000000      0x104 .\CortexM0\ARM_GCC_541\Debug\PeugeotDisplay4245.a(CyLFClk.o)
 .text.CySysWdtGetEnabledStatus
                0x00000000       0x24 .\CortexM0\ARM_GCC_541\Debug\PeugeotDisplay4245.a(CyLFClk.o)
 .text.CySysWdtSetMode
                0x00000000       0x38 .\CortexM0\ARM_GCC_541\Debug\PeugeotDisplay4245.a(CyLFClk.o)
 .text.CySysClkLfclkPosedgeRestore
                0x00000000       0x2c .\CortexM0\ARM_GCC_541\Debug\PeugeotDisplay4245.a(CyLFClk.o)
 .text.CySysWdtGetMode
                0x00000000       0x14 .\CortexM0\ARM_GCC_541\Debug\PeugeotDisplay4245.a(CyLFClk.o)
 .text.CySysWdtSetClearOnMatch
                0x00000000       0x34 .\CortexM0\ARM_GCC_541\Debug\PeugeotDisplay4245.a(CyLFClk.o)
 .text.CySysWdtGetClearOnMatch
                0x00000000       0x24 .\CortexM0\ARM_GCC_541\Debug\PeugeotDisplay4245.a(CyLFClk.o)
 .text.CySysWdtEnable
                0x00000000       0x40 .\CortexM0\ARM_GCC_541\Debug\PeugeotDisplay4245.a(CyLFClk.o)
 .text.CySysWdtDisable
                0x00000000       0x44 .\CortexM0\ARM_GCC_541\Debug\PeugeotDisplay4245.a(CyLFClk.o)
 .text.CySysWdtSetCascade
                0x00000000       0x34 .\CortexM0\ARM_GCC_541\Debug\PeugeotDisplay4245.a(CyLFClk.o)
 .text.CySysWdtGetCascade
                0x00000000       0x14 .\CortexM0\ARM_GCC_541\Debug\PeugeotDisplay4245.a(CyLFClk.o)
 .text.CySysWdtSetMatch
                0x00000000       0x38 .\CortexM0\ARM_GCC_541\Debug\PeugeotDisplay4245.a(CyLFClk.o)
 .text.CySysWdtSetToggleBit
                0x00000000       0x30 .\CortexM0\ARM_GCC_541\Debug\PeugeotDisplay4245.a(CyLFClk.o)
 .text.CySysWdtGetToggleBit
                0x00000000       0x10 .\CortexM0\ARM_GCC_541\Debug\PeugeotDisplay4245.a(CyLFClk.o)
 .text.CySysWdtGetMatch
                0x00000000       0x20 .\CortexM0\ARM_GCC_541\Debug\PeugeotDisplay4245.a(CyLFClk.o)
 .text.CySysWdtGetCount
                0x00000000       0x3c .\CortexM0\ARM_GCC_541\Debug\PeugeotDisplay4245.a(CyLFClk.o)
 .text.CySysClkLfclkPosedgeCatch
                0x00000000       0x74 .\CortexM0\ARM_GCC_541\Debug\PeugeotDisplay4245.a(CyLFClk.o)
 .text.CySysClkIloStop
                0x00000000       0x38 .\CortexM0\ARM_GCC_541\Debug\PeugeotDisplay4245.a(CyLFClk.o)
 .text.CySysWdtGetInterruptSource
                0x00000000       0x14 .\CortexM0\ARM_GCC_541\Debug\PeugeotDisplay4245.a(CyLFClk.o)
 .text.CySysWdtResetCounters
                0x00000000       0x20 .\CortexM0\ARM_GCC_541\Debug\PeugeotDisplay4245.a(CyLFClk.o)
 .text.CySysWdtSetInterruptCallback
                0x00000000       0x20 .\CortexM0\ARM_GCC_541\Debug\PeugeotDisplay4245.a(CyLFClk.o)
 .text.CySysWdtGetInterruptCallback
                0x00000000       0x20 .\CortexM0\ARM_GCC_541\Debug\PeugeotDisplay4245.a(CyLFClk.o)
 .text.CySysWdtEnableCounterIsr
                0x00000000       0x34 .\CortexM0\ARM_GCC_541\Debug\PeugeotDisplay4245.a(CyLFClk.o)
 .text.CySysWdtDisableCounterIsr
                0x00000000       0x28 .\CortexM0\ARM_GCC_541\Debug\PeugeotDisplay4245.a(CyLFClk.o)
 .text.CySysWatchdogFeed
                0x00000000       0x60 .\CortexM0\ARM_GCC_541\Debug\PeugeotDisplay4245.a(CyLFClk.o)
 .text.CySysTimerDelayUntilMatch
                0x00000000       0x6c .\CortexM0\ARM_GCC_541\Debug\PeugeotDisplay4245.a(CyLFClk.o)
 .text.CySysTimerDelay
                0x00000000       0x3c .\CortexM0\ARM_GCC_541\Debug\PeugeotDisplay4245.a(CyLFClk.o)
 .rodata        0x00000000        0xc .\CortexM0\ARM_GCC_541\Debug\PeugeotDisplay4245.a(CyLFClk.o)
 .text          0x00000000        0x0 .\CortexM0\ARM_GCC_541\Debug\PeugeotDisplay4245.a(IData_Port.o)
 .data          0x00000000        0x0 .\CortexM0\ARM_GCC_541\Debug\PeugeotDisplay4245.a(IData_Port.o)
 .bss           0x00000000        0x0 .\CortexM0\ARM_GCC_541\Debug\PeugeotDisplay4245.a(IData_Port.o)
 .text.IData_Port_SetDriveMode
                0x00000000       0x80 .\CortexM0\ARM_GCC_541\Debug\PeugeotDisplay4245.a(IData_Port.o)
 .text.IData_Port_Write
                0x00000000        0xc .\CortexM0\ARM_GCC_541\Debug\PeugeotDisplay4245.a(IData_Port.o)
 .text.IData_Port_ReadDataReg
                0x00000000        0xc .\CortexM0\ARM_GCC_541\Debug\PeugeotDisplay4245.a(IData_Port.o)
 .text.IData_Port_SetInterruptMode
                0x00000000       0x14 .\CortexM0\ARM_GCC_541\Debug\PeugeotDisplay4245.a(IData_Port.o)
 .text.IData_Port_ClearInterrupt
                0x00000000       0x14 .\CortexM0\ARM_GCC_541\Debug\PeugeotDisplay4245.a(IData_Port.o)
 .text          0x00000000        0x0 .\CortexM0\ARM_GCC_541\Debug\PeugeotDisplay4245.a(ISR_Reset.o)
 .data          0x00000000        0x0 .\CortexM0\ARM_GCC_541\Debug\PeugeotDisplay4245.a(ISR_Reset.o)
 .bss           0x00000000        0x0 .\CortexM0\ARM_GCC_541\Debug\PeugeotDisplay4245.a(ISR_Reset.o)
 .text.ISR_Reset_Interrupt
                0x00000000        0x4 .\CortexM0\ARM_GCC_541\Debug\PeugeotDisplay4245.a(ISR_Reset.o)
 .text.ISR_Reset_GetVector
                0x00000000        0xc .\CortexM0\ARM_GCC_541\Debug\PeugeotDisplay4245.a(ISR_Reset.o)
 .text.ISR_Reset_GetPriority
                0x00000000       0x10 .\CortexM0\ARM_GCC_541\Debug\PeugeotDisplay4245.a(ISR_Reset.o)
 .text.ISR_Reset_GetState
                0x00000000       0x14 .\CortexM0\ARM_GCC_541\Debug\PeugeotDisplay4245.a(ISR_Reset.o)
 .text.ISR_Reset_Start
                0x00000000       0x1c .\CortexM0\ARM_GCC_541\Debug\PeugeotDisplay4245.a(ISR_Reset.o)
 .text.ISR_Reset_Stop
                0x00000000       0x14 .\CortexM0\ARM_GCC_541\Debug\PeugeotDisplay4245.a(ISR_Reset.o)
 .text.ISR_Reset_SetPending
                0x00000000        0xc .\CortexM0\ARM_GCC_541\Debug\PeugeotDisplay4245.a(ISR_Reset.o)
 .text.ISR_Reset_ClearPending
                0x00000000        0xc .\CortexM0\ARM_GCC_541\Debug\PeugeotDisplay4245.a(ISR_Reset.o)
 .text          0x00000000        0x0 .\CortexM0\ARM_GCC_541\Debug\PeugeotDisplay4245.a(ISR_Capture.o)
 .data          0x00000000        0x0 .\CortexM0\ARM_GCC_541\Debug\PeugeotDisplay4245.a(ISR_Capture.o)
 .bss           0x00000000        0x0 .\CortexM0\ARM_GCC_541\Debug\PeugeotDisplay4245.a(ISR_Capture.o)
 .text.ISR_Capture_Interrupt
                0x00000000        0x4 .\CortexM0\ARM_GCC_541\Debug\PeugeotDisplay4245.a(ISR_Capture.o)
 .text.ISR_Capture_GetVector
                0x00000000        0xc .\CortexM0\ARM_GCC_541\Debug\PeugeotDisplay4245.a(ISR_Capture.o)
 .text.ISR_Capture_GetPriority
                0x00000000       0x10 .\CortexM0\ARM_GCC_541\Debug\PeugeotDisplay4245.a(ISR_Capture.o)
 .text.ISR_Capture_GetState
                0x00000000       0x10 .\CortexM0\ARM_GCC_541\Debug\PeugeotDisplay4245.a(ISR_Capture.o)
 .text.ISR_Capture_Start
                0x00000000       0x1c .\CortexM0\ARM_GCC_541\Debug\PeugeotDisplay4245.a(ISR_Capture.o)
 .text.ISR_Capture_Stop
                0x00000000       0x14 .\CortexM0\ARM_GCC_541\Debug\PeugeotDisplay4245.a(ISR_Capture.o)
 .text.ISR_Capture_SetPending
                0x00000000        0xc .\CortexM0\ARM_GCC_541\Debug\PeugeotDisplay4245.a(ISR_Capture.o)
 .text.ISR_Capture_ClearPending
                0x00000000        0xc .\CortexM0\ARM_GCC_541\Debug\PeugeotDisplay4245.a(ISR_Capture.o)
 .text          0x00000000        0x0 .\CortexM0\ARM_GCC_541\Debug\PeugeotDisplay4245.a(SPILCD.o)
 .data          0x00000000        0x0 .\CortexM0\ARM_GCC_541\Debug\PeugeotDisplay4245.a(SPILCD.o)
 .text.SPILCD_ScbModeStop
                0x00000000        0x8 .\CortexM0\ARM_GCC_541\Debug\PeugeotDisplay4245.a(SPILCD.o)
 .text.SPILCD_Stop
                0x00000000       0x20 .\CortexM0\ARM_GCC_541\Debug\PeugeotDisplay4245.a(SPILCD.o)
 .text.SPILCD_SetRxFifoLevel
                0x00000000       0x14 .\CortexM0\ARM_GCC_541\Debug\PeugeotDisplay4245.a(SPILCD.o)
 .text.SPILCD_SetTxFifoLevel
                0x00000000       0x14 .\CortexM0\ARM_GCC_541\Debug\PeugeotDisplay4245.a(SPILCD.o)
 .text.SPILCD_I2CSlaveNackGeneration
                0x00000000       0x3c .\CortexM0\ARM_GCC_541\Debug\PeugeotDisplay4245.a(SPILCD.o)
 .text          0x00000000        0x0 .\CortexM0\ARM_GCC_541\Debug\PeugeotDisplay4245.a(SPILCD_SPI_UART.o)
 .data          0x00000000        0x0 .\CortexM0\ARM_GCC_541\Debug\PeugeotDisplay4245.a(SPILCD_SPI_UART.o)
 .bss           0x00000000        0x0 .\CortexM0\ARM_GCC_541\Debug\PeugeotDisplay4245.a(SPILCD_SPI_UART.o)
 .text.SPILCD_SpiUartReadRxData
                0x00000000        0xc .\CortexM0\ARM_GCC_541\Debug\PeugeotDisplay4245.a(SPILCD_SPI_UART.o)
 .text.SPILCD_SpiUartGetRxBufferSize
                0x00000000       0x10 .\CortexM0\ARM_GCC_541\Debug\PeugeotDisplay4245.a(SPILCD_SPI_UART.o)
 .text.SPILCD_SpiUartClearRxBuffer
                0x00000000       0x20 .\CortexM0\ARM_GCC_541\Debug\PeugeotDisplay4245.a(SPILCD_SPI_UART.o)
 .text.SPILCD_SpiUartPutArray
                0x00000000       0x18 .\CortexM0\ARM_GCC_541\Debug\PeugeotDisplay4245.a(SPILCD_SPI_UART.o)
 .text.SPILCD_SpiUartGetTxBufferSize
                0x00000000       0x10 .\CortexM0\ARM_GCC_541\Debug\PeugeotDisplay4245.a(SPILCD_SPI_UART.o)
 .text.SPILCD_SpiUartClearTxBuffer
                0x00000000       0x20 .\CortexM0\ARM_GCC_541\Debug\PeugeotDisplay4245.a(SPILCD_SPI_UART.o)
 .text.SPILCD_SpiUartDisableIntRx
                0x00000000       0x10 .\CortexM0\ARM_GCC_541\Debug\PeugeotDisplay4245.a(SPILCD_SPI_UART.o)
 .text.SPILCD_SpiUartDisableIntTx
                0x00000000       0x10 .\CortexM0\ARM_GCC_541\Debug\PeugeotDisplay4245.a(SPILCD_SPI_UART.o)
 .text          0x00000000        0x0 .\CortexM0\ARM_GCC_541\Debug\PeugeotDisplay4245.a(SPILCD_SPI.o)
 .data          0x00000000        0x0 .\CortexM0\ARM_GCC_541\Debug\PeugeotDisplay4245.a(SPILCD_SPI.o)
 .bss           0x00000000        0x0 .\CortexM0\ARM_GCC_541\Debug\PeugeotDisplay4245.a(SPILCD_SPI.o)
 .text.SPILCD_SpiStop
                0x00000000       0x40 .\CortexM0\ARM_GCC_541\Debug\PeugeotDisplay4245.a(SPILCD_SPI.o)
 .text          0x00000000        0x0 .\CortexM0\ARM_GCC_541\Debug\PeugeotDisplay4245.a(SPILCD_sclk_m.o)
 .data          0x00000000        0x0 .\CortexM0\ARM_GCC_541\Debug\PeugeotDisplay4245.a(SPILCD_sclk_m.o)
 .bss           0x00000000        0x0 .\CortexM0\ARM_GCC_541\Debug\PeugeotDisplay4245.a(SPILCD_sclk_m.o)
 .text.SPILCD_sclk_m_SetDriveMode
                0x00000000       0x18 .\CortexM0\ARM_GCC_541\Debug\PeugeotDisplay4245.a(SPILCD_sclk_m.o)
 .text.SPILCD_sclk_m_Write
                0x00000000       0x18 .\CortexM0\ARM_GCC_541\Debug\PeugeotDisplay4245.a(SPILCD_sclk_m.o)
 .text.SPILCD_sclk_m_Read
                0x00000000       0x10 .\CortexM0\ARM_GCC_541\Debug\PeugeotDisplay4245.a(SPILCD_sclk_m.o)
 .text.SPILCD_sclk_m_ReadDataReg
                0x00000000       0x10 .\CortexM0\ARM_GCC_541\Debug\PeugeotDisplay4245.a(SPILCD_sclk_m.o)
 .text.SPILCD_sclk_m_SetInterruptMode
                0x00000000       0x14 .\CortexM0\ARM_GCC_541\Debug\PeugeotDisplay4245.a(SPILCD_sclk_m.o)
 .text.SPILCD_sclk_m_ClearInterrupt
                0x00000000       0x14 .\CortexM0\ARM_GCC_541\Debug\PeugeotDisplay4245.a(SPILCD_sclk_m.o)
 .text          0x00000000        0x0 .\CortexM0\ARM_GCC_541\Debug\PeugeotDisplay4245.a(LCD_CD.o)
 .data          0x00000000        0x0 .\CortexM0\ARM_GCC_541\Debug\PeugeotDisplay4245.a(LCD_CD.o)
 .bss           0x00000000        0x0 .\CortexM0\ARM_GCC_541\Debug\PeugeotDisplay4245.a(LCD_CD.o)
 .text.LCD_CD_SetDriveMode
                0x00000000       0x18 .\CortexM0\ARM_GCC_541\Debug\PeugeotDisplay4245.a(LCD_CD.o)
 .text.LCD_CD_Read
                0x00000000       0x10 .\CortexM0\ARM_GCC_541\Debug\PeugeotDisplay4245.a(LCD_CD.o)
 .text.LCD_CD_ReadDataReg
                0x00000000       0x10 .\CortexM0\ARM_GCC_541\Debug\PeugeotDisplay4245.a(LCD_CD.o)
 .text.LCD_CD_SetInterruptMode
                0x00000000       0x14 .\CortexM0\ARM_GCC_541\Debug\PeugeotDisplay4245.a(LCD_CD.o)
 .text.LCD_CD_ClearInterrupt
                0x00000000       0x14 .\CortexM0\ARM_GCC_541\Debug\PeugeotDisplay4245.a(LCD_CD.o)
 .text          0x00000000        0x0 .\CortexM0\ARM_GCC_541\Debug\PeugeotDisplay4245.a(LCD_RESET.o)
 .data          0x00000000        0x0 .\CortexM0\ARM_GCC_541\Debug\PeugeotDisplay4245.a(LCD_RESET.o)
 .bss           0x00000000        0x0 .\CortexM0\ARM_GCC_541\Debug\PeugeotDisplay4245.a(LCD_RESET.o)
 .text.LCD_RESET_SetDriveMode
                0x00000000       0x18 .\CortexM0\ARM_GCC_541\Debug\PeugeotDisplay4245.a(LCD_RESET.o)
 .text.LCD_RESET_Read
                0x00000000       0x10 .\CortexM0\ARM_GCC_541\Debug\PeugeotDisplay4245.a(LCD_RESET.o)
 .text.LCD_RESET_ReadDataReg
                0x00000000       0x10 .\CortexM0\ARM_GCC_541\Debug\PeugeotDisplay4245.a(LCD_RESET.o)
 .text.LCD_RESET_SetInterruptMode
                0x00000000       0x14 .\CortexM0\ARM_GCC_541\Debug\PeugeotDisplay4245.a(LCD_RESET.o)
 .text.LCD_RESET_ClearInterrupt
                0x00000000       0x14 .\CortexM0\ARM_GCC_541\Debug\PeugeotDisplay4245.a(LCD_RESET.o)
 .data          0x00000000        0x0 .\CortexM0\ARM_GCC_541\Debug\PeugeotDisplay4245.a(CyBootAsmGnu.o)
 .bss           0x00000000        0x0 .\CortexM0\ARM_GCC_541\Debug\PeugeotDisplay4245.a(CyBootAsmGnu.o)
 .text          0x00000000      0x114 c:/program files/cypress/psoc creator/4.3/psoc creator/import/gnu/arm/5.4.1/bin/../lib/gcc/arm-none-eabi/5.4.1/armv6-m\libgcc.a(_udivsi3.o)
 .data          0x00000000        0x0 c:/program files/cypress/psoc creator/4.3/psoc creator/import/gnu/arm/5.4.1/bin/../lib/gcc/arm-none-eabi/5.4.1/armv6-m\libgcc.a(_udivsi3.o)
 .bss           0x00000000        0x0 c:/program files/cypress/psoc creator/4.3/psoc creator/import/gnu/arm/5.4.1/bin/../lib/gcc/arm-none-eabi/5.4.1/armv6-m\libgcc.a(_udivsi3.o)
 .text          0x00000000        0x4 c:/program files/cypress/psoc creator/4.3/psoc creator/import/gnu/arm/5.4.1/bin/../lib/gcc/arm-none-eabi/5.4.1/armv6-m\libgcc.a(_dvmd_tls.o)
 .data          0x00000000        0x0 c:/program files/cypress/psoc creator/4.3/psoc creator/import/gnu/arm/5.4.1/bin/../lib/gcc/arm-none-eabi/5.4.1/armv6-m\libgcc.a(_dvmd_tls.o)
 .bss           0x00000000        0x0 c:/program files/cypress/psoc creator/4.3/psoc creator/import/gnu/arm/5.4.1/bin/../lib/gcc/arm-none-eabi/5.4.1/armv6-m\libgcc.a(_dvmd_tls.o)
 .text          0x00000000        0x0 c:/program files/cypress/psoc creator/4.3/psoc creator/import/gnu/arm/5.4.1/bin/../lib/gcc/arm-none-eabi/5.4.1/../../../../arm-none-eabi/lib/armv6-m\libg_nano.a(lib_a-errno.o)
 .data          0x00000000        0x0 c:/program files/cypress/psoc creator/4.3/psoc creator/import/gnu/arm/5.4.1/bin/../lib/gcc/arm-none-eabi/5.4.1/../../../../arm-none-eabi/lib/armv6-m\libg_nano.a(lib_a-errno.o)
 .bss           0x00000000        0x0 c:/program files/cypress/psoc creator/4.3/psoc creator/import/gnu/arm/5.4.1/bin/../lib/gcc/arm-none-eabi/5.4.1/../../../../arm-none-eabi/lib/armv6-m\libg_nano.a(lib_a-errno.o)
 .text          0x00000000        0x0 c:/program files/cypress/psoc creator/4.3/psoc creator/import/gnu/arm/5.4.1/bin/../lib/gcc/arm-none-eabi/5.4.1/../../../../arm-none-eabi/lib/armv6-m\libg_nano.a(lib_a-exit.o)
 .data          0x00000000        0x0 c:/program files/cypress/psoc creator/4.3/psoc creator/import/gnu/arm/5.4.1/bin/../lib/gcc/arm-none-eabi/5.4.1/../../../../arm-none-eabi/lib/armv6-m\libg_nano.a(lib_a-exit.o)
 .bss           0x00000000        0x0 c:/program files/cypress/psoc creator/4.3/psoc creator/import/gnu/arm/5.4.1/bin/../lib/gcc/arm-none-eabi/5.4.1/../../../../arm-none-eabi/lib/armv6-m\libg_nano.a(lib_a-exit.o)
 .text.exit     0x00000000       0x2c c:/program files/cypress/psoc creator/4.3/psoc creator/import/gnu/arm/5.4.1/bin/../lib/gcc/arm-none-eabi/5.4.1/../../../../arm-none-eabi/lib/armv6-m\libg_nano.a(lib_a-exit.o)
 .text          0x00000000        0x0 c:/program files/cypress/psoc creator/4.3/psoc creator/import/gnu/arm/5.4.1/bin/../lib/gcc/arm-none-eabi/5.4.1/../../../../arm-none-eabi/lib/armv6-m\libg_nano.a(lib_a-impure.o)
 .data          0x00000000        0x0 c:/program files/cypress/psoc creator/4.3/psoc creator/import/gnu/arm/5.4.1/bin/../lib/gcc/arm-none-eabi/5.4.1/../../../../arm-none-eabi/lib/armv6-m\libg_nano.a(lib_a-impure.o)
 .bss           0x00000000        0x0 c:/program files/cypress/psoc creator/4.3/psoc creator/import/gnu/arm/5.4.1/bin/../lib/gcc/arm-none-eabi/5.4.1/../../../../arm-none-eabi/lib/armv6-m\libg_nano.a(lib_a-impure.o)
 .rodata._global_impure_ptr
                0x00000000        0x4 c:/program files/cypress/psoc creator/4.3/psoc creator/import/gnu/arm/5.4.1/bin/../lib/gcc/arm-none-eabi/5.4.1/../../../../arm-none-eabi/lib/armv6-m\libg_nano.a(lib_a-impure.o)
 .text          0x00000000        0x0 c:/program files/cypress/psoc creator/4.3/psoc creator/import/gnu/arm/5.4.1/bin/../lib/gcc/arm-none-eabi/5.4.1/../../../../arm-none-eabi/lib/armv6-m\libg_nano.a(lib_a-init.o)
 .data          0x00000000        0x0 c:/program files/cypress/psoc creator/4.3/psoc creator/import/gnu/arm/5.4.1/bin/../lib/gcc/arm-none-eabi/5.4.1/../../../../arm-none-eabi/lib/armv6-m\libg_nano.a(lib_a-init.o)
 .bss           0x00000000        0x0 c:/program files/cypress/psoc creator/4.3/psoc creator/import/gnu/arm/5.4.1/bin/../lib/gcc/arm-none-eabi/5.4.1/../../../../arm-none-eabi/lib/armv6-m\libg_nano.a(lib_a-init.o)
 .text          0x00000000        0x0 c:/program files/cypress/psoc creator/4.3/psoc creator/import/gnu/arm/5.4.1/bin/../lib/gcc/arm-none-eabi/5.4.1/../../../../arm-none-eabi/lib/armv6-m\libg_nano.a(lib_a-memset.o)
 .data          0x00000000        0x0 c:/program files/cypress/psoc creator/4.3/psoc creator/import/gnu/arm/5.4.1/bin/../lib/gcc/arm-none-eabi/5.4.1/../../../../arm-none-eabi/lib/armv6-m\libg_nano.a(lib_a-memset.o)
 .bss           0x00000000        0x0 c:/program files/cypress/psoc creator/4.3/psoc creator/import/gnu/arm/5.4.1/bin/../lib/gcc/arm-none-eabi/5.4.1/../../../../arm-none-eabi/lib/armv6-m\libg_nano.a(lib_a-memset.o)
 .text          0x00000000        0x0 c:/program files/cypress/psoc creator/4.3/psoc creator/import/gnu/arm/5.4.1/bin/../lib/gcc/arm-none-eabi/5.4.1/armv6-m/crtend.o
 .data          0x00000000        0x0 c:/program files/cypress/psoc creator/4.3/psoc creator/import/gnu/arm/5.4.1/bin/../lib/gcc/arm-none-eabi/5.4.1/armv6-m/crtend.o
 .bss           0x00000000        0x0 c:/program files/cypress/psoc creator/4.3/psoc creator/import/gnu/arm/5.4.1/bin/../lib/gcc/arm-none-eabi/5.4.1/armv6-m/crtend.o
 .text          0x00000000        0x0 c:/program files/cypress/psoc creator/4.3/psoc creator/import/gnu/arm/5.4.1/bin/../lib/gcc/arm-none-eabi/5.4.1/armv6-m/crtn.o
 .data          0x00000000        0x0 c:/program files/cypress/psoc creator/4.3/psoc creator/import/gnu/arm/5.4.1/bin/../lib/gcc/arm-none-eabi/5.4.1/armv6-m/crtn.o
 .bss           0x00000000        0x0 c:/program files/cypress/psoc creator/4.3/psoc creator/import/gnu/arm/5.4.1/bin/../lib/gcc/arm-none-eabi/5.4.1/armv6-m/crtn.o

Memory Configuration

Name             Origin             Length             Attributes
rom              0x00000000         0x00008000         xr
ram              0x20000000         0x00001000         xrw
*default*        0x00000000         0xffffffff

Linker script and memory map

LOAD c:/program files/cypress/psoc creator/4.3/psoc creator/import/gnu/arm/5.4.1/bin/../lib/gcc/arm-none-eabi/5.4.1/armv6-m/crti.o
LOAD c:/program files/cypress/psoc creator/4.3/psoc creator/import/gnu/arm/5.4.1/bin/../lib/gcc/arm-none-eabi/5.4.1/armv6-m/crtbegin.o
LOAD c:/program files/cypress/psoc creator/4.3/psoc creator/import/gnu/arm/5.4.1/bin/../lib/gcc/arm-none-eabi/5.4.1/../../../../arm-none-eabi/lib/armv6-m/crt0.o
START GROUP
LOAD .\CortexM0\ARM_GCC_541\Debug\main.o
LOAD .\CortexM0\ARM_GCC_541\Debug\UC1608.o
LOAD .\CortexM0\ARM_GCC_541\Debug\cyfitter_cfg.o
LOAD .\CortexM0\ARM_GCC_541\Debug\cymetadata.o
LOAD .\CortexM0\ARM_GCC_541\Debug\Cm0Start.o
LOAD .\CortexM0\ARM_GCC_541\Debug\PeugeotDisplay4245.a
END GROUP
START GROUP
LOAD c:/program files/cypress/psoc creator/4.3/psoc creator/import/gnu/arm/5.4.1/bin/../lib/gcc/arm-none-eabi/5.4.1/armv6-m\libgcc.a
LOAD c:/program files/cypress/psoc creator/4.3/psoc creator/import/gnu/arm/5.4.1/bin/../lib/gcc/arm-none-eabi/5.4.1/../../../../arm-none-eabi/lib/armv6-m\libg_nano.a
LOAD c:/program files/cypress/psoc creator/4.3/psoc creator/import/gnu/arm/5.4.1/bin/../lib/gcc/arm-none-eabi/5.4.1/../../../../arm-none-eabi/lib/armv6-m\libc_nano.a
END GROUP
START GROUP
LOAD c:/program files/cypress/psoc creator/4.3/psoc creator/import/gnu/arm/5.4.1/bin/../lib/gcc/arm-none-eabi/5.4.1/armv6-m\libgcc.a
LOAD c:/program files/cypress/psoc creator/4.3/psoc creator/import/gnu/arm/5.4.1/bin/../lib/gcc/arm-none-eabi/5.4.1/../../../../arm-none-eabi/lib/armv6-m\libc_nano.a
END GROUP
LOAD c:/program files/cypress/psoc creator/4.3/psoc creator/import/gnu/arm/5.4.1/bin/../lib/gcc/arm-none-eabi/5.4.1/armv6-m/crtend.o
LOAD c:/program files/cypress/psoc creator/4.3/psoc creator/import/gnu/arm/5.4.1/bin/../lib/gcc/arm-none-eabi/5.4.1/armv6-m/crtn.o
START GROUP
LOAD c:/program files/cypress/psoc creator/4.3/psoc creator/import/gnu/arm/5.4.1/bin/../lib/gcc/arm-none-eabi/5.4.1/armv6-m\libgcc.a
LOAD c:/program files/cypress/psoc creator/4.3/psoc creator/import/gnu/arm/5.4.1/bin/../lib/gcc/arm-none-eabi/5.4.1/../../../../arm-none-eabi/lib/armv6-m\libc.a
LOAD c:/program files/cypress/psoc creator/4.3/psoc creator/import/gnu/arm/5.4.1/bin/../lib/gcc/arm-none-eabi/5.4.1/../../../../arm-none-eabi/lib/armv6-m\libnosys.a
END GROUP
                0x00000000                CY_APPL_ORIGIN = 0x0
                0x00000080                CY_FLASH_ROW_SIZE = 0x80
                0x00000001                CY_APPL_NUM = 0x1
                0x00000001                CY_APPL_MAX = 0x1
                0x00000040                CY_METADATA_SIZE = 0x40
                0x00000000                CY_APPL_LOADABLE = 0x0
                0x00000000                CY_CHECKSUM_EXCLUDE_SIZE = ALIGN (0x0, CY_FLASH_ROW_SIZE)
                0x00000000                CY_APP_FOR_STACK_AND_COPIER = 0x0
                [!provide]                PROVIDE (__cy_heap_start, _end)
                0x00000001                PROVIDE (__cy_region_num, ((__cy_regions_end - __cy_regions) / 0x10))
                0x20001000                PROVIDE (__cy_stack, (ORIGIN (ram) + LENGTH (ram)))
                [!provide]                PROVIDE (__cy_heap_end, (__cy_stack - 0x400))

.cybootloader   0x00000000        0x0
 *(.cybootloader)
                0x00000000                appl1_start = CY_APPL_ORIGIN?CY_APPL_ORIGIN:ALIGN (CY_FLASH_ROW_SIZE)
                0x00003f80                appl2_start = (appl1_start + ALIGN ((((LENGTH (rom) - appl1_start) - (0x2 * CY_FLASH_ROW_SIZE)) / 0x2), CY_FLASH_ROW_SIZE))
                0x00000000                appl_start = (CY_APPL_NUM == 0x1)?appl1_start:appl2_start
                0x00000001                cy_project_type_bootloader = (appl_start == 0x0)?0x1:0x0
                0x00000000                cy_project_type_app_for_stack_and_copier = (CY_APP_FOR_STACK_AND_COPIER == 0x1)?0x1:0x0

.text           0x00000000      0xc0c
 CREATE_OBJECT_SYMBOLS
                0x00000000                PROVIDE (__cy_interrupt_vector, RomVectors)
 *(.romvectors)
 .romvectors    0x00000000       0x10 .\CortexM0\ARM_GCC_541\Debug\Cm0Start.o
                0x00000000                RomVectors
                0x00000001                ASSERT ((. != __cy_interrupt_vector), No interrupt vector)
                0x00000001                ASSERT (CY_APPL_ORIGIN?(SIZEOF (.cybootloader) <= CY_APPL_ORIGIN):0x1, Wrong image location)
                0x00000010                PROVIDE (__cy_reset, Reset)
 *(.text.Reset)
 .text.Reset    0x00000010        0x8 .\CortexM0\ARM_GCC_541\Debug\Cm0Start.o
                0x00000010                Reset
                0x00000001                ASSERT ((. != __cy_reset), No reset code)
 *(.psocinit)
 .psocinit      0x00000018      0x15c .\CortexM0\ARM_GCC_541\Debug\cyfitter_cfg.o
                0x0000007c                cyfitter_cfg
                0x00000174                . = MAX (., 0x100)
 *(.text .text.* .gnu.linkonce.t.*)
 .text          0x00000174       0x60 c:/program files/cypress/psoc creator/4.3/psoc creator/import/gnu/arm/5.4.1/bin/../lib/gcc/arm-none-eabi/5.4.1/armv6-m/crtbegin.o
 .text.ISR_Reset_Handler
                0x000001d4        0x4 .\CortexM0\ARM_GCC_541\Debug\main.o
                0x000001d4                ISR_Reset_Handler
 .text.ISR_Capture_Handler
                0x000001d8      0x17c .\CortexM0\ARM_GCC_541\Debug\main.o
                0x000001d8                ISR_Capture_Handler
 .text.main     0x00000354       0xa8 .\CortexM0\ARM_GCC_541\Debug\main.o
                0x00000354                main
 .text.UC1608_Write_Command
                0x000003fc       0x14 .\CortexM0\ARM_GCC_541\Debug\UC1608.o
                0x000003fc                UC1608_Write_Command
 .text.UC1608_Write_data
                0x00000410       0x14 .\CortexM0\ARM_GCC_541\Debug\UC1608.o
                0x00000410                UC1608_Write_data
 .text.LCD_Init
                0x00000424       0x84 .\CortexM0\ARM_GCC_541\Debug\UC1608.o
                0x00000424                LCD_Init
 .text.LCD_SetPageAddress
                0x000004a8       0x10 .\CortexM0\ARM_GCC_541\Debug\UC1608.o
                0x000004a8                LCD_SetPageAddress
 .text.LCD_SetColumnAddress
                0x000004b8       0x1c .\CortexM0\ARM_GCC_541\Debug\UC1608.o
                0x000004b8                LCD_SetColumnAddress
 .text.LCD_Clear
                0x000004d4       0x30 .\CortexM0\ARM_GCC_541\Debug\UC1608.o
                0x000004d4                LCD_Clear
 .text.LCD_DisplayNormal
                0x00000504        0xc .\CortexM0\ARM_GCC_541\Debug\UC1608.o
                0x00000504                LCD_DisplayNormal
 .text.LCD_DisplayReverse
                0x00000510        0xc .\CortexM0\ARM_GCC_541\Debug\UC1608.o
                0x00000510                LCD_DisplayReverse
 .text.cfg_write_bytes32
                0x0000051c       0x34 .\CortexM0\ARM_GCC_541\Debug\cyfitter_cfg.o
 .text.CYMEMZERO
                0x00000550        0xc .\CortexM0\ARM_GCC_541\Debug\cyfitter_cfg.o
 .text.IntDefaultHandler
                0x0000055c       0x10 .\CortexM0\ARM_GCC_541\Debug\Cm0Start.o
                0x0000055c                IntDefaultHandler
 .text.Start_c  0x0000056c       0x48 .\CortexM0\ARM_GCC_541\Debug\Cm0Start.o
                0x0000056c                Start_c
 .text.initialize_psoc
                0x000005b4       0x40 .\CortexM0\ARM_GCC_541\Debug\Cm0Start.o
                0x000005b4                initialize_psoc
 .text.A0_Read  0x000005f4       0x10 .\CortexM0\ARM_GCC_541\Debug\PeugeotDisplay4245.a(A0.o)
                0x000005f4                A0_Read
 .text.E_Read   0x00000604       0x10 .\CortexM0\ARM_GCC_541\Debug\PeugeotDisplay4245.a(E.o)
                0x00000604                E_Read
 .text.CyIntEnable
                0x00000614       0x14 .\CortexM0\ARM_GCC_541\Debug\PeugeotDisplay4245.a(CyLib.o)
                0x00000614                CyIntEnable
 .text.CyHalt   0x00000628        0x4 .\CortexM0\ARM_GCC_541\Debug\PeugeotDisplay4245.a(CyLib.o)
                0x00000628                CyHalt
 .text.CyIntSetVector
                0x0000062c       0x24 .\CortexM0\ARM_GCC_541\Debug\PeugeotDisplay4245.a(CyLib.o)
                0x0000062c                CyIntSetVector
 .text.CyDelay  0x00000650       0x30 .\CortexM0\ARM_GCC_541\Debug\PeugeotDisplay4245.a(CyLib.o)
                0x00000650                CyDelay
 .text.CyDelayUs
                0x00000680       0x14 .\CortexM0\ARM_GCC_541\Debug\PeugeotDisplay4245.a(CyLib.o)
                0x00000680                CyDelayUs
 .text.CySysClkWriteImoFreq
                0x00000694      0x164 .\CortexM0\ARM_GCC_541\Debug\PeugeotDisplay4245.a(CyLib.o)
                0x00000694                CySysClkWriteImoFreq
 .text.CySysWdtLocked
                0x000007f8       0x14 .\CortexM0\ARM_GCC_541\Debug\PeugeotDisplay4245.a(CyLFClk.o)
 .text.CySysWdtLock
                0x0000080c       0x1c .\CortexM0\ARM_GCC_541\Debug\PeugeotDisplay4245.a(CyLFClk.o)
                0x0000080c                CySysWdtLock
 .text.CySysWdtUnlock
                0x00000828       0x30 .\CortexM0\ARM_GCC_541\Debug\PeugeotDisplay4245.a(CyLFClk.o)
                0x00000828                CySysWdtUnlock
 .text.CySysWdtClearInterrupt
                0x00000858       0x4c .\CortexM0\ARM_GCC_541\Debug\PeugeotDisplay4245.a(CyLFClk.o)
                0x00000858                CySysWdtClearInterrupt
 .text.CySysWdtIsr
                0x000008a4       0xa4 .\CortexM0\ARM_GCC_541\Debug\PeugeotDisplay4245.a(CyLFClk.o)
                0x000008a4                CySysWdtIsr
 .text.IData_Port_Read
                0x00000948        0xc .\CortexM0\ARM_GCC_541\Debug\PeugeotDisplay4245.a(IData_Port.o)
                0x00000948                IData_Port_Read
 .text.ISR_Reset_SetVector
                0x00000954        0xc .\CortexM0\ARM_GCC_541\Debug\PeugeotDisplay4245.a(ISR_Reset.o)
                0x00000954                ISR_Reset_SetVector
 .text.ISR_Reset_SetPriority
                0x00000960       0x24 .\CortexM0\ARM_GCC_541\Debug\PeugeotDisplay4245.a(ISR_Reset.o)
                0x00000960                ISR_Reset_SetPriority
 .text.ISR_Reset_Enable
                0x00000984        0xc .\CortexM0\ARM_GCC_541\Debug\PeugeotDisplay4245.a(ISR_Reset.o)
                0x00000984                ISR_Reset_Enable
 .text.ISR_Reset_Disable
                0x00000990        0xc .\CortexM0\ARM_GCC_541\Debug\PeugeotDisplay4245.a(ISR_Reset.o)
                0x00000990                ISR_Reset_Disable
 .text.ISR_Reset_StartEx
                0x0000099c       0x1c .\CortexM0\ARM_GCC_541\Debug\PeugeotDisplay4245.a(ISR_Reset.o)
                0x0000099c                ISR_Reset_StartEx
 .text.ISR_Capture_SetVector
                0x000009b8        0xc .\CortexM0\ARM_GCC_541\Debug\PeugeotDisplay4245.a(ISR_Capture.o)
                0x000009b8                ISR_Capture_SetVector
 .text.ISR_Capture_SetPriority
                0x000009c4       0x20 .\CortexM0\ARM_GCC_541\Debug\PeugeotDisplay4245.a(ISR_Capture.o)
                0x000009c4                ISR_Capture_SetPriority
 .text.ISR_Capture_Enable
                0x000009e4        0xc .\CortexM0\ARM_GCC_541\Debug\PeugeotDisplay4245.a(ISR_Capture.o)
                0x000009e4                ISR_Capture_Enable
 .text.ISR_Capture_Disable
                0x000009f0        0xc .\CortexM0\ARM_GCC_541\Debug\PeugeotDisplay4245.a(ISR_Capture.o)
                0x000009f0                ISR_Capture_Disable
 .text.ISR_Capture_StartEx
                0x000009fc       0x1c .\CortexM0\ARM_GCC_541\Debug\PeugeotDisplay4245.a(ISR_Capture.o)
                0x000009fc                ISR_Capture_StartEx
 .text.SPILCD_ScbModePostEnable
                0x00000a18        0x8 .\CortexM0\ARM_GCC_541\Debug\PeugeotDisplay4245.a(SPILCD.o)
 .text.SPILCD_Init
                0x00000a20        0x8 .\CortexM0\ARM_GCC_541\Debug\PeugeotDisplay4245.a(SPILCD.o)
                0x00000a20                SPILCD_Init
 .text.SPILCD_Enable
                0x00000a28       0x18 .\CortexM0\ARM_GCC_541\Debug\PeugeotDisplay4245.a(SPILCD.o)
                0x00000a28                SPILCD_Enable
 .text.SPILCD_Start
                0x00000a40       0x20 .\CortexM0\ARM_GCC_541\Debug\PeugeotDisplay4245.a(SPILCD.o)
                0x00000a40                SPILCD_Start
 .text.SPILCD_SpiUartWriteTxData
                0x00000a60       0x1c .\CortexM0\ARM_GCC_541\Debug\PeugeotDisplay4245.a(SPILCD_SPI_UART.o)
                0x00000a60                SPILCD_SpiUartWriteTxData
 .text.SPILCD_SpiPostEnable
                0x00000a7c       0x24 .\CortexM0\ARM_GCC_541\Debug\PeugeotDisplay4245.a(SPILCD_SPI.o)
                0x00000a7c                SPILCD_SpiPostEnable
 .text.SPILCD_SpiSetActiveSlaveSelect
                0x00000aa0       0x20 .\CortexM0\ARM_GCC_541\Debug\PeugeotDisplay4245.a(SPILCD_SPI.o)
                0x00000aa0                SPILCD_SpiSetActiveSlaveSelect
 .text.SPILCD_SpiInit
                0x00000ac0       0x8c .\CortexM0\ARM_GCC_541\Debug\PeugeotDisplay4245.a(SPILCD_SPI.o)
                0x00000ac0                SPILCD_SpiInit
 .text.LCD_CD_Write
                0x00000b4c       0x18 .\CortexM0\ARM_GCC_541\Debug\PeugeotDisplay4245.a(LCD_CD.o)
                0x00000b4c                LCD_CD_Write
 .text.LCD_RESET_Write
                0x00000b64       0x18 .\CortexM0\ARM_GCC_541\Debug\PeugeotDisplay4245.a(LCD_RESET.o)
                0x00000b64                LCD_RESET_Write
 *fill*         0x00000b7c        0x4 
 .text          0x00000b80       0x24 .\CortexM0\ARM_GCC_541\Debug\PeugeotDisplay4245.a(CyBootAsmGnu.o)
                0x00000b80                CyDelayCycles
                0x00000b94                CyEnterCriticalSection
                0x00000b9c                CyExitCriticalSection
 .text.__errno  0x00000ba4        0xc c:/program files/cypress/psoc creator/4.3/psoc creator/import/gnu/arm/5.4.1/bin/../lib/gcc/arm-none-eabi/5.4.1/../../../../arm-none-eabi/lib/armv6-m\libg_nano.a(lib_a-errno.o)
                0x00000ba4                __errno
 .text.__libc_init_array
                0x00000bb0       0x4c c:/program files/cypress/psoc creator/4.3/psoc creator/import/gnu/arm/5.4.1/bin/../lib/gcc/arm-none-eabi/5.4.1/../../../../arm-none-eabi/lib/armv6-m\libg_nano.a(lib_a-init.o)
                0x00000bb0                __libc_init_array
 .text.memset   0x00000bfc       0x10 c:/program files/cypress/psoc creator/4.3/psoc creator/import/gnu/arm/5.4.1/bin/../lib/gcc/arm-none-eabi/5.4.1/../../../../arm-none-eabi/lib/armv6-m\libg_nano.a(lib_a-memset.o)
                0x00000bfc                memset
 *(.plt)
 *(.gnu.warning)
 *(.glue_7t)
 .glue_7t       0x00000c0c        0x0 linker stubs
 *(.glue_7)
 .glue_7        0x00000c0c        0x0 linker stubs
 *(.vfp11_veneer)
 .vfp11_veneer  0x00000c0c        0x0 linker stubs
 *(.bootloader)
 *(.ARM.extab* .gnu.linkonce.armextab.*)
 *(.gcc_except_table)

.v4_bx          0x00000c0c        0x0
 .v4_bx         0x00000c0c        0x0 linker stubs

.iplt           0x00000c0c        0x0
 .iplt          0x00000c0c        0x0 c:/program files/cypress/psoc creator/4.3/psoc creator/import/gnu/arm/5.4.1/bin/../lib/gcc/arm-none-eabi/5.4.1/armv6-m/crtbegin.o

.eh_frame_hdr
 *(.eh_frame_hdr)

.eh_frame       0x00000c0c        0x4
 *(.eh_frame)
 .eh_frame      0x00000c0c        0x0 c:/program files/cypress/psoc creator/4.3/psoc creator/import/gnu/arm/5.4.1/bin/../lib/gcc/arm-none-eabi/5.4.1/armv6-m/crtbegin.o
 .eh_frame      0x00000c0c        0x4 c:/program files/cypress/psoc creator/4.3/psoc creator/import/gnu/arm/5.4.1/bin/../lib/gcc/arm-none-eabi/5.4.1/armv6-m/crtend.o
                [!provide]                PROVIDE (__exidx_start, .)

.ARM.exidx
 *(.ARM.exidx* .gnu.linkonce.armexidx.*)
                0x00000c10                __exidx_end = .

.rodata         0x00000c10       0x90
 *(.rodata .rodata.* .gnu.linkonce.r.*)
 .rodata        0x00000c10       0x28 .\CortexM0\ARM_GCC_541\Debug\cyfitter_cfg.o
 .rodata        0x00000c38       0x2e .\CortexM0\ARM_GCC_541\Debug\PeugeotDisplay4245.a(CyLib.o)
                0x00000c38                cyImoFreqMhz2Reg
 .rodata.str1.1
                0x00000c66        0x2 c:/program files/cypress/psoc creator/4.3/psoc creator/import/gnu/arm/5.4.1/bin/../lib/gcc/arm-none-eabi/5.4.1/../../../../arm-none-eabi/lib/armv6-m\libg_nano.a(lib_a-impure.o)
                0x00000c68                . = ALIGN (0x4)
 *(.init)
 .init          0x00000c68        0x4 c:/program files/cypress/psoc creator/4.3/psoc creator/import/gnu/arm/5.4.1/bin/../lib/gcc/arm-none-eabi/5.4.1/armv6-m/crti.o
                0x00000c68                _init
 .init          0x00000c6c        0x8 c:/program files/cypress/psoc creator/4.3/psoc creator/import/gnu/arm/5.4.1/bin/../lib/gcc/arm-none-eabi/5.4.1/armv6-m/crtn.o
                0x00000c74                . = ALIGN (0x4)
                0x00000c74                __preinit_array_start = .
 *(.preinit_array)
                0x00000c74                __preinit_array_end = .
                0x00000c74                . = ALIGN (0x4)
                0x00000c74                __init_array_start = .
 *(SORT(.init_array.*))
 *(.init_array)
 .init_array    0x00000c74        0x4 c:/program files/cypress/psoc creator/4.3/psoc creator/import/gnu/arm/5.4.1/bin/../lib/gcc/arm-none-eabi/5.4.1/armv6-m/crtbegin.o
 .init_array    0x00000c78        0x4 .\CortexM0\ARM_GCC_541\Debug\Cm0Start.o
                0x00000c7c                __init_array_end = .
                0x00000c7c                . = ALIGN (0x4)
 *(.fini)
 .fini          0x00000c7c        0x4 c:/program files/cypress/psoc creator/4.3/psoc creator/import/gnu/arm/5.4.1/bin/../lib/gcc/arm-none-eabi/5.4.1/armv6-m/crti.o
                0x00000c7c                _fini
 .fini          0x00000c80        0x8 c:/program files/cypress/psoc creator/4.3/psoc creator/import/gnu/arm/5.4.1/bin/../lib/gcc/arm-none-eabi/5.4.1/armv6-m/crtn.o
                0x00000c88                . = ALIGN (0x4)
                0x00000c88                __fini_array_start = .
 *(.fini_array)
 .fini_array    0x00000c88        0x4 c:/program files/cypress/psoc creator/4.3/psoc creator/import/gnu/arm/5.4.1/bin/../lib/gcc/arm-none-eabi/5.4.1/armv6-m/crtbegin.o
 *(SORT(.fini_array.*))
                0x00000c8c                __fini_array_end = .
                0x00000c8c                . = ALIGN (0x4)
 *crtbegin.o(.ctors)
 *(EXCLUDE_FILE(*crtend.o) .ctors)
 *(SORT(.ctors.*))
 *crtend.o(.ctors)
                0x00000c8c                . = ALIGN (0x4)
 *crtbegin.o(.dtors)
 *(EXCLUDE_FILE(*crtend.o) .dtors)
 *(SORT(.dtors.*))
 *crtend.o(.dtors)
                0x00000c8c                . = ALIGN (0x4)
                0x00000c8c                __cy_regions = .
                0x00000c8c        0x4 LONG 0xca0 __cy_region_init_ram
                0x00000c90        0x4 LONG 0x200000c0 __cy_region_start_data
                0x00000c94        0x4 LONG 0x88 __cy_region_init_size_ram
                0x00000c98        0x4 LONG 0x820 __cy_region_zero_size_ram
                0x00000c9c                __cy_regions_end = .
                0x00000ca0                . = ALIGN (0x8)
 *fill*         0x00000c9c        0x4 
                0x00000ca0                _etext = .

.cy_checksum_exclude
                0x00000ca0        0x0
 *(.cy_checksum_exclude)

.ramvectors     0x20000000       0xc0
                0x20000000                __cy_region_start_ram = .
 *(.ramvectors)
 .ramvectors    0x20000000       0xc0 .\CortexM0\ARM_GCC_541\Debug\Cm0Start.o
                0x20000000                CyRamVectors

.noinit
 *(.noinit)

.data           0x200000c0       0x88 load address 0x00000ca0
                0x200000c0                __cy_region_start_data = .
 *(.jcr)
 .jcr           0x200000c0        0x0 c:/program files/cypress/psoc creator/4.3/psoc creator/import/gnu/arm/5.4.1/bin/../lib/gcc/arm-none-eabi/5.4.1/armv6-m/crtbegin.o
 .jcr           0x200000c0        0x4 c:/program files/cypress/psoc creator/4.3/psoc creator/import/gnu/arm/5.4.1/bin/../lib/gcc/arm-none-eabi/5.4.1/armv6-m/crtend.o
 *(.got.plt)
 *(.got)
 *(.shdata)
 *(.data .data.* .gnu.linkonce.d.*)
 .data          0x200000c4        0x1 .\CortexM0\ARM_GCC_541\Debug\UC1608.o
                0x200000c4                contrast_value
 *fill*         0x200000c5        0x3 
 .data          0x200000c8       0x14 .\CortexM0\ARM_GCC_541\Debug\PeugeotDisplay4245.a(CyLib.o)
                0x200000c8                CySysClkPumpConfig
                0x200000cc                cydelay32kMs
                0x200000d0                cydelayFreqKhz
                0x200000d4                cydelayFreqMhz
                0x200000d8                cydelayFreqHz
 .data          0x200000dc        0x4 .\CortexM0\ARM_GCC_541\Debug\PeugeotDisplay4245.a(CyLFClk.o)
 .data.impure_data
                0x200000e0       0x60 c:/program files/cypress/psoc creator/4.3/psoc creator/import/gnu/arm/5.4.1/bin/../lib/gcc/arm-none-eabi/5.4.1/../../../../arm-none-eabi/lib/armv6-m\libg_nano.a(lib_a-impure.o)
 .data._impure_ptr
                0x20000140        0x4 c:/program files/cypress/psoc creator/4.3/psoc creator/import/gnu/arm/5.4.1/bin/../lib/gcc/arm-none-eabi/5.4.1/../../../../arm-none-eabi/lib/armv6-m\libg_nano.a(lib_a-impure.o)
                0x20000140                _impure_ptr
                0x20000148                . = ALIGN (0x8)
 *fill*         0x20000144        0x4 
 *(.ram)
                0x20000148                _edata = .

.igot.plt       0x20000148        0x0 load address 0x00000d28
 .igot.plt      0x20000148        0x0 c:/program files/cypress/psoc creator/4.3/psoc creator/import/gnu/arm/5.4.1/bin/../lib/gcc/arm-none-eabi/5.4.1/armv6-m/crtbegin.o

.bss            0x20000148      0x820 load address 0x00000d28
                0x20000148                PROVIDE (__bss_start__, .)
 *(.shbss)
 *(.bss .bss.* .gnu.linkonce.b.*)
 .bss           0x20000148       0x1c c:/program files/cypress/psoc creator/4.3/psoc creator/import/gnu/arm/5.4.1/bin/../lib/gcc/arm-none-eabi/5.4.1/armv6-m/crtbegin.o
 .bss           0x20000164        0xb .\CortexM0\ARM_GCC_541\Debug\main.o
                0x20000164                bus_state
                0x20000166                data_buffer_ptr
                0x20000168                column_counter
                0x20000169                page_counter
                0x2000016a                display_set_normal
                0x2000016b                display_set_reverse
                0x2000016c                combined_data
                0x2000016d                data_ready
                0x2000016e                enable_capture
 *fill*         0x2000016f        0x1 
 .bss           0x20000170       0x20 .\CortexM0\ARM_GCC_541\Debug\PeugeotDisplay4245.a(CyLFClk.o)
 .bss           0x20000190        0x4 .\CortexM0\ARM_GCC_541\Debug\PeugeotDisplay4245.a(SPILCD.o)
                0x20000190                SPILCD_initVar
                0x20000192                SPILCD_IntrTxMask
 *(COMMON)
 COMMON         0x20000194      0x7d4 .\CortexM0\ARM_GCC_541\Debug\main.o
                0x20000194                BUS_STATE
                0x20000198                data_buffer
                0x20000968                . = ALIGN (0x8)
 *(.ram.b)
                0x20000968                _end = .
                0x20000968                __end = .
                0x20000968                PROVIDE (end, .)
                0x20000968                PROVIDE (__bss_end__, .)
                0x00000ca0                __cy_region_init_ram = LOADADDR (.data)
                0x00000088                __cy_region_init_size_ram = (_edata - ADDR (.data))
                0x00000820                __cy_region_zero_size_ram = (_end - _edata)

.heap           0x20000968       0x80 load address 0x00000d28
                0x20000968                . = _end
                0x200009e8                . = (. + 0x80)
 *fill*         0x20000968       0x80 
                0x200009e8                __cy_heap_limit = .

.stack          0x20000c00      0x400
                0x20000c00                __cy_stack_limit = .
                0x20001000                . = (. + 0x400)
 *fill*         0x20000c00      0x400 
                0x00000001                ASSERT ((__cy_stack_limit >= __cy_heap_limit), region RAM overflowed with stack)
                0x00000000                cy_checksum_exclude_size = (CY_APPL_LOADABLE == 0x1)?SIZEOF (.cy_checksum_exclude):0x0
                0x00000001                ASSERT ((cy_checksum_exclude_size <= CY_CHECKSUM_EXCLUDE_SIZE), CY_BOOT: Section .cy_checksum_exclude size exceedes specified limit.)
                0x00007fc0                cyloadermeta_start = (cy_project_type_bootloader || cy_project_type_app_for_stack_and_copier)?(LENGTH (rom) - CY_METADATA_SIZE):0xf0000000

.cyloadermeta
 *(.cyloadermeta)
                0x00007fc0                cyloadablemeta_start = cy_project_type_app_for_stack_and_copier?((LENGTH (rom) - CY_FLASH_ROW_SIZE) - CY_METADATA_SIZE):((LENGTH (rom) - (CY_FLASH_ROW_SIZE * (CY_APPL_NUM - 0x1))) - CY_METADATA_SIZE)

.cyloadablemeta
 *(.cyloadablemeta)

.cyflashprotect
                0x90400000       0x20
 *(.cyflashprotect)
 .cyflashprotect
                0x90400000       0x20 .\CortexM0\ARM_GCC_541\Debug\cymetadata.o
                0x90400000                cy_meta_flashprotect

.cymeta         0x90500000        0xc
 *(.cymeta)
 .cymeta        0x90500000        0xc .\CortexM0\ARM_GCC_541\Debug\cymetadata.o
                0x90500000                cy_metadata

.cychipprotect  0x90600000        0x1
 *(.cychipprotect)
 .cychipprotect
                0x90600000        0x1 .\CortexM0\ARM_GCC_541\Debug\cymetadata.o
                0x90600000                cy_meta_chipprotect

.rel.dyn        0x00000d28        0x0 load address 0x90600004
 .rel.iplt      0x00000d28        0x0 c:/program files/cypress/psoc creator/4.3/psoc creator/import/gnu/arm/5.4.1/bin/../lib/gcc/arm-none-eabi/5.4.1/armv6-m/crtbegin.o

.stab
 *(.stab)

.stabstr
 *(.stabstr)

.debug
 *(.debug)

.line
 *(.line)

.debug_srcinfo
 *(.debug_srcinfo)

.debug_sfnames
 *(.debug_sfnames)

.debug_aranges  0x00000000      0x7a8
 *(.debug_aranges)
 .debug_aranges
                0x00000000       0x30 .\CortexM0\ARM_GCC_541\Debug\main.o
 .debug_aranges
                0x00000030       0x60 .\CortexM0\ARM_GCC_541\Debug\UC1608.o
 .debug_aranges
                0x00000090       0x38 .\CortexM0\ARM_GCC_541\Debug\cyfitter_cfg.o
 .debug_aranges
                0x000000c8       0x18 .\CortexM0\ARM_GCC_541\Debug\cymetadata.o
 .debug_aranges
                0x000000e0       0x48 .\CortexM0\ARM_GCC_541\Debug\Cm0Start.o
 .debug_aranges
                0x00000128       0x48 .\CortexM0\ARM_GCC_541\Debug\PeugeotDisplay4245.a(A0.o)
 .debug_aranges
                0x00000170       0x48 .\CortexM0\ARM_GCC_541\Debug\PeugeotDisplay4245.a(E.o)
 .debug_aranges
                0x000001b8      0x180 .\CortexM0\ARM_GCC_541\Debug\PeugeotDisplay4245.a(CyLib.o)
 .debug_aranges
                0x00000338      0x138 .\CortexM0\ARM_GCC_541\Debug\PeugeotDisplay4245.a(CyLFClk.o)
 .debug_aranges
                0x00000470       0x48 .\CortexM0\ARM_GCC_541\Debug\PeugeotDisplay4245.a(IData_Port.o)
 .debug_aranges
                0x000004b8       0x80 .\CortexM0\ARM_GCC_541\Debug\PeugeotDisplay4245.a(ISR_Reset.o)
 .debug_aranges
                0x00000538       0x80 .\CortexM0\ARM_GCC_541\Debug\PeugeotDisplay4245.a(ISR_Capture.o)
 .debug_aranges
                0x000005b8       0x60 .\CortexM0\ARM_GCC_541\Debug\PeugeotDisplay4245.a(SPILCD.o)
 .debug_aranges
                0x00000618       0x60 .\CortexM0\ARM_GCC_541\Debug\PeugeotDisplay4245.a(SPILCD_SPI_UART.o)
 .debug_aranges
                0x00000678       0x38 .\CortexM0\ARM_GCC_541\Debug\PeugeotDisplay4245.a(SPILCD_SPI.o)
 .debug_aranges
                0x000006b0       0x48 .\CortexM0\ARM_GCC_541\Debug\PeugeotDisplay4245.a(SPILCD_sclk_m.o)
 .debug_aranges
                0x000006f8       0x48 .\CortexM0\ARM_GCC_541\Debug\PeugeotDisplay4245.a(LCD_CD.o)
 .debug_aranges
                0x00000740       0x48 .\CortexM0\ARM_GCC_541\Debug\PeugeotDisplay4245.a(LCD_RESET.o)
 .debug_aranges
                0x00000788       0x20 .\CortexM0\ARM_GCC_541\Debug\PeugeotDisplay4245.a(CyBootAsmGnu.o)

.debug_pubnames
 *(.debug_pubnames)

.debug_info     0x00000000     0x3e4a
 *(.debug_info .gnu.linkonce.wi.*)
 .debug_info    0x00000000      0x39e .\CortexM0\ARM_GCC_541\Debug\main.o
 .debug_info    0x0000039e      0x467 .\CortexM0\ARM_GCC_541\Debug\UC1608.o
 .debug_info    0x00000805      0x3a1 .\CortexM0\ARM_GCC_541\Debug\cyfitter_cfg.o
 .debug_info    0x00000ba6       0xf8 .\CortexM0\ARM_GCC_541\Debug\cymetadata.o
 .debug_info    0x00000c9e      0x3a2 .\CortexM0\ARM_GCC_541\Debug\Cm0Start.o
 .debug_info    0x00001040      0x19d .\CortexM0\ARM_GCC_541\Debug\PeugeotDisplay4245.a(A0.o)
 .debug_info    0x000011dd      0x19d .\CortexM0\ARM_GCC_541\Debug\PeugeotDisplay4245.a(E.o)
 .debug_info    0x0000137a      0xaed .\CortexM0\ARM_GCC_541\Debug\PeugeotDisplay4245.a(CyLib.o)
 .debug_info    0x00001e67      0xcfe .\CortexM0\ARM_GCC_541\Debug\PeugeotDisplay4245.a(CyLFClk.o)
 .debug_info    0x00002b65      0x197 .\CortexM0\ARM_GCC_541\Debug\PeugeotDisplay4245.a(IData_Port.o)
 .debug_info    0x00002cfc      0x305 .\CortexM0\ARM_GCC_541\Debug\PeugeotDisplay4245.a(ISR_Reset.o)
 .debug_info    0x00003001      0x305 .\CortexM0\ARM_GCC_541\Debug\PeugeotDisplay4245.a(ISR_Capture.o)
 .debug_info    0x00003306      0x24c .\CortexM0\ARM_GCC_541\Debug\PeugeotDisplay4245.a(SPILCD.o)
 .debug_info    0x00003552      0x220 .\CortexM0\ARM_GCC_541\Debug\PeugeotDisplay4245.a(SPILCD_SPI_UART.o)
 .debug_info    0x00003772      0x15b .\CortexM0\ARM_GCC_541\Debug\PeugeotDisplay4245.a(SPILCD_SPI.o)
 .debug_info    0x000038cd      0x19d .\CortexM0\ARM_GCC_541\Debug\PeugeotDisplay4245.a(SPILCD_sclk_m.o)
 .debug_info    0x00003a6a      0x19d .\CortexM0\ARM_GCC_541\Debug\PeugeotDisplay4245.a(LCD_CD.o)
 .debug_info    0x00003c07      0x19d .\CortexM0\ARM_GCC_541\Debug\PeugeotDisplay4245.a(LCD_RESET.o)
 .debug_info    0x00003da4       0xa6 .\CortexM0\ARM_GCC_541\Debug\PeugeotDisplay4245.a(CyBootAsmGnu.o)

.debug_abbrev   0x00000000     0x14b8
 *(.debug_abbrev)
 .debug_abbrev  0x00000000      0x10e .\CortexM0\ARM_GCC_541\Debug\main.o
 .debug_abbrev  0x0000010e       0xe9 .\CortexM0\ARM_GCC_541\Debug\UC1608.o
 .debug_abbrev  0x000001f7      0x199 .\CortexM0\ARM_GCC_541\Debug\cyfitter_cfg.o
 .debug_abbrev  0x00000390       0x5d .\CortexM0\ARM_GCC_541\Debug\cymetadata.o
 .debug_abbrev  0x000003ed      0x1d7 .\CortexM0\ARM_GCC_541\Debug\Cm0Start.o
 .debug_abbrev  0x000005c4       0xc8 .\CortexM0\ARM_GCC_541\Debug\PeugeotDisplay4245.a(A0.o)
 .debug_abbrev  0x0000068c       0xc8 .\CortexM0\ARM_GCC_541\Debug\PeugeotDisplay4245.a(E.o)
 .debug_abbrev  0x00000754      0x1d3 .\CortexM0\ARM_GCC_541\Debug\PeugeotDisplay4245.a(CyLib.o)
 .debug_abbrev  0x00000927      0x210 .\CortexM0\ARM_GCC_541\Debug\PeugeotDisplay4245.a(CyLFClk.o)
 .debug_abbrev  0x00000b37       0xb9 .\CortexM0\ARM_GCC_541\Debug\PeugeotDisplay4245.a(IData_Port.o)
 .debug_abbrev  0x00000bf0      0x19a .\CortexM0\ARM_GCC_541\Debug\PeugeotDisplay4245.a(ISR_Reset.o)
 .debug_abbrev  0x00000d8a      0x19a .\CortexM0\ARM_GCC_541\Debug\PeugeotDisplay4245.a(ISR_Capture.o)
 .debug_abbrev  0x00000f24       0xed .\CortexM0\ARM_GCC_541\Debug\PeugeotDisplay4245.a(SPILCD.o)
 .debug_abbrev  0x00001011      0x14f .\CortexM0\ARM_GCC_541\Debug\PeugeotDisplay4245.a(SPILCD_SPI_UART.o)
 .debug_abbrev  0x00001160       0xec .\CortexM0\ARM_GCC_541\Debug\PeugeotDisplay4245.a(SPILCD_SPI.o)
 .debug_abbrev  0x0000124c       0xc8 .\CortexM0\ARM_GCC_541\Debug\PeugeotDisplay4245.a(SPILCD_sclk_m.o)
 .debug_abbrev  0x00001314       0xc8 .\CortexM0\ARM_GCC_541\Debug\PeugeotDisplay4245.a(LCD_CD.o)
 .debug_abbrev  0x000013dc       0xc8 .\CortexM0\ARM_GCC_541\Debug\PeugeotDisplay4245.a(LCD_RESET.o)
 .debug_abbrev  0x000014a4       0x14 .\CortexM0\ARM_GCC_541\Debug\PeugeotDisplay4245.a(CyBootAsmGnu.o)

.debug_line     0x00000000     0x1aff
 *(.debug_line)
 .debug_line    0x00000000      0x16c .\CortexM0\ARM_GCC_541\Debug\main.o
 .debug_line    0x0000016c      0x160 .\CortexM0\ARM_GCC_541\Debug\UC1608.o
 .debug_line    0x000002cc      0x15c .\CortexM0\ARM_GCC_541\Debug\cyfitter_cfg.o
 .debug_line    0x00000428      0x135 .\CortexM0\ARM_GCC_541\Debug\cymetadata.o
 .debug_line    0x0000055d      0x229 .\CortexM0\ARM_GCC_541\Debug\Cm0Start.o
 .debug_line    0x00000786       0xba .\CortexM0\ARM_GCC_541\Debug\PeugeotDisplay4245.a(A0.o)
 .debug_line    0x00000840       0xb9 .\CortexM0\ARM_GCC_541\Debug\PeugeotDisplay4245.a(E.o)
 .debug_line    0x000008f9      0x460 .\CortexM0\ARM_GCC_541\Debug\PeugeotDisplay4245.a(CyLib.o)
 .debug_line    0x00000d59      0x466 .\CortexM0\ARM_GCC_541\Debug\PeugeotDisplay4245.a(CyLFClk.o)
 .debug_line    0x000011bf       0xc7 .\CortexM0\ARM_GCC_541\Debug\PeugeotDisplay4245.a(IData_Port.o)
 .debug_line    0x00001286      0x155 .\CortexM0\ARM_GCC_541\Debug\PeugeotDisplay4245.a(ISR_Reset.o)
 .debug_line    0x000013db      0x153 .\CortexM0\ARM_GCC_541\Debug\PeugeotDisplay4245.a(ISR_Capture.o)
 .debug_line    0x0000152e      0x12d .\CortexM0\ARM_GCC_541\Debug\PeugeotDisplay4245.a(SPILCD.o)
 .debug_line    0x0000165b      0x11c .\CortexM0\ARM_GCC_541\Debug\PeugeotDisplay4245.a(SPILCD_SPI_UART.o)
 .debug_line    0x00001777       0xdb .\CortexM0\ARM_GCC_541\Debug\PeugeotDisplay4245.a(SPILCD_SPI.o)
 .debug_line    0x00001852       0xc5 .\CortexM0\ARM_GCC_541\Debug\PeugeotDisplay4245.a(SPILCD_sclk_m.o)
 .debug_line    0x00001917       0xbe .\CortexM0\ARM_GCC_541\Debug\PeugeotDisplay4245.a(LCD_CD.o)
 .debug_line    0x000019d5       0xc1 .\CortexM0\ARM_GCC_541\Debug\PeugeotDisplay4245.a(LCD_RESET.o)
 .debug_line    0x00001a96       0x69 .\CortexM0\ARM_GCC_541\Debug\PeugeotDisplay4245.a(CyBootAsmGnu.o)

.debug_frame    0x00000000     0x11bc
 *(.debug_frame)
 .debug_frame   0x00000000       0x68 .\CortexM0\ARM_GCC_541\Debug\main.o
 .debug_frame   0x00000068      0x110 .\CortexM0\ARM_GCC_541\Debug\UC1608.o
 .debug_frame   0x00000178       0x8c .\CortexM0\ARM_GCC_541\Debug\cyfitter_cfg.o
 .debug_frame   0x00000204       0xbc .\CortexM0\ARM_GCC_541\Debug\Cm0Start.o
 .debug_frame   0x000002c0       0x70 .\CortexM0\ARM_GCC_541\Debug\PeugeotDisplay4245.a(A0.o)
 .debug_frame   0x00000330       0x70 .\CortexM0\ARM_GCC_541\Debug\PeugeotDisplay4245.a(E.o)
 .debug_frame   0x000003a0      0x3e0 .\CortexM0\ARM_GCC_541\Debug\PeugeotDisplay4245.a(CyLib.o)
 .debug_frame   0x00000780      0x3a8 .\CortexM0\ARM_GCC_541\Debug\PeugeotDisplay4245.a(CyLFClk.o)
 .debug_frame   0x00000b28       0x70 .\CortexM0\ARM_GCC_541\Debug\PeugeotDisplay4245.a(IData_Port.o)
 .debug_frame   0x00000b98      0x110 .\CortexM0\ARM_GCC_541\Debug\PeugeotDisplay4245.a(ISR_Reset.o)
 .debug_frame   0x00000ca8      0x110 .\CortexM0\ARM_GCC_541\Debug\PeugeotDisplay4245.a(ISR_Capture.o)
 .debug_frame   0x00000db8       0xe8 .\CortexM0\ARM_GCC_541\Debug\PeugeotDisplay4245.a(SPILCD.o)
 .debug_frame   0x00000ea0       0xb0 .\CortexM0\ARM_GCC_541\Debug\PeugeotDisplay4245.a(SPILCD_SPI_UART.o)
 .debug_frame   0x00000f50       0x68 .\CortexM0\ARM_GCC_541\Debug\PeugeotDisplay4245.a(SPILCD_SPI.o)
 .debug_frame   0x00000fb8       0x70 .\CortexM0\ARM_GCC_541\Debug\PeugeotDisplay4245.a(SPILCD_sclk_m.o)
 .debug_frame   0x00001028       0x70 .\CortexM0\ARM_GCC_541\Debug\PeugeotDisplay4245.a(LCD_CD.o)
 .debug_frame   0x00001098       0x70 .\CortexM0\ARM_GCC_541\Debug\PeugeotDisplay4245.a(LCD_RESET.o)
 .debug_frame   0x00001108       0x20 c:/program files/cypress/psoc creator/4.3/psoc creator/import/gnu/arm/5.4.1/bin/../lib/gcc/arm-none-eabi/5.4.1/armv6-m\libgcc.a(_udivsi3.o)
 .debug_frame   0x00001128       0x20 c:/program files/cypress/psoc creator/4.3/psoc creator/import/gnu/arm/5.4.1/bin/../lib/gcc/arm-none-eabi/5.4.1/../../../../arm-none-eabi/lib/armv6-m\libg_nano.a(lib_a-errno.o)
 .debug_frame   0x00001148       0x28 c:/program files/cypress/psoc creator/4.3/psoc creator/import/gnu/arm/5.4.1/bin/../lib/gcc/arm-none-eabi/5.4.1/../../../../arm-none-eabi/lib/armv6-m\libg_nano.a(lib_a-exit.o)
 .debug_frame   0x00001170       0x2c c:/program files/cypress/psoc creator/4.3/psoc creator/import/gnu/arm/5.4.1/bin/../lib/gcc/arm-none-eabi/5.4.1/../../../../arm-none-eabi/lib/armv6-m\libg_nano.a(lib_a-init.o)
 .debug_frame   0x0000119c       0x20 c:/program files/cypress/psoc creator/4.3/psoc creator/import/gnu/arm/5.4.1/bin/../lib/gcc/arm-none-eabi/5.4.1/../../../../arm-none-eabi/lib/armv6-m\libg_nano.a(lib_a-memset.o)

.debug_str      0x00000000     0x1903
 *(.debug_str)
 .debug_str     0x00000000      0x32e .\CortexM0\ARM_GCC_541\Debug\main.o
                                0x377 (size before relaxing)
 .debug_str     0x0000032e       0x84 .\CortexM0\ARM_GCC_541\Debug\UC1608.o
                                0x29e (size before relaxing)
 .debug_str     0x000003b2      0x114 .\CortexM0\ARM_GCC_541\Debug\cyfitter_cfg.o
                                0x2db (size before relaxing)
 .debug_str     0x000004c6       0xbf .\CortexM0\ARM_GCC_541\Debug\cymetadata.o
                                0x1e2 (size before relaxing)
 .debug_str     0x00000585      0x13a .\CortexM0\ARM_GCC_541\Debug\Cm0Start.o
                                0x317 (size before relaxing)
 .debug_str     0x000006bf       0x93 .\CortexM0\ARM_GCC_541\Debug\PeugeotDisplay4245.a(A0.o)
                                0x237 (size before relaxing)
 .debug_str     0x00000752       0x64 .\CortexM0\ARM_GCC_541\Debug\PeugeotDisplay4245.a(E.o)
                                0x230 (size before relaxing)
 .debug_str     0x000007b6      0x4c2 .\CortexM0\ARM_GCC_541\Debug\PeugeotDisplay4245.a(CyLib.o)
                                0x6cc (size before relaxing)
 .debug_str     0x00000c78      0x52b .\CortexM0\ARM_GCC_541\Debug\PeugeotDisplay4245.a(CyLFClk.o)
                                0x753 (size before relaxing)
 .debug_str     0x000011a3       0x9a .\CortexM0\ARM_GCC_541\Debug\PeugeotDisplay4245.a(IData_Port.o)
                                0x26f (size before relaxing)
 .debug_str     0x0000123d      0x11b .\CortexM0\ARM_GCC_541\Debug\PeugeotDisplay4245.a(ISR_Reset.o)
                                0x338 (size before relaxing)
 .debug_str     0x00001358      0x126 .\CortexM0\ARM_GCC_541\Debug\PeugeotDisplay4245.a(ISR_Capture.o)
                                0x354 (size before relaxing)
 .debug_str     0x0000147e      0x12c .\CortexM0\ARM_GCC_541\Debug\PeugeotDisplay4245.a(SPILCD.o)
                                0x2e4 (size before relaxing)
 .debug_str     0x000015aa      0x12f .\CortexM0\ARM_GCC_541\Debug\PeugeotDisplay4245.a(SPILCD_SPI_UART.o)
                                0x2f8 (size before relaxing)
 .debug_str     0x000016d9       0x6b .\CortexM0\ARM_GCC_541\Debug\PeugeotDisplay4245.a(SPILCD_SPI.o)
                                0x255 (size before relaxing)
 .debug_str     0x00001744       0xab .\CortexM0\ARM_GCC_541\Debug\PeugeotDisplay4245.a(SPILCD_sclk_m.o)
                                0x284 (size before relaxing)
 .debug_str     0x000017ef       0x81 .\CortexM0\ARM_GCC_541\Debug\PeugeotDisplay4245.a(LCD_CD.o)
                                0x253 (size before relaxing)
 .debug_str     0x00001870       0x93 .\CortexM0\ARM_GCC_541\Debug\PeugeotDisplay4245.a(LCD_RESET.o)
                                0x268 (size before relaxing)

.debug_loc      0x00000000     0x1960
 *(.debug_loc)
 .debug_loc     0x00000000       0xef .\CortexM0\ARM_GCC_541\Debug\main.o
 .debug_loc     0x000000ef       0xf9 .\CortexM0\ARM_GCC_541\Debug\UC1608.o
 .debug_loc     0x000001e8      0x118 .\CortexM0\ARM_GCC_541\Debug\cyfitter_cfg.o
 .debug_loc     0x00000300      0x14f .\CortexM0\ARM_GCC_541\Debug\Cm0Start.o
 .debug_loc     0x0000044f       0xa2 .\CortexM0\ARM_GCC_541\Debug\PeugeotDisplay4245.a(A0.o)
 .debug_loc     0x000004f1       0xa2 .\CortexM0\ARM_GCC_541\Debug\PeugeotDisplay4245.a(E.o)
 .debug_loc     0x00000593      0x599 .\CortexM0\ARM_GCC_541\Debug\PeugeotDisplay4245.a(CyLib.o)
 .debug_loc     0x00000b2c      0x9b5 .\CortexM0\ARM_GCC_541\Debug\PeugeotDisplay4245.a(CyLFClk.o)
 .debug_loc     0x000014e1       0x42 .\CortexM0\ARM_GCC_541\Debug\PeugeotDisplay4245.a(IData_Port.o)
 .debug_loc     0x00001523       0x82 .\CortexM0\ARM_GCC_541\Debug\PeugeotDisplay4245.a(ISR_Reset.o)
 .debug_loc     0x000015a5       0x82 .\CortexM0\ARM_GCC_541\Debug\PeugeotDisplay4245.a(ISR_Capture.o)
 .debug_loc     0x00001627       0x7e .\CortexM0\ARM_GCC_541\Debug\PeugeotDisplay4245.a(SPILCD.o)
 .debug_loc     0x000016a5       0x96 .\CortexM0\ARM_GCC_541\Debug\PeugeotDisplay4245.a(SPILCD_SPI_UART.o)
 .debug_loc     0x0000173b       0x3f .\CortexM0\ARM_GCC_541\Debug\PeugeotDisplay4245.a(SPILCD_SPI.o)
 .debug_loc     0x0000177a       0xa2 .\CortexM0\ARM_GCC_541\Debug\PeugeotDisplay4245.a(SPILCD_sclk_m.o)
 .debug_loc     0x0000181c       0xa2 .\CortexM0\ARM_GCC_541\Debug\PeugeotDisplay4245.a(LCD_CD.o)
 .debug_loc     0x000018be       0xa2 .\CortexM0\ARM_GCC_541\Debug\PeugeotDisplay4245.a(LCD_RESET.o)

.debug_macinfo
 *(.debug_macinfo)

.debug_ranges   0x00000000      0x660
 *(.debug_ranges)
 .debug_ranges  0x00000000       0x20 .\CortexM0\ARM_GCC_541\Debug\main.o
 .debug_ranges  0x00000020       0x50 .\CortexM0\ARM_GCC_541\Debug\UC1608.o
 .debug_ranges  0x00000070       0x28 .\CortexM0\ARM_GCC_541\Debug\cyfitter_cfg.o
 .debug_ranges  0x00000098       0x38 .\CortexM0\ARM_GCC_541\Debug\Cm0Start.o
 .debug_ranges  0x000000d0       0x38 .\CortexM0\ARM_GCC_541\Debug\PeugeotDisplay4245.a(A0.o)
 .debug_ranges  0x00000108       0x38 .\CortexM0\ARM_GCC_541\Debug\PeugeotDisplay4245.a(E.o)
 .debug_ranges  0x00000140      0x170 .\CortexM0\ARM_GCC_541\Debug\PeugeotDisplay4245.a(CyLib.o)
 .debug_ranges  0x000002b0      0x128 .\CortexM0\ARM_GCC_541\Debug\PeugeotDisplay4245.a(CyLFClk.o)
 .debug_ranges  0x000003d8       0x38 .\CortexM0\ARM_GCC_541\Debug\PeugeotDisplay4245.a(IData_Port.o)
 .debug_ranges  0x00000410       0x70 .\CortexM0\ARM_GCC_541\Debug\PeugeotDisplay4245.a(ISR_Reset.o)
 .debug_ranges  0x00000480       0x70 .\CortexM0\ARM_GCC_541\Debug\PeugeotDisplay4245.a(ISR_Capture.o)
 .debug_ranges  0x000004f0       0x50 .\CortexM0\ARM_GCC_541\Debug\PeugeotDisplay4245.a(SPILCD.o)
 .debug_ranges  0x00000540       0x50 .\CortexM0\ARM_GCC_541\Debug\PeugeotDisplay4245.a(SPILCD_SPI_UART.o)
 .debug_ranges  0x00000590       0x28 .\CortexM0\ARM_GCC_541\Debug\PeugeotDisplay4245.a(SPILCD_SPI.o)
 .debug_ranges  0x000005b8       0x38 .\CortexM0\ARM_GCC_541\Debug\PeugeotDisplay4245.a(SPILCD_sclk_m.o)
 .debug_ranges  0x000005f0       0x38 .\CortexM0\ARM_GCC_541\Debug\PeugeotDisplay4245.a(LCD_CD.o)
 .debug_ranges  0x00000628       0x38 .\CortexM0\ARM_GCC_541\Debug\PeugeotDisplay4245.a(LCD_RESET.o)

.comment        0x00000000       0x6e
 .comment       0x00000000       0x6e .\CortexM0\ARM_GCC_541\Debug\main.o
                                 0x6f (size before relaxing)
 .comment       0x0000006e       0x6f .\CortexM0\ARM_GCC_541\Debug\UC1608.o
 .comment       0x0000006e       0x6f .\CortexM0\ARM_GCC_541\Debug\cyfitter_cfg.o
 .comment       0x0000006e       0x6f .\CortexM0\ARM_GCC_541\Debug\cymetadata.o
 .comment       0x0000006e       0x6f .\CortexM0\ARM_GCC_541\Debug\Cm0Start.o
 .comment       0x0000006e       0x6f .\CortexM0\ARM_GCC_541\Debug\PeugeotDisplay4245.a(A0.o)
 .comment       0x0000006e       0x6f .\CortexM0\ARM_GCC_541\Debug\PeugeotDisplay4245.a(E.o)
 .comment       0x0000006e       0x6f .\CortexM0\ARM_GCC_541\Debug\PeugeotDisplay4245.a(CyLib.o)
 .comment       0x0000006e       0x6f .\CortexM0\ARM_GCC_541\Debug\PeugeotDisplay4245.a(CyLFClk.o)
 .comment       0x0000006e       0x6f .\CortexM0\ARM_GCC_541\Debug\PeugeotDisplay4245.a(IData_Port.o)
 .comment       0x0000006e       0x6f .\CortexM0\ARM_GCC_541\Debug\PeugeotDisplay4245.a(ISR_Reset.o)
 .comment       0x0000006e       0x6f .\CortexM0\ARM_GCC_541\Debug\PeugeotDisplay4245.a(ISR_Capture.o)
 .comment       0x0000006e       0x6f .\CortexM0\ARM_GCC_541\Debug\PeugeotDisplay4245.a(SPILCD.o)
 .comment       0x0000006e       0x6f .\CortexM0\ARM_GCC_541\Debug\PeugeotDisplay4245.a(SPILCD_SPI_UART.o)
 .comment       0x0000006e       0x6f .\CortexM0\ARM_GCC_541\Debug\PeugeotDisplay4245.a(SPILCD_SPI.o)
 .comment       0x0000006e       0x6f .\CortexM0\ARM_GCC_541\Debug\PeugeotDisplay4245.a(SPILCD_sclk_m.o)
 .comment       0x0000006e       0x6f .\CortexM0\ARM_GCC_541\Debug\PeugeotDisplay4245.a(LCD_CD.o)
 .comment       0x0000006e       0x6f .\CortexM0\ARM_GCC_541\Debug\PeugeotDisplay4245.a(LCD_RESET.o)

.debug_weaknames
 *(.debug_weaknames)

.debug_funcnames
 *(.debug_funcnames)

.debug_typenames
 *(.debug_typenames)

.debug_varnames
 *(.debug_varnames)

.note.gnu.arm.ident
 *(.note.gnu.arm.ident)

.ARM.attributes
                0x00000000       0x28
 *(.ARM.attributes)
 .ARM.attributes
                0x00000000       0x1e c:/program files/cypress/psoc creator/4.3/psoc creator/import/gnu/arm/5.4.1/bin/../lib/gcc/arm-none-eabi/5.4.1/armv6-m/crti.o
 .ARM.attributes
                0x0000001e       0x2c c:/program files/cypress/psoc creator/4.3/psoc creator/import/gnu/arm/5.4.1/bin/../lib/gcc/arm-none-eabi/5.4.1/armv6-m/crtbegin.o
 .ARM.attributes
                0x0000004a       0x1b c:/program files/cypress/psoc creator/4.3/psoc creator/import/gnu/arm/5.4.1/bin/../lib/gcc/arm-none-eabi/5.4.1/../../../../arm-none-eabi/lib/armv6-m/crt0.o
 .ARM.attributes
                0x00000065       0x31 .\CortexM0\ARM_GCC_541\Debug\main.o
 .ARM.attributes
                0x00000096       0x31 .\CortexM0\ARM_GCC_541\Debug\UC1608.o
 .ARM.attributes
                0x000000c7       0x31 .\CortexM0\ARM_GCC_541\Debug\cyfitter_cfg.o
 .ARM.attributes
                0x000000f8       0x31 .\CortexM0\ARM_GCC_541\Debug\cymetadata.o
 .ARM.attributes
                0x00000129       0x31 .\CortexM0\ARM_GCC_541\Debug\Cm0Start.o
 .ARM.attributes
                0x0000015a       0x31 .\CortexM0\ARM_GCC_541\Debug\PeugeotDisplay4245.a(A0.o)
 .ARM.attributes
                0x0000018b       0x31 .\CortexM0\ARM_GCC_541\Debug\PeugeotDisplay4245.a(E.o)
 .ARM.attributes
                0x000001bc       0x31 .\CortexM0\ARM_GCC_541\Debug\PeugeotDisplay4245.a(CyLib.o)
 .ARM.attributes
                0x000001ed       0x31 .\CortexM0\ARM_GCC_541\Debug\PeugeotDisplay4245.a(CyLFClk.o)
 .ARM.attributes
                0x0000021e       0x31 .\CortexM0\ARM_GCC_541\Debug\PeugeotDisplay4245.a(IData_Port.o)
 .ARM.attributes
                0x0000024f       0x31 .\CortexM0\ARM_GCC_541\Debug\PeugeotDisplay4245.a(ISR_Reset.o)
 .ARM.attributes
                0x00000280       0x31 .\CortexM0\ARM_GCC_541\Debug\PeugeotDisplay4245.a(ISR_Capture.o)
 .ARM.attributes
                0x000002b1       0x31 .\CortexM0\ARM_GCC_541\Debug\PeugeotDisplay4245.a(SPILCD.o)
 .ARM.attributes
                0x000002e2       0x31 .\CortexM0\ARM_GCC_541\Debug\PeugeotDisplay4245.a(SPILCD_SPI_UART.o)
 .ARM.attributes
                0x00000313       0x31 .\CortexM0\ARM_GCC_541\Debug\PeugeotDisplay4245.a(SPILCD_SPI.o)
 .ARM.attributes
                0x00000344       0x31 .\CortexM0\ARM_GCC_541\Debug\PeugeotDisplay4245.a(SPILCD_sclk_m.o)
 .ARM.attributes
                0x00000375       0x31 .\CortexM0\ARM_GCC_541\Debug\PeugeotDisplay4245.a(LCD_CD.o)
 .ARM.attributes
                0x000003a6       0x31 .\CortexM0\ARM_GCC_541\Debug\PeugeotDisplay4245.a(LCD_RESET.o)
 .ARM.attributes
                0x000003d7       0x21 .\CortexM0\ARM_GCC_541\Debug\PeugeotDisplay4245.a(CyBootAsmGnu.o)
 .ARM.attributes
                0x000003f8       0x1e c:/program files/cypress/psoc creator/4.3/psoc creator/import/gnu/arm/5.4.1/bin/../lib/gcc/arm-none-eabi/5.4.1/armv6-m\libgcc.a(_udivsi3.o)
 .ARM.attributes
                0x00000416       0x1e c:/program files/cypress/psoc creator/4.3/psoc creator/import/gnu/arm/5.4.1/bin/../lib/gcc/arm-none-eabi/5.4.1/armv6-m\libgcc.a(_dvmd_tls.o)
 .ARM.attributes
                0x00000434       0x2c c:/program files/cypress/psoc creator/4.3/psoc creator/import/gnu/arm/5.4.1/bin/../lib/gcc/arm-none-eabi/5.4.1/../../../../arm-none-eabi/lib/armv6-m\libg_nano.a(lib_a-errno.o)
 .ARM.attributes
                0x00000460       0x2c c:/program files/cypress/psoc creator/4.3/psoc creator/import/gnu/arm/5.4.1/bin/../lib/gcc/arm-none-eabi/5.4.1/../../../../arm-none-eabi/lib/armv6-m\libg_nano.a(lib_a-exit.o)
 .ARM.attributes
                0x0000048c       0x2c c:/program files/cypress/psoc creator/4.3/psoc creator/import/gnu/arm/5.4.1/bin/../lib/gcc/arm-none-eabi/5.4.1/../../../../arm-none-eabi/lib/armv6-m\libg_nano.a(lib_a-impure.o)
 .ARM.attributes
                0x000004b8       0x2c c:/program files/cypress/psoc creator/4.3/psoc creator/import/gnu/arm/5.4.1/bin/../lib/gcc/arm-none-eabi/5.4.1/../../../../arm-none-eabi/lib/armv6-m\libg_nano.a(lib_a-init.o)
 .ARM.attributes
                0x000004e4       0x2c c:/program files/cypress/psoc creator/4.3/psoc creator/import/gnu/arm/5.4.1/bin/../lib/gcc/arm-none-eabi/5.4.1/../../../../arm-none-eabi/lib/armv6-m\libg_nano.a(lib_a-memset.o)
 .ARM.attributes
                0x00000510       0x2c c:/program files/cypress/psoc creator/4.3/psoc creator/import/gnu/arm/5.4.1/bin/../lib/gcc/arm-none-eabi/5.4.1/armv6-m/crtend.o
 .ARM.attributes
                0x0000053c       0x1e c:/program files/cypress/psoc creator/4.3/psoc creator/import/gnu/arm/5.4.1/bin/../lib/gcc/arm-none-eabi/5.4.1/armv6-m/crtn.o

/DISCARD/
 *(.note.GNU-stack)
OUTPUT(C:\HackingChips\Peugeot3008Display\Firmware\PeugeotDisplay4245\PeugeotDisplay4245.cydsn\CortexM0\ARM_GCC_541\Debug\PeugeotDisplay4245.elf elf32-littlearm)
